/scratch/ash/IIIT_Labels/val/stadium_3/image/0000000171.png    /scratch/ash/IIIT_Labels/val/stadium_3/labels/0000000171.png
/scratch/ash/IIIT_Labels/val/stadium_3/image/0000000217.png    /scratch/ash/IIIT_Labels/val/stadium_3/labels/0000000217.png
/scratch/ash/IIIT_Labels/val/stadium_3/image/0000000097.png    /scratch/ash/IIIT_Labels/val/stadium_3/labels/0000000097.png
/scratch/ash/IIIT_Labels/val/stadium_3/image/0000000165.png    /scratch/ash/IIIT_Labels/val/stadium_3/labels/0000000165.png
/scratch/ash/IIIT_Labels/val/stadium_3/image/0000000285.png    /scratch/ash/IIIT_Labels/val/stadium_3/labels/0000000285.png
/scratch/ash/IIIT_Labels/val/stadium_3/image/0000000265.png    /scratch/ash/IIIT_Labels/val/stadium_3/labels/0000000265.png
/scratch/ash/IIIT_Labels/val/stadium_3/image/0000000295.png    /scratch/ash/IIIT_Labels/val/stadium_3/labels/0000000295.png
/scratch/ash/IIIT_Labels/val/stadium_3/image/0000000149.png    /scratch/ash/IIIT_Labels/val/stadium_3/labels/0000000149.png
/scratch/ash/IIIT_Labels/val/stadium_3/image/0000000063.png    /scratch/ash/IIIT_Labels/val/stadium_3/labels/0000000063.png
/scratch/ash/IIIT_Labels/val/stadium_3/image/0000000315.png    /scratch/ash/IIIT_Labels/val/stadium_3/labels/0000000315.png
/scratch/ash/IIIT_Labels/val/stadium_3/image/0000000421.png    /scratch/ash/IIIT_Labels/val/stadium_3/labels/0000000421.png
/scratch/ash/IIIT_Labels/val/stadium_3/image/0000000283.png    /scratch/ash/IIIT_Labels/val/stadium_3/labels/0000000283.png
/scratch/ash/IIIT_Labels/val/stadium_3/image/0000000039.png    /scratch/ash/IIIT_Labels/val/stadium_3/labels/0000000039.png
/scratch/ash/IIIT_Labels/val/stadium_3/image/0000000329.png    /scratch/ash/IIIT_Labels/val/stadium_3/labels/0000000329.png
/scratch/ash/IIIT_Labels/val/stadium_3/image/0000000327.png    /scratch/ash/IIIT_Labels/val/stadium_3/labels/0000000327.png
/scratch/ash/IIIT_Labels/val/stadium_3/image/0000000015.png    /scratch/ash/IIIT_Labels/val/stadium_3/labels/0000000015.png
/scratch/ash/IIIT_Labels/val/stadium_3/image/0000000017.png    /scratch/ash/IIIT_Labels/val/stadium_3/labels/0000000017.png
/scratch/ash/IIIT_Labels/val/stadium_3/image/0000000099.png    /scratch/ash/IIIT_Labels/val/stadium_3/labels/0000000099.png
/scratch/ash/IIIT_Labels/val/stadium_3/image/0000000025.png    /scratch/ash/IIIT_Labels/val/stadium_3/labels/0000000025.png
/scratch/ash/IIIT_Labels/val/stadium_3/image/0000000135.png    /scratch/ash/IIIT_Labels/val/stadium_3/labels/0000000135.png
/scratch/ash/IIIT_Labels/val/stadium_3/image/0000000297.png    /scratch/ash/IIIT_Labels/val/stadium_3/labels/0000000297.png
/scratch/ash/IIIT_Labels/val/stadium_3/image/0000000381.png    /scratch/ash/IIIT_Labels/val/stadium_3/labels/0000000381.png
/scratch/ash/IIIT_Labels/val/stadium_3/image/0000000303.png    /scratch/ash/IIIT_Labels/val/stadium_3/labels/0000000303.png
/scratch/ash/IIIT_Labels/val/stadium_3/image/0000000125.png    /scratch/ash/IIIT_Labels/val/stadium_3/labels/0000000125.png
/scratch/ash/IIIT_Labels/val/stadium_3/image/0000000213.png    /scratch/ash/IIIT_Labels/val/stadium_3/labels/0000000213.png
/scratch/ash/IIIT_Labels/val/stadium_3/image/0000000151.png    /scratch/ash/IIIT_Labels/val/stadium_3/labels/0000000151.png
/scratch/ash/IIIT_Labels/val/stadium_3/image/0000000229.png    /scratch/ash/IIIT_Labels/val/stadium_3/labels/0000000229.png
/scratch/ash/IIIT_Labels/val/stadium_3/image/0000000369.png    /scratch/ash/IIIT_Labels/val/stadium_3/labels/0000000369.png
/scratch/ash/IIIT_Labels/val/stadium_3/image/0000000347.png    /scratch/ash/IIIT_Labels/val/stadium_3/labels/0000000347.png
/scratch/ash/IIIT_Labels/val/stadium_3/image/0000000131.png    /scratch/ash/IIIT_Labels/val/stadium_3/labels/0000000131.png
/scratch/ash/IIIT_Labels/val/stadium_3/image/0000000185.png    /scratch/ash/IIIT_Labels/val/stadium_3/labels/0000000185.png
/scratch/ash/IIIT_Labels/val/stadium_3/image/0000000357.png    /scratch/ash/IIIT_Labels/val/stadium_3/labels/0000000357.png
/scratch/ash/IIIT_Labels/val/stadium_3/image/0000000363.png    /scratch/ash/IIIT_Labels/val/stadium_3/labels/0000000363.png
/scratch/ash/IIIT_Labels/val/stadium_3/image/0000000109.png    /scratch/ash/IIIT_Labels/val/stadium_3/labels/0000000109.png
/scratch/ash/IIIT_Labels/val/stadium_3/image/0000000401.png    /scratch/ash/IIIT_Labels/val/stadium_3/labels/0000000401.png
/scratch/ash/IIIT_Labels/val/stadium_3/image/0000000361.png    /scratch/ash/IIIT_Labels/val/stadium_3/labels/0000000361.png
/scratch/ash/IIIT_Labels/val/stadium_3/image/0000000367.png    /scratch/ash/IIIT_Labels/val/stadium_3/labels/0000000367.png
/scratch/ash/IIIT_Labels/val/stadium_3/image/0000000359.png    /scratch/ash/IIIT_Labels/val/stadium_3/labels/0000000359.png
/scratch/ash/IIIT_Labels/val/stadium_3/image/0000000225.png    /scratch/ash/IIIT_Labels/val/stadium_3/labels/0000000225.png
/scratch/ash/IIIT_Labels/val/stadium_3/image/0000000117.png    /scratch/ash/IIIT_Labels/val/stadium_3/labels/0000000117.png
/scratch/ash/IIIT_Labels/val/stadium_3/image/0000000133.png    /scratch/ash/IIIT_Labels/val/stadium_3/labels/0000000133.png
/scratch/ash/IIIT_Labels/val/stadium_3/image/0000000415.png    /scratch/ash/IIIT_Labels/val/stadium_3/labels/0000000415.png
/scratch/ash/IIIT_Labels/val/stadium_3/image/0000000219.png    /scratch/ash/IIIT_Labels/val/stadium_3/labels/0000000219.png
/scratch/ash/IIIT_Labels/val/stadium_3/image/0000000083.png    /scratch/ash/IIIT_Labels/val/stadium_3/labels/0000000083.png
/scratch/ash/IIIT_Labels/val/stadium_3/image/0000000169.png    /scratch/ash/IIIT_Labels/val/stadium_3/labels/0000000169.png
/scratch/ash/IIIT_Labels/val/stadium_3/image/0000000321.png    /scratch/ash/IIIT_Labels/val/stadium_3/labels/0000000321.png
/scratch/ash/IIIT_Labels/val/stadium_3/image/0000000009.png    /scratch/ash/IIIT_Labels/val/stadium_3/labels/0000000009.png
/scratch/ash/IIIT_Labels/val/stadium_3/image/0000000227.png    /scratch/ash/IIIT_Labels/val/stadium_3/labels/0000000227.png
/scratch/ash/IIIT_Labels/val/stadium_3/image/0000000035.png    /scratch/ash/IIIT_Labels/val/stadium_3/labels/0000000035.png
/scratch/ash/IIIT_Labels/val/stadium_3/image/0000000385.png    /scratch/ash/IIIT_Labels/val/stadium_3/labels/0000000385.png
/scratch/ash/IIIT_Labels/val/stadium_3/image/0000000247.png    /scratch/ash/IIIT_Labels/val/stadium_3/labels/0000000247.png
/scratch/ash/IIIT_Labels/val/stadium_3/image/0000000245.png    /scratch/ash/IIIT_Labels/val/stadium_3/labels/0000000245.png
/scratch/ash/IIIT_Labels/val/stadium_3/image/0000000053.png    /scratch/ash/IIIT_Labels/val/stadium_3/labels/0000000053.png
/scratch/ash/IIIT_Labels/val/stadium_3/image/0000000045.png    /scratch/ash/IIIT_Labels/val/stadium_3/labels/0000000045.png
/scratch/ash/IIIT_Labels/val/stadium_3/image/0000000343.png    /scratch/ash/IIIT_Labels/val/stadium_3/labels/0000000343.png
/scratch/ash/IIIT_Labels/val/stadium_3/image/0000000287.png    /scratch/ash/IIIT_Labels/val/stadium_3/labels/0000000287.png
/scratch/ash/IIIT_Labels/val/stadium_3/image/0000000201.png    /scratch/ash/IIIT_Labels/val/stadium_3/labels/0000000201.png
/scratch/ash/IIIT_Labels/val/stadium_3/image/0000000261.png    /scratch/ash/IIIT_Labels/val/stadium_3/labels/0000000261.png
/scratch/ash/IIIT_Labels/val/stadium_3/image/0000000205.png    /scratch/ash/IIIT_Labels/val/stadium_3/labels/0000000205.png
/scratch/ash/IIIT_Labels/val/stadium_3/image/0000000081.png    /scratch/ash/IIIT_Labels/val/stadium_3/labels/0000000081.png
/scratch/ash/IIIT_Labels/val/stadium_3/image/0000000221.png    /scratch/ash/IIIT_Labels/val/stadium_3/labels/0000000221.png
/scratch/ash/IIIT_Labels/val/stadium_3/image/0000000183.png    /scratch/ash/IIIT_Labels/val/stadium_3/labels/0000000183.png
/scratch/ash/IIIT_Labels/val/stadium_3/image/0000000047.png    /scratch/ash/IIIT_Labels/val/stadium_3/labels/0000000047.png
/scratch/ash/IIIT_Labels/val/stadium_3/image/0000000119.png    /scratch/ash/IIIT_Labels/val/stadium_3/labels/0000000119.png
/scratch/ash/IIIT_Labels/val/stadium_3/image/0000000399.png    /scratch/ash/IIIT_Labels/val/stadium_3/labels/0000000399.png
/scratch/ash/IIIT_Labels/val/stadium_3/image/0000000405.png    /scratch/ash/IIIT_Labels/val/stadium_3/labels/0000000405.png
/scratch/ash/IIIT_Labels/val/stadium_3/image/0000000113.png    /scratch/ash/IIIT_Labels/val/stadium_3/labels/0000000113.png
/scratch/ash/IIIT_Labels/val/stadium_3/image/0000000033.png    /scratch/ash/IIIT_Labels/val/stadium_3/labels/0000000033.png
/scratch/ash/IIIT_Labels/val/stadium_3/image/0000000101.png    /scratch/ash/IIIT_Labels/val/stadium_3/labels/0000000101.png
/scratch/ash/IIIT_Labels/val/stadium_3/image/0000000103.png    /scratch/ash/IIIT_Labels/val/stadium_3/labels/0000000103.png
/scratch/ash/IIIT_Labels/val/stadium_3/image/0000000095.png    /scratch/ash/IIIT_Labels/val/stadium_3/labels/0000000095.png
/scratch/ash/IIIT_Labels/val/stadium_3/image/0000000091.png    /scratch/ash/IIIT_Labels/val/stadium_3/labels/0000000091.png
/scratch/ash/IIIT_Labels/val/stadium_3/image/0000000141.png    /scratch/ash/IIIT_Labels/val/stadium_3/labels/0000000141.png
/scratch/ash/IIIT_Labels/val/stadium_3/image/0000000251.png    /scratch/ash/IIIT_Labels/val/stadium_3/labels/0000000251.png
/scratch/ash/IIIT_Labels/val/stadium_3/image/0000000193.png    /scratch/ash/IIIT_Labels/val/stadium_3/labels/0000000193.png
/scratch/ash/IIIT_Labels/val/stadium_3/image/0000000049.png    /scratch/ash/IIIT_Labels/val/stadium_3/labels/0000000049.png
/scratch/ash/IIIT_Labels/val/stadium_3/image/0000000031.png    /scratch/ash/IIIT_Labels/val/stadium_3/labels/0000000031.png
/scratch/ash/IIIT_Labels/val/stadium_3/image/0000000023.png    /scratch/ash/IIIT_Labels/val/stadium_3/labels/0000000023.png
/scratch/ash/IIIT_Labels/val/stadium_3/image/0000000159.png    /scratch/ash/IIIT_Labels/val/stadium_3/labels/0000000159.png
/scratch/ash/IIIT_Labels/val/stadium_3/image/0000000163.png    /scratch/ash/IIIT_Labels/val/stadium_3/labels/0000000163.png
/scratch/ash/IIIT_Labels/val/stadium_3/image/0000000087.png    /scratch/ash/IIIT_Labels/val/stadium_3/labels/0000000087.png
/scratch/ash/IIIT_Labels/val/stadium_3/image/0000000071.png    /scratch/ash/IIIT_Labels/val/stadium_3/labels/0000000071.png
/scratch/ash/IIIT_Labels/val/stadium_3/image/0000000175.png    /scratch/ash/IIIT_Labels/val/stadium_3/labels/0000000175.png
/scratch/ash/IIIT_Labels/val/stadium_3/image/0000000371.png    /scratch/ash/IIIT_Labels/val/stadium_3/labels/0000000371.png
/scratch/ash/IIIT_Labels/val/stadium_3/image/0000000313.png    /scratch/ash/IIIT_Labels/val/stadium_3/labels/0000000313.png
/scratch/ash/IIIT_Labels/val/stadium_3/image/0000000177.png    /scratch/ash/IIIT_Labels/val/stadium_3/labels/0000000177.png
/scratch/ash/IIIT_Labels/val/stadium_3/image/0000000323.png    /scratch/ash/IIIT_Labels/val/stadium_3/labels/0000000323.png
/scratch/ash/IIIT_Labels/val/stadium_3/image/0000000273.png    /scratch/ash/IIIT_Labels/val/stadium_3/labels/0000000273.png
/scratch/ash/IIIT_Labels/val/stadium_3/image/0000000271.png    /scratch/ash/IIIT_Labels/val/stadium_3/labels/0000000271.png
/scratch/ash/IIIT_Labels/val/stadium_3/image/0000000067.png    /scratch/ash/IIIT_Labels/val/stadium_3/labels/0000000067.png
/scratch/ash/IIIT_Labels/val/stadium_3/image/0000000243.png    /scratch/ash/IIIT_Labels/val/stadium_3/labels/0000000243.png
/scratch/ash/IIIT_Labels/val/stadium_3/image/0000000011.png    /scratch/ash/IIIT_Labels/val/stadium_3/labels/0000000011.png
/scratch/ash/IIIT_Labels/val/stadium_3/image/0000000267.png    /scratch/ash/IIIT_Labels/val/stadium_3/labels/0000000267.png
/scratch/ash/IIIT_Labels/val/stadium_3/image/0000000199.png    /scratch/ash/IIIT_Labels/val/stadium_3/labels/0000000199.png
/scratch/ash/IIIT_Labels/val/stadium_3/image/0000000279.png    /scratch/ash/IIIT_Labels/val/stadium_3/labels/0000000279.png
/scratch/ash/IIIT_Labels/val/stadium_3/image/0000000255.png    /scratch/ash/IIIT_Labels/val/stadium_3/labels/0000000255.png
/scratch/ash/IIIT_Labels/val/stadium_3/image/0000000077.png    /scratch/ash/IIIT_Labels/val/stadium_3/labels/0000000077.png
/scratch/ash/IIIT_Labels/val/stadium_3/image/0000000235.png    /scratch/ash/IIIT_Labels/val/stadium_3/labels/0000000235.png
/scratch/ash/IIIT_Labels/val/stadium_3/image/0000000409.png    /scratch/ash/IIIT_Labels/val/stadium_3/labels/0000000409.png
/scratch/ash/IIIT_Labels/val/stadium_3/image/0000000389.png    /scratch/ash/IIIT_Labels/val/stadium_3/labels/0000000389.png
/scratch/ash/IIIT_Labels/val/stadium_3/image/0000000319.png    /scratch/ash/IIIT_Labels/val/stadium_3/labels/0000000319.png
/scratch/ash/IIIT_Labels/val/stadium_3/image/0000000335.png    /scratch/ash/IIIT_Labels/val/stadium_3/labels/0000000335.png
/scratch/ash/IIIT_Labels/val/stadium_3/image/0000000197.png    /scratch/ash/IIIT_Labels/val/stadium_3/labels/0000000197.png
/scratch/ash/IIIT_Labels/val/stadium_3/image/0000000353.png    /scratch/ash/IIIT_Labels/val/stadium_3/labels/0000000353.png
/scratch/ash/IIIT_Labels/val/stadium_3/image/0000000209.png    /scratch/ash/IIIT_Labels/val/stadium_3/labels/0000000209.png
/scratch/ash/IIIT_Labels/val/stadium_3/image/0000000275.png    /scratch/ash/IIIT_Labels/val/stadium_3/labels/0000000275.png
/scratch/ash/IIIT_Labels/val/stadium_3/image/0000000241.png    /scratch/ash/IIIT_Labels/val/stadium_3/labels/0000000241.png
/scratch/ash/IIIT_Labels/val/stadium_3/image/0000000393.png    /scratch/ash/IIIT_Labels/val/stadium_3/labels/0000000393.png
/scratch/ash/IIIT_Labels/val/stadium_3/image/0000000089.png    /scratch/ash/IIIT_Labels/val/stadium_3/labels/0000000089.png
/scratch/ash/IIIT_Labels/val/stadium_3/image/0000000355.png    /scratch/ash/IIIT_Labels/val/stadium_3/labels/0000000355.png
/scratch/ash/IIIT_Labels/val/stadium_3/image/0000000059.png    /scratch/ash/IIIT_Labels/val/stadium_3/labels/0000000059.png
/scratch/ash/IIIT_Labels/val/stadium_3/image/0000000121.png    /scratch/ash/IIIT_Labels/val/stadium_3/labels/0000000121.png
/scratch/ash/IIIT_Labels/val/stadium_3/image/0000000407.png    /scratch/ash/IIIT_Labels/val/stadium_3/labels/0000000407.png
/scratch/ash/IIIT_Labels/val/stadium_3/image/0000000143.png    /scratch/ash/IIIT_Labels/val/stadium_3/labels/0000000143.png
/scratch/ash/IIIT_Labels/val/stadium_3/image/0000000105.png    /scratch/ash/IIIT_Labels/val/stadium_3/labels/0000000105.png
/scratch/ash/IIIT_Labels/val/stadium_3/image/0000000043.png    /scratch/ash/IIIT_Labels/val/stadium_3/labels/0000000043.png
/scratch/ash/IIIT_Labels/val/stadium_3/image/0000000339.png    /scratch/ash/IIIT_Labels/val/stadium_3/labels/0000000339.png
/scratch/ash/IIIT_Labels/val/stadium_3/image/0000000387.png    /scratch/ash/IIIT_Labels/val/stadium_3/labels/0000000387.png
/scratch/ash/IIIT_Labels/val/stadium_3/image/0000000395.png    /scratch/ash/IIIT_Labels/val/stadium_3/labels/0000000395.png
/scratch/ash/IIIT_Labels/val/stadium_3/image/0000000379.png    /scratch/ash/IIIT_Labels/val/stadium_3/labels/0000000379.png
/scratch/ash/IIIT_Labels/val/stadium_3/image/0000000391.png    /scratch/ash/IIIT_Labels/val/stadium_3/labels/0000000391.png
/scratch/ash/IIIT_Labels/val/stadium_3/image/0000000181.png    /scratch/ash/IIIT_Labels/val/stadium_3/labels/0000000181.png
/scratch/ash/IIIT_Labels/val/stadium_3/image/0000000383.png    /scratch/ash/IIIT_Labels/val/stadium_3/labels/0000000383.png
/scratch/ash/IIIT_Labels/val/stadium_3/image/0000000231.png    /scratch/ash/IIIT_Labels/val/stadium_3/labels/0000000231.png
/scratch/ash/IIIT_Labels/val/stadium_3/image/0000000061.png    /scratch/ash/IIIT_Labels/val/stadium_3/labels/0000000061.png
/scratch/ash/IIIT_Labels/val/stadium_3/image/0000000003.png    /scratch/ash/IIIT_Labels/val/stadium_3/labels/0000000003.png
/scratch/ash/IIIT_Labels/val/stadium_3/image/0000000153.png    /scratch/ash/IIIT_Labels/val/stadium_3/labels/0000000153.png
/scratch/ash/IIIT_Labels/val/stadium_3/image/0000000277.png    /scratch/ash/IIIT_Labels/val/stadium_3/labels/0000000277.png
/scratch/ash/IIIT_Labels/val/stadium_3/image/0000000191.png    /scratch/ash/IIIT_Labels/val/stadium_3/labels/0000000191.png
/scratch/ash/IIIT_Labels/val/stadium_3/image/0000000139.png    /scratch/ash/IIIT_Labels/val/stadium_3/labels/0000000139.png
/scratch/ash/IIIT_Labels/val/stadium_3/image/0000000411.png    /scratch/ash/IIIT_Labels/val/stadium_3/labels/0000000411.png
/scratch/ash/IIIT_Labels/val/stadium_3/image/0000000351.png    /scratch/ash/IIIT_Labels/val/stadium_3/labels/0000000351.png
/scratch/ash/IIIT_Labels/val/stadium_3/image/0000000173.png    /scratch/ash/IIIT_Labels/val/stadium_3/labels/0000000173.png
/scratch/ash/IIIT_Labels/val/stadium_3/image/0000000195.png    /scratch/ash/IIIT_Labels/val/stadium_3/labels/0000000195.png
/scratch/ash/IIIT_Labels/val/stadium_3/image/0000000249.png    /scratch/ash/IIIT_Labels/val/stadium_3/labels/0000000249.png
/scratch/ash/IIIT_Labels/val/stadium_3/image/0000000037.png    /scratch/ash/IIIT_Labels/val/stadium_3/labels/0000000037.png
/scratch/ash/IIIT_Labels/val/stadium_3/image/0000000055.png    /scratch/ash/IIIT_Labels/val/stadium_3/labels/0000000055.png
/scratch/ash/IIIT_Labels/val/stadium_3/image/0000000013.png    /scratch/ash/IIIT_Labels/val/stadium_3/labels/0000000013.png
/scratch/ash/IIIT_Labels/val/stadium_3/image/0000000263.png    /scratch/ash/IIIT_Labels/val/stadium_3/labels/0000000263.png
/scratch/ash/IIIT_Labels/val/stadium_3/image/0000000417.png    /scratch/ash/IIIT_Labels/val/stadium_3/labels/0000000417.png
/scratch/ash/IIIT_Labels/val/stadium_3/image/0000000051.png    /scratch/ash/IIIT_Labels/val/stadium_3/labels/0000000051.png
/scratch/ash/IIIT_Labels/val/stadium_3/image/0000000129.png    /scratch/ash/IIIT_Labels/val/stadium_3/labels/0000000129.png
/scratch/ash/IIIT_Labels/val/stadium_3/image/0000000293.png    /scratch/ash/IIIT_Labels/val/stadium_3/labels/0000000293.png
/scratch/ash/IIIT_Labels/val/stadium_3/image/0000000291.png    /scratch/ash/IIIT_Labels/val/stadium_3/labels/0000000291.png
/scratch/ash/IIIT_Labels/val/stadium_3/image/0000000019.png    /scratch/ash/IIIT_Labels/val/stadium_3/labels/0000000019.png
/scratch/ash/IIIT_Labels/val/stadium_3/image/0000000301.png    /scratch/ash/IIIT_Labels/val/stadium_3/labels/0000000301.png
/scratch/ash/IIIT_Labels/val/stadium_3/image/0000000093.png    /scratch/ash/IIIT_Labels/val/stadium_3/labels/0000000093.png
/scratch/ash/IIIT_Labels/val/stadium_3/image/0000000001.png    /scratch/ash/IIIT_Labels/val/stadium_3/labels/0000000001.png
/scratch/ash/IIIT_Labels/val/stadium_3/image/0000000069.png    /scratch/ash/IIIT_Labels/val/stadium_3/labels/0000000069.png
/scratch/ash/IIIT_Labels/val/stadium_3/image/0000000333.png    /scratch/ash/IIIT_Labels/val/stadium_3/labels/0000000333.png
/scratch/ash/IIIT_Labels/val/stadium_3/image/0000000211.png    /scratch/ash/IIIT_Labels/val/stadium_3/labels/0000000211.png
/scratch/ash/IIIT_Labels/val/stadium_3/image/0000000269.png    /scratch/ash/IIIT_Labels/val/stadium_3/labels/0000000269.png
/scratch/ash/IIIT_Labels/val/stadium_3/image/0000000057.png    /scratch/ash/IIIT_Labels/val/stadium_3/labels/0000000057.png
/scratch/ash/IIIT_Labels/val/stadium_3/image/0000000365.png    /scratch/ash/IIIT_Labels/val/stadium_3/labels/0000000365.png
/scratch/ash/IIIT_Labels/val/stadium_3/image/0000000345.png    /scratch/ash/IIIT_Labels/val/stadium_3/labels/0000000345.png
/scratch/ash/IIIT_Labels/val/stadium_3/image/0000000331.png    /scratch/ash/IIIT_Labels/val/stadium_3/labels/0000000331.png
/scratch/ash/IIIT_Labels/val/stadium_3/image/0000000041.png    /scratch/ash/IIIT_Labels/val/stadium_3/labels/0000000041.png
/scratch/ash/IIIT_Labels/val/stadium_3/image/0000000299.png    /scratch/ash/IIIT_Labels/val/stadium_3/labels/0000000299.png
/scratch/ash/IIIT_Labels/val/stadium_3/image/0000000075.png    /scratch/ash/IIIT_Labels/val/stadium_3/labels/0000000075.png
/scratch/ash/IIIT_Labels/val/stadium_3/image/0000000127.png    /scratch/ash/IIIT_Labels/val/stadium_3/labels/0000000127.png
/scratch/ash/IIIT_Labels/val/stadium_3/image/0000000167.png    /scratch/ash/IIIT_Labels/val/stadium_3/labels/0000000167.png
/scratch/ash/IIIT_Labels/val/stadium_3/image/0000000341.png    /scratch/ash/IIIT_Labels/val/stadium_3/labels/0000000341.png
/scratch/ash/IIIT_Labels/val/stadium_3/image/0000000007.png    /scratch/ash/IIIT_Labels/val/stadium_3/labels/0000000007.png
/scratch/ash/IIIT_Labels/val/stadium_3/image/0000000207.png    /scratch/ash/IIIT_Labels/val/stadium_3/labels/0000000207.png
/scratch/ash/IIIT_Labels/val/stadium_3/image/0000000107.png    /scratch/ash/IIIT_Labels/val/stadium_3/labels/0000000107.png
/scratch/ash/IIIT_Labels/val/stadium_3/image/0000000005.png    /scratch/ash/IIIT_Labels/val/stadium_3/labels/0000000005.png
/scratch/ash/IIIT_Labels/val/stadium_3/image/0000000111.png    /scratch/ash/IIIT_Labels/val/stadium_3/labels/0000000111.png
/scratch/ash/IIIT_Labels/val/stadium_3/image/0000000259.png    /scratch/ash/IIIT_Labels/val/stadium_3/labels/0000000259.png
/scratch/ash/IIIT_Labels/val/stadium_3/image/0000000375.png    /scratch/ash/IIIT_Labels/val/stadium_3/labels/0000000375.png
/scratch/ash/IIIT_Labels/val/stadium_3/image/0000000029.png    /scratch/ash/IIIT_Labels/val/stadium_3/labels/0000000029.png
/scratch/ash/IIIT_Labels/val/stadium_3/image/0000000145.png    /scratch/ash/IIIT_Labels/val/stadium_3/labels/0000000145.png
/scratch/ash/IIIT_Labels/val/stadium_3/image/0000000085.png    /scratch/ash/IIIT_Labels/val/stadium_3/labels/0000000085.png
/scratch/ash/IIIT_Labels/val/stadium_3/image/0000000237.png    /scratch/ash/IIIT_Labels/val/stadium_3/labels/0000000237.png
/scratch/ash/IIIT_Labels/val/stadium_3/image/0000000373.png    /scratch/ash/IIIT_Labels/val/stadium_3/labels/0000000373.png
/scratch/ash/IIIT_Labels/val/stadium_3/image/0000000309.png    /scratch/ash/IIIT_Labels/val/stadium_3/labels/0000000309.png
/scratch/ash/IIIT_Labels/val/stadium_3/image/0000000137.png    /scratch/ash/IIIT_Labels/val/stadium_3/labels/0000000137.png
/scratch/ash/IIIT_Labels/val/stadium_3/image/0000000377.png    /scratch/ash/IIIT_Labels/val/stadium_3/labels/0000000377.png
/scratch/ash/IIIT_Labels/val/stadium_3/image/0000000065.png    /scratch/ash/IIIT_Labels/val/stadium_3/labels/0000000065.png
/scratch/ash/IIIT_Labels/val/stadium_3/image/0000000233.png    /scratch/ash/IIIT_Labels/val/stadium_3/labels/0000000233.png
/scratch/ash/IIIT_Labels/val/stadium_3/image/0000000289.png    /scratch/ash/IIIT_Labels/val/stadium_3/labels/0000000289.png
/scratch/ash/IIIT_Labels/val/stadium_3/image/0000000325.png    /scratch/ash/IIIT_Labels/val/stadium_3/labels/0000000325.png
/scratch/ash/IIIT_Labels/val/stadium_3/image/0000000073.png    /scratch/ash/IIIT_Labels/val/stadium_3/labels/0000000073.png
/scratch/ash/IIIT_Labels/val/stadium_3/image/0000000317.png    /scratch/ash/IIIT_Labels/val/stadium_3/labels/0000000317.png
/scratch/ash/IIIT_Labels/val/stadium_3/image/0000000189.png    /scratch/ash/IIIT_Labels/val/stadium_3/labels/0000000189.png
/scratch/ash/IIIT_Labels/val/stadium_3/image/0000000021.png    /scratch/ash/IIIT_Labels/val/stadium_3/labels/0000000021.png
/scratch/ash/IIIT_Labels/val/stadium_3/image/0000000027.png    /scratch/ash/IIIT_Labels/val/stadium_3/labels/0000000027.png
/scratch/ash/IIIT_Labels/val/stadium_3/image/0000000349.png    /scratch/ash/IIIT_Labels/val/stadium_3/labels/0000000349.png
/scratch/ash/IIIT_Labels/val/stadium_3/image/0000000157.png    /scratch/ash/IIIT_Labels/val/stadium_3/labels/0000000157.png
/scratch/ash/IIIT_Labels/val/stadium_3/image/0000000281.png    /scratch/ash/IIIT_Labels/val/stadium_3/labels/0000000281.png
/scratch/ash/IIIT_Labels/val/stadium_3/image/0000000123.png    /scratch/ash/IIIT_Labels/val/stadium_3/labels/0000000123.png
/scratch/ash/IIIT_Labels/val/stadium_3/image/0000000337.png    /scratch/ash/IIIT_Labels/val/stadium_3/labels/0000000337.png
/scratch/ash/IIIT_Labels/val/stadium_3/image/0000000419.png    /scratch/ash/IIIT_Labels/val/stadium_3/labels/0000000419.png
/scratch/ash/IIIT_Labels/val/stadium_3/image/0000000413.png    /scratch/ash/IIIT_Labels/val/stadium_3/labels/0000000413.png
/scratch/ash/IIIT_Labels/val/stadium_3/image/0000000223.png    /scratch/ash/IIIT_Labels/val/stadium_3/labels/0000000223.png
/scratch/ash/IIIT_Labels/val/stadium_3/image/0000000305.png    /scratch/ash/IIIT_Labels/val/stadium_3/labels/0000000305.png
/scratch/ash/IIIT_Labels/val/stadium_3/image/0000000311.png    /scratch/ash/IIIT_Labels/val/stadium_3/labels/0000000311.png
/scratch/ash/IIIT_Labels/val/stadium_3/image/0000000253.png    /scratch/ash/IIIT_Labels/val/stadium_3/labels/0000000253.png
/scratch/ash/IIIT_Labels/val/stadium_3/image/0000000187.png    /scratch/ash/IIIT_Labels/val/stadium_3/labels/0000000187.png
/scratch/ash/IIIT_Labels/val/stadium_3/image/0000000155.png    /scratch/ash/IIIT_Labels/val/stadium_3/labels/0000000155.png
/scratch/ash/IIIT_Labels/val/stadium_3/image/0000000397.png    /scratch/ash/IIIT_Labels/val/stadium_3/labels/0000000397.png
/scratch/ash/IIIT_Labels/val/stadium_3/image/0000000239.png    /scratch/ash/IIIT_Labels/val/stadium_3/labels/0000000239.png
/scratch/ash/IIIT_Labels/val/stadium_3/image/0000000215.png    /scratch/ash/IIIT_Labels/val/stadium_3/labels/0000000215.png
/scratch/ash/IIIT_Labels/val/stadium_3/image/0000000203.png    /scratch/ash/IIIT_Labels/val/stadium_3/labels/0000000203.png
/scratch/ash/IIIT_Labels/val/stadium_3/image/0000000403.png    /scratch/ash/IIIT_Labels/val/stadium_3/labels/0000000403.png
/scratch/ash/IIIT_Labels/val/stadium_3/image/0000000257.png    /scratch/ash/IIIT_Labels/val/stadium_3/labels/0000000257.png
/scratch/ash/IIIT_Labels/val/stadium_3/image/0000000147.png    /scratch/ash/IIIT_Labels/val/stadium_3/labels/0000000147.png
/scratch/ash/IIIT_Labels/val/stadium_3/image/0000000079.png    /scratch/ash/IIIT_Labels/val/stadium_3/labels/0000000079.png
/scratch/ash/IIIT_Labels/val/stadium_3/image/0000000307.png    /scratch/ash/IIIT_Labels/val/stadium_3/labels/0000000307.png
/scratch/ash/IIIT_Labels/val/stadium_3/image/0000000115.png    /scratch/ash/IIIT_Labels/val/stadium_3/labels/0000000115.png
/scratch/ash/IIIT_Labels/val/vindhya_2/image/0000000459.png    /scratch/ash/IIIT_Labels/val/vindhya_2/labels/0000000459.png
/scratch/ash/IIIT_Labels/val/vindhya_2/image/0000000575.png    /scratch/ash/IIIT_Labels/val/vindhya_2/labels/0000000575.png
/scratch/ash/IIIT_Labels/val/vindhya_2/image/0000000171.png    /scratch/ash/IIIT_Labels/val/vindhya_2/labels/0000000171.png
/scratch/ash/IIIT_Labels/val/vindhya_2/image/0000000597.png    /scratch/ash/IIIT_Labels/val/vindhya_2/labels/0000000597.png
/scratch/ash/IIIT_Labels/val/vindhya_2/image/0000000217.png    /scratch/ash/IIIT_Labels/val/vindhya_2/labels/0000000217.png
/scratch/ash/IIIT_Labels/val/vindhya_2/image/0000000165.png    /scratch/ash/IIIT_Labels/val/vindhya_2/labels/0000000165.png
/scratch/ash/IIIT_Labels/val/vindhya_2/image/0000000265.png    /scratch/ash/IIIT_Labels/val/vindhya_2/labels/0000000265.png
/scratch/ash/IIIT_Labels/val/vindhya_2/image/0000000503.png    /scratch/ash/IIIT_Labels/val/vindhya_2/labels/0000000503.png
/scratch/ash/IIIT_Labels/val/vindhya_2/image/0000000295.png    /scratch/ash/IIIT_Labels/val/vindhya_2/labels/0000000295.png
/scratch/ash/IIIT_Labels/val/vindhya_2/image/0000000149.png    /scratch/ash/IIIT_Labels/val/vindhya_2/labels/0000000149.png
/scratch/ash/IIIT_Labels/val/vindhya_2/image/0000000505.png    /scratch/ash/IIIT_Labels/val/vindhya_2/labels/0000000505.png
/scratch/ash/IIIT_Labels/val/vindhya_2/image/0000000315.png    /scratch/ash/IIIT_Labels/val/vindhya_2/labels/0000000315.png
/scratch/ash/IIIT_Labels/val/vindhya_2/image/0000000421.png    /scratch/ash/IIIT_Labels/val/vindhya_2/labels/0000000421.png
/scratch/ash/IIIT_Labels/val/vindhya_2/image/0000000679.png    /scratch/ash/IIIT_Labels/val/vindhya_2/labels/0000000679.png
/scratch/ash/IIIT_Labels/val/vindhya_2/image/0000000465.png    /scratch/ash/IIIT_Labels/val/vindhya_2/labels/0000000465.png
/scratch/ash/IIIT_Labels/val/vindhya_2/image/0000000649.png    /scratch/ash/IIIT_Labels/val/vindhya_2/labels/0000000649.png
/scratch/ash/IIIT_Labels/val/vindhya_2/image/0000000283.png    /scratch/ash/IIIT_Labels/val/vindhya_2/labels/0000000283.png
/scratch/ash/IIIT_Labels/val/vindhya_2/image/0000000669.png    /scratch/ash/IIIT_Labels/val/vindhya_2/labels/0000000669.png
/scratch/ash/IIIT_Labels/val/vindhya_2/image/0000000497.png    /scratch/ash/IIIT_Labels/val/vindhya_2/labels/0000000497.png
/scratch/ash/IIIT_Labels/val/vindhya_2/image/0000000039.png    /scratch/ash/IIIT_Labels/val/vindhya_2/labels/0000000039.png
/scratch/ash/IIIT_Labels/val/vindhya_2/image/0000000329.png    /scratch/ash/IIIT_Labels/val/vindhya_2/labels/0000000329.png
/scratch/ash/IIIT_Labels/val/vindhya_2/image/0000000435.png    /scratch/ash/IIIT_Labels/val/vindhya_2/labels/0000000435.png
/scratch/ash/IIIT_Labels/val/vindhya_2/image/0000000327.png    /scratch/ash/IIIT_Labels/val/vindhya_2/labels/0000000327.png
/scratch/ash/IIIT_Labels/val/vindhya_2/image/0000000509.png    /scratch/ash/IIIT_Labels/val/vindhya_2/labels/0000000509.png
/scratch/ash/IIIT_Labels/val/vindhya_2/image/0000000495.png    /scratch/ash/IIIT_Labels/val/vindhya_2/labels/0000000495.png
/scratch/ash/IIIT_Labels/val/vindhya_2/image/0000000623.png    /scratch/ash/IIIT_Labels/val/vindhya_2/labels/0000000623.png
/scratch/ash/IIIT_Labels/val/vindhya_2/image/0000000135.png    /scratch/ash/IIIT_Labels/val/vindhya_2/labels/0000000135.png
/scratch/ash/IIIT_Labels/val/vindhya_2/image/0000000381.png    /scratch/ash/IIIT_Labels/val/vindhya_2/labels/0000000381.png
/scratch/ash/IIIT_Labels/val/vindhya_2/image/0000000567.png    /scratch/ash/IIIT_Labels/val/vindhya_2/labels/0000000567.png
/scratch/ash/IIIT_Labels/val/vindhya_2/image/0000000687.png    /scratch/ash/IIIT_Labels/val/vindhya_2/labels/0000000687.png
/scratch/ash/IIIT_Labels/val/vindhya_2/image/0000000303.png    /scratch/ash/IIIT_Labels/val/vindhya_2/labels/0000000303.png
/scratch/ash/IIIT_Labels/val/vindhya_2/image/0000000657.png    /scratch/ash/IIIT_Labels/val/vindhya_2/labels/0000000657.png
/scratch/ash/IIIT_Labels/val/vindhya_2/image/0000000677.png    /scratch/ash/IIIT_Labels/val/vindhya_2/labels/0000000677.png
/scratch/ash/IIIT_Labels/val/vindhya_2/image/0000000453.png    /scratch/ash/IIIT_Labels/val/vindhya_2/labels/0000000453.png
/scratch/ash/IIIT_Labels/val/vindhya_2/image/0000000125.png    /scratch/ash/IIIT_Labels/val/vindhya_2/labels/0000000125.png
/scratch/ash/IIIT_Labels/val/vindhya_2/image/0000000529.png    /scratch/ash/IIIT_Labels/val/vindhya_2/labels/0000000529.png
/scratch/ash/IIIT_Labels/val/vindhya_2/image/0000000647.png    /scratch/ash/IIIT_Labels/val/vindhya_2/labels/0000000647.png
/scratch/ash/IIIT_Labels/val/vindhya_2/image/0000000213.png    /scratch/ash/IIIT_Labels/val/vindhya_2/labels/0000000213.png
/scratch/ash/IIIT_Labels/val/vindhya_2/image/0000000615.png    /scratch/ash/IIIT_Labels/val/vindhya_2/labels/0000000615.png
/scratch/ash/IIIT_Labels/val/vindhya_2/image/0000000443.png    /scratch/ash/IIIT_Labels/val/vindhya_2/labels/0000000443.png
/scratch/ash/IIIT_Labels/val/vindhya_2/image/0000000151.png    /scratch/ash/IIIT_Labels/val/vindhya_2/labels/0000000151.png
/scratch/ash/IIIT_Labels/val/vindhya_2/image/0000000229.png    /scratch/ash/IIIT_Labels/val/vindhya_2/labels/0000000229.png
/scratch/ash/IIIT_Labels/val/vindhya_2/image/0000000369.png    /scratch/ash/IIIT_Labels/val/vindhya_2/labels/0000000369.png
/scratch/ash/IIIT_Labels/val/vindhya_2/image/0000000347.png    /scratch/ash/IIIT_Labels/val/vindhya_2/labels/0000000347.png
/scratch/ash/IIIT_Labels/val/vindhya_2/image/0000000131.png    /scratch/ash/IIIT_Labels/val/vindhya_2/labels/0000000131.png
/scratch/ash/IIIT_Labels/val/vindhya_2/image/0000000441.png    /scratch/ash/IIIT_Labels/val/vindhya_2/labels/0000000441.png
/scratch/ash/IIIT_Labels/val/vindhya_2/image/0000000681.png    /scratch/ash/IIIT_Labels/val/vindhya_2/labels/0000000681.png
/scratch/ash/IIIT_Labels/val/vindhya_2/image/0000000185.png    /scratch/ash/IIIT_Labels/val/vindhya_2/labels/0000000185.png
/scratch/ash/IIIT_Labels/val/vindhya_2/image/0000000523.png    /scratch/ash/IIIT_Labels/val/vindhya_2/labels/0000000523.png
/scratch/ash/IIIT_Labels/val/vindhya_2/image/0000000571.png    /scratch/ash/IIIT_Labels/val/vindhya_2/labels/0000000571.png
/scratch/ash/IIIT_Labels/val/vindhya_2/image/0000000357.png    /scratch/ash/IIIT_Labels/val/vindhya_2/labels/0000000357.png
/scratch/ash/IIIT_Labels/val/vindhya_2/image/0000000363.png    /scratch/ash/IIIT_Labels/val/vindhya_2/labels/0000000363.png
/scratch/ash/IIIT_Labels/val/vindhya_2/image/0000000109.png    /scratch/ash/IIIT_Labels/val/vindhya_2/labels/0000000109.png
/scratch/ash/IIIT_Labels/val/vindhya_2/image/0000000451.png    /scratch/ash/IIIT_Labels/val/vindhya_2/labels/0000000451.png
/scratch/ash/IIIT_Labels/val/vindhya_2/image/0000000401.png    /scratch/ash/IIIT_Labels/val/vindhya_2/labels/0000000401.png
/scratch/ash/IIIT_Labels/val/vindhya_2/image/0000000527.png    /scratch/ash/IIIT_Labels/val/vindhya_2/labels/0000000527.png
/scratch/ash/IIIT_Labels/val/vindhya_2/image/0000000361.png    /scratch/ash/IIIT_Labels/val/vindhya_2/labels/0000000361.png
/scratch/ash/IIIT_Labels/val/vindhya_2/image/0000000367.png    /scratch/ash/IIIT_Labels/val/vindhya_2/labels/0000000367.png
/scratch/ash/IIIT_Labels/val/vindhya_2/image/0000000359.png    /scratch/ash/IIIT_Labels/val/vindhya_2/labels/0000000359.png
/scratch/ash/IIIT_Labels/val/vindhya_2/image/0000000633.png    /scratch/ash/IIIT_Labels/val/vindhya_2/labels/0000000633.png
/scratch/ash/IIIT_Labels/val/vindhya_2/image/0000000673.png    /scratch/ash/IIIT_Labels/val/vindhya_2/labels/0000000673.png
/scratch/ash/IIIT_Labels/val/vindhya_2/image/0000000225.png    /scratch/ash/IIIT_Labels/val/vindhya_2/labels/0000000225.png
/scratch/ash/IIIT_Labels/val/vindhya_2/image/0000000117.png    /scratch/ash/IIIT_Labels/val/vindhya_2/labels/0000000117.png
/scratch/ash/IIIT_Labels/val/vindhya_2/image/0000000133.png    /scratch/ash/IIIT_Labels/val/vindhya_2/labels/0000000133.png
/scratch/ash/IIIT_Labels/val/vindhya_2/image/0000000415.png    /scratch/ash/IIIT_Labels/val/vindhya_2/labels/0000000415.png
/scratch/ash/IIIT_Labels/val/vindhya_2/image/0000000427.png    /scratch/ash/IIIT_Labels/val/vindhya_2/labels/0000000427.png
/scratch/ash/IIIT_Labels/val/vindhya_2/image/0000000611.png    /scratch/ash/IIIT_Labels/val/vindhya_2/labels/0000000611.png
/scratch/ash/IIIT_Labels/val/vindhya_2/image/0000000675.png    /scratch/ash/IIIT_Labels/val/vindhya_2/labels/0000000675.png
/scratch/ash/IIIT_Labels/val/vindhya_2/image/0000000685.png    /scratch/ash/IIIT_Labels/val/vindhya_2/labels/0000000685.png
/scratch/ash/IIIT_Labels/val/vindhya_2/image/0000000485.png    /scratch/ash/IIIT_Labels/val/vindhya_2/labels/0000000485.png
/scratch/ash/IIIT_Labels/val/vindhya_2/image/0000000169.png    /scratch/ash/IIIT_Labels/val/vindhya_2/labels/0000000169.png
/scratch/ash/IIIT_Labels/val/vindhya_2/image/0000000449.png    /scratch/ash/IIIT_Labels/val/vindhya_2/labels/0000000449.png
/scratch/ash/IIIT_Labels/val/vindhya_2/image/0000000321.png    /scratch/ash/IIIT_Labels/val/vindhya_2/labels/0000000321.png
/scratch/ash/IIIT_Labels/val/vindhya_2/image/0000000639.png    /scratch/ash/IIIT_Labels/val/vindhya_2/labels/0000000639.png
/scratch/ash/IIIT_Labels/val/vindhya_2/image/0000000227.png    /scratch/ash/IIIT_Labels/val/vindhya_2/labels/0000000227.png
/scratch/ash/IIIT_Labels/val/vindhya_2/image/0000000661.png    /scratch/ash/IIIT_Labels/val/vindhya_2/labels/0000000661.png
/scratch/ash/IIIT_Labels/val/vindhya_2/image/0000000431.png    /scratch/ash/IIIT_Labels/val/vindhya_2/labels/0000000431.png
/scratch/ash/IIIT_Labels/val/vindhya_2/image/0000000385.png    /scratch/ash/IIIT_Labels/val/vindhya_2/labels/0000000385.png
/scratch/ash/IIIT_Labels/val/vindhya_2/image/0000000247.png    /scratch/ash/IIIT_Labels/val/vindhya_2/labels/0000000247.png
/scratch/ash/IIIT_Labels/val/vindhya_2/image/0000000245.png    /scratch/ash/IIIT_Labels/val/vindhya_2/labels/0000000245.png
/scratch/ash/IIIT_Labels/val/vindhya_2/image/0000000343.png    /scratch/ash/IIIT_Labels/val/vindhya_2/labels/0000000343.png
/scratch/ash/IIIT_Labels/val/vindhya_2/image/0000000651.png    /scratch/ash/IIIT_Labels/val/vindhya_2/labels/0000000651.png
/scratch/ash/IIIT_Labels/val/vindhya_2/image/0000000637.png    /scratch/ash/IIIT_Labels/val/vindhya_2/labels/0000000637.png
/scratch/ash/IIIT_Labels/val/vindhya_2/image/0000000579.png    /scratch/ash/IIIT_Labels/val/vindhya_2/labels/0000000579.png
/scratch/ash/IIIT_Labels/val/vindhya_2/image/0000000531.png    /scratch/ash/IIIT_Labels/val/vindhya_2/labels/0000000531.png
/scratch/ash/IIIT_Labels/val/vindhya_2/image/0000000287.png    /scratch/ash/IIIT_Labels/val/vindhya_2/labels/0000000287.png
/scratch/ash/IIIT_Labels/val/vindhya_2/image/0000000201.png    /scratch/ash/IIIT_Labels/val/vindhya_2/labels/0000000201.png
/scratch/ash/IIIT_Labels/val/vindhya_2/image/0000000261.png    /scratch/ash/IIIT_Labels/val/vindhya_2/labels/0000000261.png
/scratch/ash/IIIT_Labels/val/vindhya_2/image/0000000491.png    /scratch/ash/IIIT_Labels/val/vindhya_2/labels/0000000491.png
/scratch/ash/IIIT_Labels/val/vindhya_2/image/0000000205.png    /scratch/ash/IIIT_Labels/val/vindhya_2/labels/0000000205.png
/scratch/ash/IIIT_Labels/val/vindhya_2/image/0000000221.png    /scratch/ash/IIIT_Labels/val/vindhya_2/labels/0000000221.png
/scratch/ash/IIIT_Labels/val/vindhya_2/image/0000000183.png    /scratch/ash/IIIT_Labels/val/vindhya_2/labels/0000000183.png
/scratch/ash/IIIT_Labels/val/vindhya_2/image/0000000119.png    /scratch/ash/IIIT_Labels/val/vindhya_2/labels/0000000119.png
/scratch/ash/IIIT_Labels/val/vindhya_2/image/0000000425.png    /scratch/ash/IIIT_Labels/val/vindhya_2/labels/0000000425.png
/scratch/ash/IIIT_Labels/val/vindhya_2/image/0000000587.png    /scratch/ash/IIIT_Labels/val/vindhya_2/labels/0000000587.png
/scratch/ash/IIIT_Labels/val/vindhya_2/image/0000000399.png    /scratch/ash/IIIT_Labels/val/vindhya_2/labels/0000000399.png
/scratch/ash/IIIT_Labels/val/vindhya_2/image/0000000665.png    /scratch/ash/IIIT_Labels/val/vindhya_2/labels/0000000665.png
/scratch/ash/IIIT_Labels/val/vindhya_2/image/0000000405.png    /scratch/ash/IIIT_Labels/val/vindhya_2/labels/0000000405.png
/scratch/ash/IIIT_Labels/val/vindhya_2/image/0000000113.png    /scratch/ash/IIIT_Labels/val/vindhya_2/labels/0000000113.png
/scratch/ash/IIIT_Labels/val/vindhya_2/image/0000000683.png    /scratch/ash/IIIT_Labels/val/vindhya_2/labels/0000000683.png
/scratch/ash/IIIT_Labels/val/vindhya_2/image/0000000141.png    /scratch/ash/IIIT_Labels/val/vindhya_2/labels/0000000141.png
/scratch/ash/IIIT_Labels/val/vindhya_2/image/0000000447.png    /scratch/ash/IIIT_Labels/val/vindhya_2/labels/0000000447.png
/scratch/ash/IIIT_Labels/val/vindhya_2/image/0000000251.png    /scratch/ash/IIIT_Labels/val/vindhya_2/labels/0000000251.png
/scratch/ash/IIIT_Labels/val/vindhya_2/image/0000000193.png    /scratch/ash/IIIT_Labels/val/vindhya_2/labels/0000000193.png
/scratch/ash/IIIT_Labels/val/vindhya_2/image/0000000511.png    /scratch/ash/IIIT_Labels/val/vindhya_2/labels/0000000511.png
/scratch/ash/IIIT_Labels/val/vindhya_2/image/0000000513.png    /scratch/ash/IIIT_Labels/val/vindhya_2/labels/0000000513.png
/scratch/ash/IIIT_Labels/val/vindhya_2/image/0000000159.png    /scratch/ash/IIIT_Labels/val/vindhya_2/labels/0000000159.png
/scratch/ash/IIIT_Labels/val/vindhya_2/image/0000000493.png    /scratch/ash/IIIT_Labels/val/vindhya_2/labels/0000000493.png
/scratch/ash/IIIT_Labels/val/vindhya_2/image/0000000163.png    /scratch/ash/IIIT_Labels/val/vindhya_2/labels/0000000163.png
/scratch/ash/IIIT_Labels/val/vindhya_2/image/0000000175.png    /scratch/ash/IIIT_Labels/val/vindhya_2/labels/0000000175.png
/scratch/ash/IIIT_Labels/val/vindhya_2/image/0000000557.png    /scratch/ash/IIIT_Labels/val/vindhya_2/labels/0000000557.png
/scratch/ash/IIIT_Labels/val/vindhya_2/image/0000000371.png    /scratch/ash/IIIT_Labels/val/vindhya_2/labels/0000000371.png
/scratch/ash/IIIT_Labels/val/vindhya_2/image/0000000599.png    /scratch/ash/IIIT_Labels/val/vindhya_2/labels/0000000599.png
/scratch/ash/IIIT_Labels/val/vindhya_2/image/0000000563.png    /scratch/ash/IIIT_Labels/val/vindhya_2/labels/0000000563.png
/scratch/ash/IIIT_Labels/val/vindhya_2/image/0000000177.png    /scratch/ash/IIIT_Labels/val/vindhya_2/labels/0000000177.png
/scratch/ash/IIIT_Labels/val/vindhya_2/image/0000000607.png    /scratch/ash/IIIT_Labels/val/vindhya_2/labels/0000000607.png
/scratch/ash/IIIT_Labels/val/vindhya_2/image/0000000583.png    /scratch/ash/IIIT_Labels/val/vindhya_2/labels/0000000583.png
/scratch/ash/IIIT_Labels/val/vindhya_2/image/0000000323.png    /scratch/ash/IIIT_Labels/val/vindhya_2/labels/0000000323.png
/scratch/ash/IIIT_Labels/val/vindhya_2/image/0000000475.png    /scratch/ash/IIIT_Labels/val/vindhya_2/labels/0000000475.png
/scratch/ash/IIIT_Labels/val/vindhya_2/image/0000000555.png    /scratch/ash/IIIT_Labels/val/vindhya_2/labels/0000000555.png
/scratch/ash/IIIT_Labels/val/vindhya_2/image/0000000487.png    /scratch/ash/IIIT_Labels/val/vindhya_2/labels/0000000487.png
/scratch/ash/IIIT_Labels/val/vindhya_2/image/0000000631.png    /scratch/ash/IIIT_Labels/val/vindhya_2/labels/0000000631.png
/scratch/ash/IIIT_Labels/val/vindhya_2/image/0000000273.png    /scratch/ash/IIIT_Labels/val/vindhya_2/labels/0000000273.png
/scratch/ash/IIIT_Labels/val/vindhya_2/image/0000000271.png    /scratch/ash/IIIT_Labels/val/vindhya_2/labels/0000000271.png
/scratch/ash/IIIT_Labels/val/vindhya_2/image/0000000629.png    /scratch/ash/IIIT_Labels/val/vindhya_2/labels/0000000629.png
/scratch/ash/IIIT_Labels/val/vindhya_2/image/0000000653.png    /scratch/ash/IIIT_Labels/val/vindhya_2/labels/0000000653.png
/scratch/ash/IIIT_Labels/val/vindhya_2/image/0000000243.png    /scratch/ash/IIIT_Labels/val/vindhya_2/labels/0000000243.png
/scratch/ash/IIIT_Labels/val/vindhya_2/image/0000000267.png    /scratch/ash/IIIT_Labels/val/vindhya_2/labels/0000000267.png
/scratch/ash/IIIT_Labels/val/vindhya_2/image/0000000199.png    /scratch/ash/IIIT_Labels/val/vindhya_2/labels/0000000199.png
/scratch/ash/IIIT_Labels/val/vindhya_2/image/0000000279.png    /scratch/ash/IIIT_Labels/val/vindhya_2/labels/0000000279.png
/scratch/ash/IIIT_Labels/val/vindhya_2/image/0000000255.png    /scratch/ash/IIIT_Labels/val/vindhya_2/labels/0000000255.png
/scratch/ash/IIIT_Labels/val/vindhya_2/image/0000000613.png    /scratch/ash/IIIT_Labels/val/vindhya_2/labels/0000000613.png
/scratch/ash/IIIT_Labels/val/vindhya_2/image/0000000545.png    /scratch/ash/IIIT_Labels/val/vindhya_2/labels/0000000545.png
/scratch/ash/IIIT_Labels/val/vindhya_2/image/0000000235.png    /scratch/ash/IIIT_Labels/val/vindhya_2/labels/0000000235.png
/scratch/ash/IIIT_Labels/val/vindhya_2/image/0000000467.png    /scratch/ash/IIIT_Labels/val/vindhya_2/labels/0000000467.png
/scratch/ash/IIIT_Labels/val/vindhya_2/image/0000000501.png    /scratch/ash/IIIT_Labels/val/vindhya_2/labels/0000000501.png
/scratch/ash/IIIT_Labels/val/vindhya_2/image/0000000409.png    /scratch/ash/IIIT_Labels/val/vindhya_2/labels/0000000409.png
/scratch/ash/IIIT_Labels/val/vindhya_2/image/0000000445.png    /scratch/ash/IIIT_Labels/val/vindhya_2/labels/0000000445.png
/scratch/ash/IIIT_Labels/val/vindhya_2/image/0000000389.png    /scratch/ash/IIIT_Labels/val/vindhya_2/labels/0000000389.png
/scratch/ash/IIIT_Labels/val/vindhya_2/image/0000000319.png    /scratch/ash/IIIT_Labels/val/vindhya_2/labels/0000000319.png
/scratch/ash/IIIT_Labels/val/vindhya_2/image/0000000335.png    /scratch/ash/IIIT_Labels/val/vindhya_2/labels/0000000335.png
/scratch/ash/IIIT_Labels/val/vindhya_2/image/0000000197.png    /scratch/ash/IIIT_Labels/val/vindhya_2/labels/0000000197.png
/scratch/ash/IIIT_Labels/val/vindhya_2/image/0000000353.png    /scratch/ash/IIIT_Labels/val/vindhya_2/labels/0000000353.png
/scratch/ash/IIIT_Labels/val/vindhya_2/image/0000000209.png    /scratch/ash/IIIT_Labels/val/vindhya_2/labels/0000000209.png
/scratch/ash/IIIT_Labels/val/vindhya_2/image/0000000275.png    /scratch/ash/IIIT_Labels/val/vindhya_2/labels/0000000275.png
/scratch/ash/IIIT_Labels/val/vindhya_2/image/0000000241.png    /scratch/ash/IIIT_Labels/val/vindhya_2/labels/0000000241.png
/scratch/ash/IIIT_Labels/val/vindhya_2/image/0000000671.png    /scratch/ash/IIIT_Labels/val/vindhya_2/labels/0000000671.png
/scratch/ash/IIIT_Labels/val/vindhya_2/image/0000000393.png    /scratch/ash/IIIT_Labels/val/vindhya_2/labels/0000000393.png
/scratch/ash/IIIT_Labels/val/vindhya_2/image/0000000355.png    /scratch/ash/IIIT_Labels/val/vindhya_2/labels/0000000355.png
/scratch/ash/IIIT_Labels/val/vindhya_2/image/0000000121.png    /scratch/ash/IIIT_Labels/val/vindhya_2/labels/0000000121.png
/scratch/ash/IIIT_Labels/val/vindhya_2/image/0000000407.png    /scratch/ash/IIIT_Labels/val/vindhya_2/labels/0000000407.png
/scratch/ash/IIIT_Labels/val/vindhya_2/image/0000000179.png    /scratch/ash/IIIT_Labels/val/vindhya_2/labels/0000000179.png
/scratch/ash/IIIT_Labels/val/vindhya_2/image/0000000143.png    /scratch/ash/IIIT_Labels/val/vindhya_2/labels/0000000143.png
/scratch/ash/IIIT_Labels/val/vindhya_2/image/0000000645.png    /scratch/ash/IIIT_Labels/val/vindhya_2/labels/0000000645.png
/scratch/ash/IIIT_Labels/val/vindhya_2/image/0000000339.png    /scratch/ash/IIIT_Labels/val/vindhya_2/labels/0000000339.png
/scratch/ash/IIIT_Labels/val/vindhya_2/image/0000000609.png    /scratch/ash/IIIT_Labels/val/vindhya_2/labels/0000000609.png
/scratch/ash/IIIT_Labels/val/vindhya_2/image/0000000387.png    /scratch/ash/IIIT_Labels/val/vindhya_2/labels/0000000387.png
/scratch/ash/IIIT_Labels/val/vindhya_2/image/0000000585.png    /scratch/ash/IIIT_Labels/val/vindhya_2/labels/0000000585.png
/scratch/ash/IIIT_Labels/val/vindhya_2/image/0000000617.png    /scratch/ash/IIIT_Labels/val/vindhya_2/labels/0000000617.png
/scratch/ash/IIIT_Labels/val/vindhya_2/image/0000000659.png    /scratch/ash/IIIT_Labels/val/vindhya_2/labels/0000000659.png
/scratch/ash/IIIT_Labels/val/vindhya_2/image/0000000395.png    /scratch/ash/IIIT_Labels/val/vindhya_2/labels/0000000395.png
/scratch/ash/IIIT_Labels/val/vindhya_2/image/0000000379.png    /scratch/ash/IIIT_Labels/val/vindhya_2/labels/0000000379.png
/scratch/ash/IIIT_Labels/val/vindhya_2/image/0000000455.png    /scratch/ash/IIIT_Labels/val/vindhya_2/labels/0000000455.png
/scratch/ash/IIIT_Labels/val/vindhya_2/image/0000000473.png    /scratch/ash/IIIT_Labels/val/vindhya_2/labels/0000000473.png
/scratch/ash/IIIT_Labels/val/vindhya_2/image/0000000483.png    /scratch/ash/IIIT_Labels/val/vindhya_2/labels/0000000483.png
/scratch/ash/IIIT_Labels/val/vindhya_2/image/0000000391.png    /scratch/ash/IIIT_Labels/val/vindhya_2/labels/0000000391.png
/scratch/ash/IIIT_Labels/val/vindhya_2/image/0000000573.png    /scratch/ash/IIIT_Labels/val/vindhya_2/labels/0000000573.png
/scratch/ash/IIIT_Labels/val/vindhya_2/image/0000000181.png    /scratch/ash/IIIT_Labels/val/vindhya_2/labels/0000000181.png
/scratch/ash/IIIT_Labels/val/vindhya_2/image/0000000549.png    /scratch/ash/IIIT_Labels/val/vindhya_2/labels/0000000549.png
/scratch/ash/IIIT_Labels/val/vindhya_2/image/0000000698.png    /scratch/ash/IIIT_Labels/val/vindhya_2/labels/0000000698.png
/scratch/ash/IIIT_Labels/val/vindhya_2/image/0000000489.png    /scratch/ash/IIIT_Labels/val/vindhya_2/labels/0000000489.png
/scratch/ash/IIIT_Labels/val/vindhya_2/image/0000000621.png    /scratch/ash/IIIT_Labels/val/vindhya_2/labels/0000000621.png
/scratch/ash/IIIT_Labels/val/vindhya_2/image/0000000383.png    /scratch/ash/IIIT_Labels/val/vindhya_2/labels/0000000383.png
/scratch/ash/IIIT_Labels/val/vindhya_2/image/0000000601.png    /scratch/ash/IIIT_Labels/val/vindhya_2/labels/0000000601.png
/scratch/ash/IIIT_Labels/val/vindhya_2/image/0000000231.png    /scratch/ash/IIIT_Labels/val/vindhya_2/labels/0000000231.png
/scratch/ash/IIIT_Labels/val/vindhya_2/image/0000000153.png    /scratch/ash/IIIT_Labels/val/vindhya_2/labels/0000000153.png
/scratch/ash/IIIT_Labels/val/vindhya_2/image/0000000591.png    /scratch/ash/IIIT_Labels/val/vindhya_2/labels/0000000591.png
/scratch/ash/IIIT_Labels/val/vindhya_2/image/0000000595.png    /scratch/ash/IIIT_Labels/val/vindhya_2/labels/0000000595.png
/scratch/ash/IIIT_Labels/val/vindhya_2/image/0000000191.png    /scratch/ash/IIIT_Labels/val/vindhya_2/labels/0000000191.png
/scratch/ash/IIIT_Labels/val/vindhya_2/image/0000000139.png    /scratch/ash/IIIT_Labels/val/vindhya_2/labels/0000000139.png
/scratch/ash/IIIT_Labels/val/vindhya_2/image/0000000411.png    /scratch/ash/IIIT_Labels/val/vindhya_2/labels/0000000411.png
/scratch/ash/IIIT_Labels/val/vindhya_2/image/0000000477.png    /scratch/ash/IIIT_Labels/val/vindhya_2/labels/0000000477.png
/scratch/ash/IIIT_Labels/val/vindhya_2/image/0000000351.png    /scratch/ash/IIIT_Labels/val/vindhya_2/labels/0000000351.png
/scratch/ash/IIIT_Labels/val/vindhya_2/image/0000000173.png    /scratch/ash/IIIT_Labels/val/vindhya_2/labels/0000000173.png
/scratch/ash/IIIT_Labels/val/vindhya_2/image/0000000036.png    /scratch/ash/IIIT_Labels/val/vindhya_2/labels/0000000036.png
/scratch/ash/IIIT_Labels/val/vindhya_2/image/0000000195.png    /scratch/ash/IIIT_Labels/val/vindhya_2/labels/0000000195.png
/scratch/ash/IIIT_Labels/val/vindhya_2/image/0000000249.png    /scratch/ash/IIIT_Labels/val/vindhya_2/labels/0000000249.png
/scratch/ash/IIIT_Labels/val/vindhya_2/image/0000000263.png    /scratch/ash/IIIT_Labels/val/vindhya_2/labels/0000000263.png
/scratch/ash/IIIT_Labels/val/vindhya_2/image/0000000417.png    /scratch/ash/IIIT_Labels/val/vindhya_2/labels/0000000417.png
/scratch/ash/IIIT_Labels/val/vindhya_2/image/0000000129.png    /scratch/ash/IIIT_Labels/val/vindhya_2/labels/0000000129.png
/scratch/ash/IIIT_Labels/val/vindhya_2/image/0000000291.png    /scratch/ash/IIIT_Labels/val/vindhya_2/labels/0000000291.png
/scratch/ash/IIIT_Labels/val/vindhya_2/image/0000000643.png    /scratch/ash/IIIT_Labels/val/vindhya_2/labels/0000000643.png
/scratch/ash/IIIT_Labels/val/vindhya_2/image/0000000577.png    /scratch/ash/IIIT_Labels/val/vindhya_2/labels/0000000577.png
/scratch/ash/IIIT_Labels/val/vindhya_2/image/0000000537.png    /scratch/ash/IIIT_Labels/val/vindhya_2/labels/0000000537.png
/scratch/ash/IIIT_Labels/val/vindhya_2/image/0000000429.png    /scratch/ash/IIIT_Labels/val/vindhya_2/labels/0000000429.png
/scratch/ash/IIIT_Labels/val/vindhya_2/image/0000000553.png    /scratch/ash/IIIT_Labels/val/vindhya_2/labels/0000000553.png
/scratch/ash/IIIT_Labels/val/vindhya_2/image/0000000551.png    /scratch/ash/IIIT_Labels/val/vindhya_2/labels/0000000551.png
/scratch/ash/IIIT_Labels/val/vindhya_2/image/0000000535.png    /scratch/ash/IIIT_Labels/val/vindhya_2/labels/0000000535.png
/scratch/ash/IIIT_Labels/val/vindhya_2/image/0000000689.png    /scratch/ash/IIIT_Labels/val/vindhya_2/labels/0000000689.png
/scratch/ash/IIIT_Labels/val/vindhya_2/image/0000000521.png    /scratch/ash/IIIT_Labels/val/vindhya_2/labels/0000000521.png
/scratch/ash/IIIT_Labels/val/vindhya_2/image/0000000333.png    /scratch/ash/IIIT_Labels/val/vindhya_2/labels/0000000333.png
/scratch/ash/IIIT_Labels/val/vindhya_2/image/0000000593.png    /scratch/ash/IIIT_Labels/val/vindhya_2/labels/0000000593.png
/scratch/ash/IIIT_Labels/val/vindhya_2/image/0000000211.png    /scratch/ash/IIIT_Labels/val/vindhya_2/labels/0000000211.png
/scratch/ash/IIIT_Labels/val/vindhya_2/image/0000000519.png    /scratch/ash/IIIT_Labels/val/vindhya_2/labels/0000000519.png
/scratch/ash/IIIT_Labels/val/vindhya_2/image/0000000269.png    /scratch/ash/IIIT_Labels/val/vindhya_2/labels/0000000269.png
/scratch/ash/IIIT_Labels/val/vindhya_2/image/0000000663.png    /scratch/ash/IIIT_Labels/val/vindhya_2/labels/0000000663.png
/scratch/ash/IIIT_Labels/val/vindhya_2/image/0000000589.png    /scratch/ash/IIIT_Labels/val/vindhya_2/labels/0000000589.png
/scratch/ash/IIIT_Labels/val/vindhya_2/image/0000000619.png    /scratch/ash/IIIT_Labels/val/vindhya_2/labels/0000000619.png
/scratch/ash/IIIT_Labels/val/vindhya_2/image/0000000569.png    /scratch/ash/IIIT_Labels/val/vindhya_2/labels/0000000569.png
/scratch/ash/IIIT_Labels/val/vindhya_2/image/0000000533.png    /scratch/ash/IIIT_Labels/val/vindhya_2/labels/0000000533.png
/scratch/ash/IIIT_Labels/val/vindhya_2/image/0000000365.png    /scratch/ash/IIIT_Labels/val/vindhya_2/labels/0000000365.png
/scratch/ash/IIIT_Labels/val/vindhya_2/image/0000000345.png    /scratch/ash/IIIT_Labels/val/vindhya_2/labels/0000000345.png
/scratch/ash/IIIT_Labels/val/vindhya_2/image/0000000627.png    /scratch/ash/IIIT_Labels/val/vindhya_2/labels/0000000627.png
/scratch/ash/IIIT_Labels/val/vindhya_2/image/0000000463.png    /scratch/ash/IIIT_Labels/val/vindhya_2/labels/0000000463.png
/scratch/ash/IIIT_Labels/val/vindhya_2/image/0000000331.png    /scratch/ash/IIIT_Labels/val/vindhya_2/labels/0000000331.png
/scratch/ash/IIIT_Labels/val/vindhya_2/image/0000000469.png    /scratch/ash/IIIT_Labels/val/vindhya_2/labels/0000000469.png
/scratch/ash/IIIT_Labels/val/vindhya_2/image/0000000299.png    /scratch/ash/IIIT_Labels/val/vindhya_2/labels/0000000299.png
/scratch/ash/IIIT_Labels/val/vindhya_2/image/0000000127.png    /scratch/ash/IIIT_Labels/val/vindhya_2/labels/0000000127.png
/scratch/ash/IIIT_Labels/val/vindhya_2/image/0000000167.png    /scratch/ash/IIIT_Labels/val/vindhya_2/labels/0000000167.png
/scratch/ash/IIIT_Labels/val/vindhya_2/image/0000000341.png    /scratch/ash/IIIT_Labels/val/vindhya_2/labels/0000000341.png
/scratch/ash/IIIT_Labels/val/vindhya_2/image/0000000207.png    /scratch/ash/IIIT_Labels/val/vindhya_2/labels/0000000207.png
/scratch/ash/IIIT_Labels/val/vindhya_2/image/0000000581.png    /scratch/ash/IIIT_Labels/val/vindhya_2/labels/0000000581.png
/scratch/ash/IIIT_Labels/val/vindhya_2/image/0000000433.png    /scratch/ash/IIIT_Labels/val/vindhya_2/labels/0000000433.png
/scratch/ash/IIIT_Labels/val/vindhya_2/image/0000000111.png    /scratch/ash/IIIT_Labels/val/vindhya_2/labels/0000000111.png
/scratch/ash/IIIT_Labels/val/vindhya_2/image/0000000259.png    /scratch/ash/IIIT_Labels/val/vindhya_2/labels/0000000259.png
/scratch/ash/IIIT_Labels/val/vindhya_2/image/0000000559.png    /scratch/ash/IIIT_Labels/val/vindhya_2/labels/0000000559.png
/scratch/ash/IIIT_Labels/val/vindhya_2/image/0000000375.png    /scratch/ash/IIIT_Labels/val/vindhya_2/labels/0000000375.png
/scratch/ash/IIIT_Labels/val/vindhya_2/image/0000000641.png    /scratch/ash/IIIT_Labels/val/vindhya_2/labels/0000000641.png
/scratch/ash/IIIT_Labels/val/vindhya_2/image/0000000499.png    /scratch/ash/IIIT_Labels/val/vindhya_2/labels/0000000499.png
/scratch/ash/IIIT_Labels/val/vindhya_2/image/0000000145.png    /scratch/ash/IIIT_Labels/val/vindhya_2/labels/0000000145.png
/scratch/ash/IIIT_Labels/val/vindhya_2/image/0000000423.png    /scratch/ash/IIIT_Labels/val/vindhya_2/labels/0000000423.png
/scratch/ash/IIIT_Labels/val/vindhya_2/image/0000000471.png    /scratch/ash/IIIT_Labels/val/vindhya_2/labels/0000000471.png
/scratch/ash/IIIT_Labels/val/vindhya_2/image/0000000605.png    /scratch/ash/IIIT_Labels/val/vindhya_2/labels/0000000605.png
/scratch/ash/IIIT_Labels/val/vindhya_2/image/0000000667.png    /scratch/ash/IIIT_Labels/val/vindhya_2/labels/0000000667.png
/scratch/ash/IIIT_Labels/val/vindhya_2/image/0000000237.png    /scratch/ash/IIIT_Labels/val/vindhya_2/labels/0000000237.png
/scratch/ash/IIIT_Labels/val/vindhya_2/image/0000000539.png    /scratch/ash/IIIT_Labels/val/vindhya_2/labels/0000000539.png
/scratch/ash/IIIT_Labels/val/vindhya_2/image/0000000373.png    /scratch/ash/IIIT_Labels/val/vindhya_2/labels/0000000373.png
/scratch/ash/IIIT_Labels/val/vindhya_2/image/0000000655.png    /scratch/ash/IIIT_Labels/val/vindhya_2/labels/0000000655.png
/scratch/ash/IIIT_Labels/val/vindhya_2/image/0000000137.png    /scratch/ash/IIIT_Labels/val/vindhya_2/labels/0000000137.png
/scratch/ash/IIIT_Labels/val/vindhya_2/image/0000000377.png    /scratch/ash/IIIT_Labels/val/vindhya_2/labels/0000000377.png
/scratch/ash/IIIT_Labels/val/vindhya_2/image/0000000233.png    /scratch/ash/IIIT_Labels/val/vindhya_2/labels/0000000233.png
/scratch/ash/IIIT_Labels/val/vindhya_2/image/0000000325.png    /scratch/ash/IIIT_Labels/val/vindhya_2/labels/0000000325.png
/scratch/ash/IIIT_Labels/val/vindhya_2/image/0000000461.png    /scratch/ash/IIIT_Labels/val/vindhya_2/labels/0000000461.png
/scratch/ash/IIIT_Labels/val/vindhya_2/image/0000000457.png    /scratch/ash/IIIT_Labels/val/vindhya_2/labels/0000000457.png
/scratch/ash/IIIT_Labels/val/vindhya_2/image/0000000479.png    /scratch/ash/IIIT_Labels/val/vindhya_2/labels/0000000479.png
/scratch/ash/IIIT_Labels/val/vindhya_2/image/0000000317.png    /scratch/ash/IIIT_Labels/val/vindhya_2/labels/0000000317.png
/scratch/ash/IIIT_Labels/val/vindhya_2/image/0000000547.png    /scratch/ash/IIIT_Labels/val/vindhya_2/labels/0000000547.png
/scratch/ash/IIIT_Labels/val/vindhya_2/image/0000000189.png    /scratch/ash/IIIT_Labels/val/vindhya_2/labels/0000000189.png
/scratch/ash/IIIT_Labels/val/vindhya_2/image/0000000525.png    /scratch/ash/IIIT_Labels/val/vindhya_2/labels/0000000525.png
/scratch/ash/IIIT_Labels/val/vindhya_2/image/0000000561.png    /scratch/ash/IIIT_Labels/val/vindhya_2/labels/0000000561.png
/scratch/ash/IIIT_Labels/val/vindhya_2/image/0000000349.png    /scratch/ash/IIIT_Labels/val/vindhya_2/labels/0000000349.png
/scratch/ash/IIIT_Labels/val/vindhya_2/image/0000000507.png    /scratch/ash/IIIT_Labels/val/vindhya_2/labels/0000000507.png
/scratch/ash/IIIT_Labels/val/vindhya_2/image/0000000157.png    /scratch/ash/IIIT_Labels/val/vindhya_2/labels/0000000157.png
/scratch/ash/IIIT_Labels/val/vindhya_2/image/0000000123.png    /scratch/ash/IIIT_Labels/val/vindhya_2/labels/0000000123.png
/scratch/ash/IIIT_Labels/val/vindhya_2/image/0000000635.png    /scratch/ash/IIIT_Labels/val/vindhya_2/labels/0000000635.png
/scratch/ash/IIIT_Labels/val/vindhya_2/image/0000000337.png    /scratch/ash/IIIT_Labels/val/vindhya_2/labels/0000000337.png
/scratch/ash/IIIT_Labels/val/vindhya_2/image/0000000439.png    /scratch/ash/IIIT_Labels/val/vindhya_2/labels/0000000439.png
/scratch/ash/IIIT_Labels/val/vindhya_2/image/0000000419.png    /scratch/ash/IIIT_Labels/val/vindhya_2/labels/0000000419.png
/scratch/ash/IIIT_Labels/val/vindhya_2/image/0000000413.png    /scratch/ash/IIIT_Labels/val/vindhya_2/labels/0000000413.png
/scratch/ash/IIIT_Labels/val/vindhya_2/image/0000000223.png    /scratch/ash/IIIT_Labels/val/vindhya_2/labels/0000000223.png
/scratch/ash/IIIT_Labels/val/vindhya_2/image/0000000565.png    /scratch/ash/IIIT_Labels/val/vindhya_2/labels/0000000565.png
/scratch/ash/IIIT_Labels/val/vindhya_2/image/0000000161.png    /scratch/ash/IIIT_Labels/val/vindhya_2/labels/0000000161.png
/scratch/ash/IIIT_Labels/val/vindhya_2/image/0000000625.png    /scratch/ash/IIIT_Labels/val/vindhya_2/labels/0000000625.png
/scratch/ash/IIIT_Labels/val/vindhya_2/image/0000000311.png    /scratch/ash/IIIT_Labels/val/vindhya_2/labels/0000000311.png
/scratch/ash/IIIT_Labels/val/vindhya_2/image/0000000253.png    /scratch/ash/IIIT_Labels/val/vindhya_2/labels/0000000253.png
/scratch/ash/IIIT_Labels/val/vindhya_2/image/0000000187.png    /scratch/ash/IIIT_Labels/val/vindhya_2/labels/0000000187.png
/scratch/ash/IIIT_Labels/val/vindhya_2/image/0000000517.png    /scratch/ash/IIIT_Labels/val/vindhya_2/labels/0000000517.png
/scratch/ash/IIIT_Labels/val/vindhya_2/image/0000000481.png    /scratch/ash/IIIT_Labels/val/vindhya_2/labels/0000000481.png
/scratch/ash/IIIT_Labels/val/vindhya_2/image/0000000155.png    /scratch/ash/IIIT_Labels/val/vindhya_2/labels/0000000155.png
/scratch/ash/IIIT_Labels/val/vindhya_2/image/0000000397.png    /scratch/ash/IIIT_Labels/val/vindhya_2/labels/0000000397.png
/scratch/ash/IIIT_Labels/val/vindhya_2/image/0000000239.png    /scratch/ash/IIIT_Labels/val/vindhya_2/labels/0000000239.png
/scratch/ash/IIIT_Labels/val/vindhya_2/image/0000000215.png    /scratch/ash/IIIT_Labels/val/vindhya_2/labels/0000000215.png
/scratch/ash/IIIT_Labels/val/vindhya_2/image/0000000541.png    /scratch/ash/IIIT_Labels/val/vindhya_2/labels/0000000541.png
/scratch/ash/IIIT_Labels/val/vindhya_2/image/0000000603.png    /scratch/ash/IIIT_Labels/val/vindhya_2/labels/0000000603.png
/scratch/ash/IIIT_Labels/val/vindhya_2/image/0000000403.png    /scratch/ash/IIIT_Labels/val/vindhya_2/labels/0000000403.png
/scratch/ash/IIIT_Labels/val/vindhya_2/image/0000000543.png    /scratch/ash/IIIT_Labels/val/vindhya_2/labels/0000000543.png
/scratch/ash/IIIT_Labels/val/vindhya_2/image/0000000257.png    /scratch/ash/IIIT_Labels/val/vindhya_2/labels/0000000257.png
/scratch/ash/IIIT_Labels/val/vindhya_2/image/0000000437.png    /scratch/ash/IIIT_Labels/val/vindhya_2/labels/0000000437.png
/scratch/ash/IIIT_Labels/val/vindhya_2/image/0000000147.png    /scratch/ash/IIIT_Labels/val/vindhya_2/labels/0000000147.png
/scratch/ash/IIIT_Labels/val/vindhya_2/image/0000000515.png    /scratch/ash/IIIT_Labels/val/vindhya_2/labels/0000000515.png
/scratch/ash/IIIT_Labels/val/vindhya_2/image/0000000307.png    /scratch/ash/IIIT_Labels/val/vindhya_2/labels/0000000307.png
/scratch/ash/IIIT_Labels/val/vindhya_2/image/0000000115.png    /scratch/ash/IIIT_Labels/val/vindhya_2/labels/0000000115.png
