/scratch/ash/IIIT_Labels/val/seq_3/image/0000000266.png    /scratch/ash/IIIT_Labels/val/seq_3/labels/0000000266.png    /scratch/ash/IIIT_Labels/val/seq_3/context_temporal_road_prior/0000000266.png
/scratch/ash/IIIT_Labels/val/seq_3/image/0000000208.png    /scratch/ash/IIIT_Labels/val/seq_3/labels/0000000208.png    /scratch/ash/IIIT_Labels/val/seq_3/context_temporal_road_prior/0000000208.png
/scratch/ash/IIIT_Labels/val/seq_3/image/0000000097.png    /scratch/ash/IIIT_Labels/val/seq_3/labels/0000000097.png    /scratch/ash/IIIT_Labels/val/seq_3/context_temporal_road_prior/0000000097.png
/scratch/ash/IIIT_Labels/val/seq_3/image/0000000212.png    /scratch/ash/IIIT_Labels/val/seq_3/labels/0000000212.png    /scratch/ash/IIIT_Labels/val/seq_3/context_temporal_road_prior/0000000212.png
/scratch/ash/IIIT_Labels/val/seq_3/image/0000000165.png    /scratch/ash/IIIT_Labels/val/seq_3/labels/0000000165.png    /scratch/ash/IIIT_Labels/val/seq_3/context_temporal_road_prior/0000000165.png
/scratch/ash/IIIT_Labels/val/seq_3/image/0000000285.png    /scratch/ash/IIIT_Labels/val/seq_3/labels/0000000285.png    /scratch/ash/IIIT_Labels/val/seq_3/context_temporal_road_prior/0000000285.png
/scratch/ash/IIIT_Labels/val/seq_3/image/0000000265.png    /scratch/ash/IIIT_Labels/val/seq_3/labels/0000000265.png    /scratch/ash/IIIT_Labels/val/seq_3/context_temporal_road_prior/0000000265.png
/scratch/ash/IIIT_Labels/val/seq_3/image/0000000503.png    /scratch/ash/IIIT_Labels/val/seq_3/labels/0000000503.png    /scratch/ash/IIIT_Labels/val/seq_3/context_temporal_road_prior/0000000503.png
/scratch/ash/IIIT_Labels/val/seq_3/image/0000000295.png    /scratch/ash/IIIT_Labels/val/seq_3/labels/0000000295.png    /scratch/ash/IIIT_Labels/val/seq_3/context_temporal_road_prior/0000000295.png
/scratch/ash/IIIT_Labels/val/seq_3/image/0000000308.png    /scratch/ash/IIIT_Labels/val/seq_3/labels/0000000308.png    /scratch/ash/IIIT_Labels/val/seq_3/context_temporal_road_prior/0000000308.png
/scratch/ash/IIIT_Labels/val/seq_3/image/0000000283.png    /scratch/ash/IIIT_Labels/val/seq_3/labels/0000000283.png    /scratch/ash/IIIT_Labels/val/seq_3/context_temporal_road_prior/0000000283.png
/scratch/ash/IIIT_Labels/val/seq_3/image/0000000244.png    /scratch/ash/IIIT_Labels/val/seq_3/labels/0000000244.png    /scratch/ash/IIIT_Labels/val/seq_3/context_temporal_road_prior/0000000244.png
/scratch/ash/IIIT_Labels/val/seq_3/image/0000000329.png    /scratch/ash/IIIT_Labels/val/seq_3/labels/0000000329.png    /scratch/ash/IIIT_Labels/val/seq_3/context_temporal_road_prior/0000000329.png
/scratch/ash/IIIT_Labels/val/seq_3/image/0000000248.png    /scratch/ash/IIIT_Labels/val/seq_3/labels/0000000248.png    /scratch/ash/IIIT_Labels/val/seq_3/context_temporal_road_prior/0000000248.png
/scratch/ash/IIIT_Labels/val/seq_3/image/0000000078.png    /scratch/ash/IIIT_Labels/val/seq_3/labels/0000000078.png    /scratch/ash/IIIT_Labels/val/seq_3/context_temporal_road_prior/0000000078.png
/scratch/ash/IIIT_Labels/val/seq_3/image/0000000297.png    /scratch/ash/IIIT_Labels/val/seq_3/labels/0000000297.png    /scratch/ash/IIIT_Labels/val/seq_3/context_temporal_road_prior/0000000297.png
/scratch/ash/IIIT_Labels/val/seq_3/image/0000000336.png    /scratch/ash/IIIT_Labels/val/seq_3/labels/0000000336.png    /scratch/ash/IIIT_Labels/val/seq_3/context_temporal_road_prior/0000000336.png
/scratch/ash/IIIT_Labels/val/seq_3/image/0000000354.png    /scratch/ash/IIIT_Labels/val/seq_3/labels/0000000354.png    /scratch/ash/IIIT_Labels/val/seq_3/context_temporal_road_prior/0000000354.png
/scratch/ash/IIIT_Labels/val/seq_3/image/0000000303.png    /scratch/ash/IIIT_Labels/val/seq_3/labels/0000000303.png    /scratch/ash/IIIT_Labels/val/seq_3/context_temporal_road_prior/0000000303.png
/scratch/ash/IIIT_Labels/val/seq_3/image/0000000082.png    /scratch/ash/IIIT_Labels/val/seq_3/labels/0000000082.png    /scratch/ash/IIIT_Labels/val/seq_3/context_temporal_road_prior/0000000082.png
/scratch/ash/IIIT_Labels/val/seq_3/image/0000000240.png    /scratch/ash/IIIT_Labels/val/seq_3/labels/0000000240.png    /scratch/ash/IIIT_Labels/val/seq_3/context_temporal_road_prior/0000000240.png
/scratch/ash/IIIT_Labels/val/seq_3/image/0000000106.png    /scratch/ash/IIIT_Labels/val/seq_3/labels/0000000106.png    /scratch/ash/IIIT_Labels/val/seq_3/context_temporal_road_prior/0000000106.png
/scratch/ash/IIIT_Labels/val/seq_3/image/0000000213.png    /scratch/ash/IIIT_Labels/val/seq_3/labels/0000000213.png    /scratch/ash/IIIT_Labels/val/seq_3/context_temporal_road_prior/0000000213.png
/scratch/ash/IIIT_Labels/val/seq_3/image/0000000128.png    /scratch/ash/IIIT_Labels/val/seq_3/labels/0000000128.png    /scratch/ash/IIIT_Labels/val/seq_3/context_temporal_road_prior/0000000128.png
/scratch/ash/IIIT_Labels/val/seq_3/image/0000000151.png    /scratch/ash/IIIT_Labels/val/seq_3/labels/0000000151.png    /scratch/ash/IIIT_Labels/val/seq_3/context_temporal_road_prior/0000000151.png
/scratch/ash/IIIT_Labels/val/seq_3/image/0000000229.png    /scratch/ash/IIIT_Labels/val/seq_3/labels/0000000229.png    /scratch/ash/IIIT_Labels/val/seq_3/context_temporal_road_prior/0000000229.png
/scratch/ash/IIIT_Labels/val/seq_3/image/0000000369.png    /scratch/ash/IIIT_Labels/val/seq_3/labels/0000000369.png    /scratch/ash/IIIT_Labels/val/seq_3/context_temporal_road_prior/0000000369.png
/scratch/ash/IIIT_Labels/val/seq_3/image/0000000347.png    /scratch/ash/IIIT_Labels/val/seq_3/labels/0000000347.png    /scratch/ash/IIIT_Labels/val/seq_3/context_temporal_road_prior/0000000347.png
/scratch/ash/IIIT_Labels/val/seq_3/image/0000000180.png    /scratch/ash/IIIT_Labels/val/seq_3/labels/0000000180.png    /scratch/ash/IIIT_Labels/val/seq_3/context_temporal_road_prior/0000000180.png
/scratch/ash/IIIT_Labels/val/seq_3/image/0000000131.png    /scratch/ash/IIIT_Labels/val/seq_3/labels/0000000131.png    /scratch/ash/IIIT_Labels/val/seq_3/context_temporal_road_prior/0000000131.png
/scratch/ash/IIIT_Labels/val/seq_3/image/0000000098.png    /scratch/ash/IIIT_Labels/val/seq_3/labels/0000000098.png    /scratch/ash/IIIT_Labels/val/seq_3/context_temporal_road_prior/0000000098.png
/scratch/ash/IIIT_Labels/val/seq_3/image/0000000162.png    /scratch/ash/IIIT_Labels/val/seq_3/labels/0000000162.png    /scratch/ash/IIIT_Labels/val/seq_3/context_temporal_road_prior/0000000162.png
/scratch/ash/IIIT_Labels/val/seq_3/image/0000000185.png    /scratch/ash/IIIT_Labels/val/seq_3/labels/0000000185.png    /scratch/ash/IIIT_Labels/val/seq_3/context_temporal_road_prior/0000000185.png
/scratch/ash/IIIT_Labels/val/seq_3/image/0000000286.png    /scratch/ash/IIIT_Labels/val/seq_3/labels/0000000286.png    /scratch/ash/IIIT_Labels/val/seq_3/context_temporal_road_prior/0000000286.png
/scratch/ash/IIIT_Labels/val/seq_3/image/0000000357.png    /scratch/ash/IIIT_Labels/val/seq_3/labels/0000000357.png    /scratch/ash/IIIT_Labels/val/seq_3/context_temporal_road_prior/0000000357.png
/scratch/ash/IIIT_Labels/val/seq_3/image/0000000401.png    /scratch/ash/IIIT_Labels/val/seq_3/labels/0000000401.png    /scratch/ash/IIIT_Labels/val/seq_3/context_temporal_road_prior/0000000401.png
/scratch/ash/IIIT_Labels/val/seq_3/image/0000000426.png    /scratch/ash/IIIT_Labels/val/seq_3/labels/0000000426.png    /scratch/ash/IIIT_Labels/val/seq_3/context_temporal_road_prior/0000000426.png
/scratch/ash/IIIT_Labels/val/seq_3/image/0000000367.png    /scratch/ash/IIIT_Labels/val/seq_3/labels/0000000367.png    /scratch/ash/IIIT_Labels/val/seq_3/context_temporal_road_prior/0000000367.png
/scratch/ash/IIIT_Labels/val/seq_3/image/0000000359.png    /scratch/ash/IIIT_Labels/val/seq_3/labels/0000000359.png    /scratch/ash/IIIT_Labels/val/seq_3/context_temporal_road_prior/0000000359.png
/scratch/ash/IIIT_Labels/val/seq_3/image/0000000200.png    /scratch/ash/IIIT_Labels/val/seq_3/labels/0000000200.png    /scratch/ash/IIIT_Labels/val/seq_3/context_temporal_road_prior/0000000200.png
/scratch/ash/IIIT_Labels/val/seq_3/image/0000000300.png    /scratch/ash/IIIT_Labels/val/seq_3/labels/0000000300.png    /scratch/ash/IIIT_Labels/val/seq_3/context_temporal_road_prior/0000000300.png
/scratch/ash/IIIT_Labels/val/seq_3/image/0000000225.png    /scratch/ash/IIIT_Labels/val/seq_3/labels/0000000225.png    /scratch/ash/IIIT_Labels/val/seq_3/context_temporal_road_prior/0000000225.png
/scratch/ash/IIIT_Labels/val/seq_3/image/0000000117.png    /scratch/ash/IIIT_Labels/val/seq_3/labels/0000000117.png    /scratch/ash/IIIT_Labels/val/seq_3/context_temporal_road_prior/0000000117.png
/scratch/ash/IIIT_Labels/val/seq_3/image/0000000134.png    /scratch/ash/IIIT_Labels/val/seq_3/labels/0000000134.png    /scratch/ash/IIIT_Labels/val/seq_3/context_temporal_road_prior/0000000134.png
/scratch/ash/IIIT_Labels/val/seq_3/image/0000000219.png    /scratch/ash/IIIT_Labels/val/seq_3/labels/0000000219.png    /scratch/ash/IIIT_Labels/val/seq_3/context_temporal_road_prior/0000000219.png
/scratch/ash/IIIT_Labels/val/seq_3/image/0000000328.png    /scratch/ash/IIIT_Labels/val/seq_3/labels/0000000328.png    /scratch/ash/IIIT_Labels/val/seq_3/context_temporal_road_prior/0000000328.png
/scratch/ash/IIIT_Labels/val/seq_3/image/0000000083.png    /scratch/ash/IIIT_Labels/val/seq_3/labels/0000000083.png    /scratch/ash/IIIT_Labels/val/seq_3/context_temporal_road_prior/0000000083.png
/scratch/ash/IIIT_Labels/val/seq_3/image/0000000070.png    /scratch/ash/IIIT_Labels/val/seq_3/labels/0000000070.png    /scratch/ash/IIIT_Labels/val/seq_3/context_temporal_road_prior/0000000070.png
/scratch/ash/IIIT_Labels/val/seq_3/image/0000000392.png    /scratch/ash/IIIT_Labels/val/seq_3/labels/0000000392.png    /scratch/ash/IIIT_Labels/val/seq_3/context_temporal_road_prior/0000000392.png
/scratch/ash/IIIT_Labels/val/seq_3/image/0000000431.png    /scratch/ash/IIIT_Labels/val/seq_3/labels/0000000431.png    /scratch/ash/IIIT_Labels/val/seq_3/context_temporal_road_prior/0000000431.png
/scratch/ash/IIIT_Labels/val/seq_3/image/0000000402.png    /scratch/ash/IIIT_Labels/val/seq_3/labels/0000000402.png    /scratch/ash/IIIT_Labels/val/seq_3/context_temporal_road_prior/0000000402.png
/scratch/ash/IIIT_Labels/val/seq_3/image/0000000385.png    /scratch/ash/IIIT_Labels/val/seq_3/labels/0000000385.png    /scratch/ash/IIIT_Labels/val/seq_3/context_temporal_road_prior/0000000385.png
/scratch/ash/IIIT_Labels/val/seq_3/image/0000000245.png    /scratch/ash/IIIT_Labels/val/seq_3/labels/0000000245.png    /scratch/ash/IIIT_Labels/val/seq_3/context_temporal_road_prior/0000000245.png
/scratch/ash/IIIT_Labels/val/seq_3/image/0000000234.png    /scratch/ash/IIIT_Labels/val/seq_3/labels/0000000234.png    /scratch/ash/IIIT_Labels/val/seq_3/context_temporal_road_prior/0000000234.png
/scratch/ash/IIIT_Labels/val/seq_3/image/0000000110.png    /scratch/ash/IIIT_Labels/val/seq_3/labels/0000000110.png    /scratch/ash/IIIT_Labels/val/seq_3/context_temporal_road_prior/0000000110.png
/scratch/ash/IIIT_Labels/val/seq_3/image/0000000562.png    /scratch/ash/IIIT_Labels/val/seq_3/labels/0000000562.png    /scratch/ash/IIIT_Labels/val/seq_3/context_temporal_road_prior/0000000562.png
/scratch/ash/IIIT_Labels/val/seq_3/image/0000000264.png    /scratch/ash/IIIT_Labels/val/seq_3/labels/0000000264.png    /scratch/ash/IIIT_Labels/val/seq_3/context_temporal_road_prior/0000000264.png
/scratch/ash/IIIT_Labels/val/seq_3/image/0000000152.png    /scratch/ash/IIIT_Labels/val/seq_3/labels/0000000152.png    /scratch/ash/IIIT_Labels/val/seq_3/context_temporal_road_prior/0000000152.png
/scratch/ash/IIIT_Labels/val/seq_3/image/0000000287.png    /scratch/ash/IIIT_Labels/val/seq_3/labels/0000000287.png    /scratch/ash/IIIT_Labels/val/seq_3/context_temporal_road_prior/0000000287.png
/scratch/ash/IIIT_Labels/val/seq_3/image/0000000261.png    /scratch/ash/IIIT_Labels/val/seq_3/labels/0000000261.png    /scratch/ash/IIIT_Labels/val/seq_3/context_temporal_road_prior/0000000261.png
/scratch/ash/IIIT_Labels/val/seq_3/image/0000000598.png    /scratch/ash/IIIT_Labels/val/seq_3/labels/0000000598.png    /scratch/ash/IIIT_Labels/val/seq_3/context_temporal_road_prior/0000000598.png
/scratch/ash/IIIT_Labels/val/seq_3/image/0000000205.png    /scratch/ash/IIIT_Labels/val/seq_3/labels/0000000205.png    /scratch/ash/IIIT_Labels/val/seq_3/context_temporal_road_prior/0000000205.png
/scratch/ash/IIIT_Labels/val/seq_3/image/0000000204.png    /scratch/ash/IIIT_Labels/val/seq_3/labels/0000000204.png    /scratch/ash/IIIT_Labels/val/seq_3/context_temporal_road_prior/0000000204.png
/scratch/ash/IIIT_Labels/val/seq_3/image/0000000119.png    /scratch/ash/IIIT_Labels/val/seq_3/labels/0000000119.png    /scratch/ash/IIIT_Labels/val/seq_3/context_temporal_road_prior/0000000119.png
/scratch/ash/IIIT_Labels/val/seq_3/image/0000000290.png    /scratch/ash/IIIT_Labels/val/seq_3/labels/0000000290.png    /scratch/ash/IIIT_Labels/val/seq_3/context_temporal_road_prior/0000000290.png
/scratch/ash/IIIT_Labels/val/seq_3/image/0000000126.png    /scratch/ash/IIIT_Labels/val/seq_3/labels/0000000126.png    /scratch/ash/IIIT_Labels/val/seq_3/context_temporal_road_prior/0000000126.png
/scratch/ash/IIIT_Labels/val/seq_3/image/0000000352.png    /scratch/ash/IIIT_Labels/val/seq_3/labels/0000000352.png    /scratch/ash/IIIT_Labels/val/seq_3/context_temporal_road_prior/0000000352.png
/scratch/ash/IIIT_Labels/val/seq_3/image/0000000405.png    /scratch/ash/IIIT_Labels/val/seq_3/labels/0000000405.png    /scratch/ash/IIIT_Labels/val/seq_3/context_temporal_road_prior/0000000405.png
/scratch/ash/IIIT_Labels/val/seq_3/image/0000000216.png    /scratch/ash/IIIT_Labels/val/seq_3/labels/0000000216.png    /scratch/ash/IIIT_Labels/val/seq_3/context_temporal_road_prior/0000000216.png
/scratch/ash/IIIT_Labels/val/seq_3/image/0000000608.png    /scratch/ash/IIIT_Labels/val/seq_3/labels/0000000608.png    /scratch/ash/IIIT_Labels/val/seq_3/context_temporal_road_prior/0000000608.png
/scratch/ash/IIIT_Labels/val/seq_3/image/0000000176.png    /scratch/ash/IIIT_Labels/val/seq_3/labels/0000000176.png    /scratch/ash/IIIT_Labels/val/seq_3/context_temporal_road_prior/0000000176.png
/scratch/ash/IIIT_Labels/val/seq_3/image/0000000103.png    /scratch/ash/IIIT_Labels/val/seq_3/labels/0000000103.png    /scratch/ash/IIIT_Labels/val/seq_3/context_temporal_road_prior/0000000103.png
/scratch/ash/IIIT_Labels/val/seq_3/image/0000000132.png    /scratch/ash/IIIT_Labels/val/seq_3/labels/0000000132.png    /scratch/ash/IIIT_Labels/val/seq_3/context_temporal_road_prior/0000000132.png
/scratch/ash/IIIT_Labels/val/seq_3/image/0000000095.png    /scratch/ash/IIIT_Labels/val/seq_3/labels/0000000095.png    /scratch/ash/IIIT_Labels/val/seq_3/context_temporal_road_prior/0000000095.png
/scratch/ash/IIIT_Labels/val/seq_3/image/0000000091.png    /scratch/ash/IIIT_Labels/val/seq_3/labels/0000000091.png    /scratch/ash/IIIT_Labels/val/seq_3/context_temporal_road_prior/0000000091.png
/scratch/ash/IIIT_Labels/val/seq_3/image/0000000447.png    /scratch/ash/IIIT_Labels/val/seq_3/labels/0000000447.png    /scratch/ash/IIIT_Labels/val/seq_3/context_temporal_road_prior/0000000447.png
/scratch/ash/IIIT_Labels/val/seq_3/image/0000000251.png    /scratch/ash/IIIT_Labels/val/seq_3/labels/0000000251.png    /scratch/ash/IIIT_Labels/val/seq_3/context_temporal_road_prior/0000000251.png
/scratch/ash/IIIT_Labels/val/seq_3/image/0000000296.png    /scratch/ash/IIIT_Labels/val/seq_3/labels/0000000296.png    /scratch/ash/IIIT_Labels/val/seq_3/context_temporal_road_prior/0000000296.png
/scratch/ash/IIIT_Labels/val/seq_3/image/0000000228.png    /scratch/ash/IIIT_Labels/val/seq_3/labels/0000000228.png    /scratch/ash/IIIT_Labels/val/seq_3/context_temporal_road_prior/0000000228.png
/scratch/ash/IIIT_Labels/val/seq_3/image/0000000193.png    /scratch/ash/IIIT_Labels/val/seq_3/labels/0000000193.png    /scratch/ash/IIIT_Labels/val/seq_3/context_temporal_road_prior/0000000193.png
/scratch/ash/IIIT_Labels/val/seq_3/image/0000000084.png    /scratch/ash/IIIT_Labels/val/seq_3/labels/0000000084.png    /scratch/ash/IIIT_Labels/val/seq_3/context_temporal_road_prior/0000000084.png
/scratch/ash/IIIT_Labels/val/seq_3/image/0000000511.png    /scratch/ash/IIIT_Labels/val/seq_3/labels/0000000511.png    /scratch/ash/IIIT_Labels/val/seq_3/context_temporal_road_prior/0000000511.png
/scratch/ash/IIIT_Labels/val/seq_3/image/0000000376.png    /scratch/ash/IIIT_Labels/val/seq_3/labels/0000000376.png    /scratch/ash/IIIT_Labels/val/seq_3/context_temporal_road_prior/0000000376.png
/scratch/ash/IIIT_Labels/val/seq_3/image/0000000159.png    /scratch/ash/IIIT_Labels/val/seq_3/labels/0000000159.png    /scratch/ash/IIIT_Labels/val/seq_3/context_temporal_road_prior/0000000159.png
/scratch/ash/IIIT_Labels/val/seq_3/image/0000000163.png    /scratch/ash/IIIT_Labels/val/seq_3/labels/0000000163.png    /scratch/ash/IIIT_Labels/val/seq_3/context_temporal_road_prior/0000000163.png
/scratch/ash/IIIT_Labels/val/seq_3/image/0000000087.png    /scratch/ash/IIIT_Labels/val/seq_3/labels/0000000087.png    /scratch/ash/IIIT_Labels/val/seq_3/context_temporal_road_prior/0000000087.png
/scratch/ash/IIIT_Labels/val/seq_3/image/0000000071.png    /scratch/ash/IIIT_Labels/val/seq_3/labels/0000000071.png    /scratch/ash/IIIT_Labels/val/seq_3/context_temporal_road_prior/0000000071.png
/scratch/ash/IIIT_Labels/val/seq_3/image/0000000288.png    /scratch/ash/IIIT_Labels/val/seq_3/labels/0000000288.png    /scratch/ash/IIIT_Labels/val/seq_3/context_temporal_road_prior/0000000288.png
/scratch/ash/IIIT_Labels/val/seq_3/image/0000000175.png    /scratch/ash/IIIT_Labels/val/seq_3/labels/0000000175.png    /scratch/ash/IIIT_Labels/val/seq_3/context_temporal_road_prior/0000000175.png
/scratch/ash/IIIT_Labels/val/seq_3/image/0000000371.png    /scratch/ash/IIIT_Labels/val/seq_3/labels/0000000371.png    /scratch/ash/IIIT_Labels/val/seq_3/context_temporal_road_prior/0000000371.png
/scratch/ash/IIIT_Labels/val/seq_3/image/0000000088.png    /scratch/ash/IIIT_Labels/val/seq_3/labels/0000000088.png    /scratch/ash/IIIT_Labels/val/seq_3/context_temporal_road_prior/0000000088.png
/scratch/ash/IIIT_Labels/val/seq_3/image/0000000102.png    /scratch/ash/IIIT_Labels/val/seq_3/labels/0000000102.png    /scratch/ash/IIIT_Labels/val/seq_3/context_temporal_road_prior/0000000102.png
/scratch/ash/IIIT_Labels/val/seq_3/image/0000000177.png    /scratch/ash/IIIT_Labels/val/seq_3/labels/0000000177.png    /scratch/ash/IIIT_Labels/val/seq_3/context_temporal_road_prior/0000000177.png
/scratch/ash/IIIT_Labels/val/seq_3/image/0000000334.png    /scratch/ash/IIIT_Labels/val/seq_3/labels/0000000334.png    /scratch/ash/IIIT_Labels/val/seq_3/context_temporal_road_prior/0000000334.png
/scratch/ash/IIIT_Labels/val/seq_3/image/0000000475.png    /scratch/ash/IIIT_Labels/val/seq_3/labels/0000000475.png    /scratch/ash/IIIT_Labels/val/seq_3/context_temporal_road_prior/0000000475.png
/scratch/ash/IIIT_Labels/val/seq_3/image/0000000378.png    /scratch/ash/IIIT_Labels/val/seq_3/labels/0000000378.png    /scratch/ash/IIIT_Labels/val/seq_3/context_temporal_road_prior/0000000378.png
/scratch/ash/IIIT_Labels/val/seq_3/image/0000000555.png    /scratch/ash/IIIT_Labels/val/seq_3/labels/0000000555.png    /scratch/ash/IIIT_Labels/val/seq_3/context_temporal_road_prior/0000000555.png
/scratch/ash/IIIT_Labels/val/seq_3/image/0000000631.png    /scratch/ash/IIIT_Labels/val/seq_3/labels/0000000631.png    /scratch/ash/IIIT_Labels/val/seq_3/context_temporal_road_prior/0000000631.png
/scratch/ash/IIIT_Labels/val/seq_3/image/0000000273.png    /scratch/ash/IIIT_Labels/val/seq_3/labels/0000000273.png    /scratch/ash/IIIT_Labels/val/seq_3/context_temporal_road_prior/0000000273.png
/scratch/ash/IIIT_Labels/val/seq_3/image/0000000271.png    /scratch/ash/IIIT_Labels/val/seq_3/labels/0000000271.png    /scratch/ash/IIIT_Labels/val/seq_3/context_temporal_road_prior/0000000271.png
/scratch/ash/IIIT_Labels/val/seq_3/image/0000000202.png    /scratch/ash/IIIT_Labels/val/seq_3/labels/0000000202.png    /scratch/ash/IIIT_Labels/val/seq_3/context_temporal_road_prior/0000000202.png
/scratch/ash/IIIT_Labels/val/seq_3/image/0000000534.png    /scratch/ash/IIIT_Labels/val/seq_3/labels/0000000534.png    /scratch/ash/IIIT_Labels/val/seq_3/context_temporal_road_prior/0000000534.png
/scratch/ash/IIIT_Labels/val/seq_3/image/0000000372.png    /scratch/ash/IIIT_Labels/val/seq_3/labels/0000000372.png    /scratch/ash/IIIT_Labels/val/seq_3/context_temporal_road_prior/0000000372.png
/scratch/ash/IIIT_Labels/val/seq_3/image/0000000494.png    /scratch/ash/IIIT_Labels/val/seq_3/labels/0000000494.png    /scratch/ash/IIIT_Labels/val/seq_3/context_temporal_road_prior/0000000494.png
/scratch/ash/IIIT_Labels/val/seq_3/image/0000000104.png    /scratch/ash/IIIT_Labels/val/seq_3/labels/0000000104.png    /scratch/ash/IIIT_Labels/val/seq_3/context_temporal_road_prior/0000000104.png
/scratch/ash/IIIT_Labels/val/seq_3/image/0000000190.png    /scratch/ash/IIIT_Labels/val/seq_3/labels/0000000190.png    /scratch/ash/IIIT_Labels/val/seq_3/context_temporal_road_prior/0000000190.png
/scratch/ash/IIIT_Labels/val/seq_3/image/0000000388.png    /scratch/ash/IIIT_Labels/val/seq_3/labels/0000000388.png    /scratch/ash/IIIT_Labels/val/seq_3/context_temporal_road_prior/0000000388.png
/scratch/ash/IIIT_Labels/val/seq_3/image/0000000267.png    /scratch/ash/IIIT_Labels/val/seq_3/labels/0000000267.png    /scratch/ash/IIIT_Labels/val/seq_3/context_temporal_road_prior/0000000267.png
/scratch/ash/IIIT_Labels/val/seq_3/image/0000000199.png    /scratch/ash/IIIT_Labels/val/seq_3/labels/0000000199.png    /scratch/ash/IIIT_Labels/val/seq_3/context_temporal_road_prior/0000000199.png
/scratch/ash/IIIT_Labels/val/seq_3/image/0000000279.png    /scratch/ash/IIIT_Labels/val/seq_3/labels/0000000279.png    /scratch/ash/IIIT_Labels/val/seq_3/context_temporal_road_prior/0000000279.png
/scratch/ash/IIIT_Labels/val/seq_3/image/0000000255.png    /scratch/ash/IIIT_Labels/val/seq_3/labels/0000000255.png    /scratch/ash/IIIT_Labels/val/seq_3/context_temporal_road_prior/0000000255.png
/scratch/ash/IIIT_Labels/val/seq_3/image/0000000077.png    /scratch/ash/IIIT_Labels/val/seq_3/labels/0000000077.png    /scratch/ash/IIIT_Labels/val/seq_3/context_temporal_road_prior/0000000077.png
/scratch/ash/IIIT_Labels/val/seq_3/image/0000000122.png    /scratch/ash/IIIT_Labels/val/seq_3/labels/0000000122.png    /scratch/ash/IIIT_Labels/val/seq_3/context_temporal_road_prior/0000000122.png
/scratch/ash/IIIT_Labels/val/seq_3/image/0000000140.png    /scratch/ash/IIIT_Labels/val/seq_3/labels/0000000140.png    /scratch/ash/IIIT_Labels/val/seq_3/context_temporal_road_prior/0000000140.png
/scratch/ash/IIIT_Labels/val/seq_3/image/0000000613.png    /scratch/ash/IIIT_Labels/val/seq_3/labels/0000000613.png    /scratch/ash/IIIT_Labels/val/seq_3/context_temporal_road_prior/0000000613.png
/scratch/ash/IIIT_Labels/val/seq_3/image/0000000235.png    /scratch/ash/IIIT_Labels/val/seq_3/labels/0000000235.png    /scratch/ash/IIIT_Labels/val/seq_3/context_temporal_road_prior/0000000235.png
/scratch/ash/IIIT_Labels/val/seq_3/image/0000000409.png    /scratch/ash/IIIT_Labels/val/seq_3/labels/0000000409.png    /scratch/ash/IIIT_Labels/val/seq_3/context_temporal_road_prior/0000000409.png
/scratch/ash/IIIT_Labels/val/seq_3/image/0000000074.png    /scratch/ash/IIIT_Labels/val/seq_3/labels/0000000074.png    /scratch/ash/IIIT_Labels/val/seq_3/context_temporal_road_prior/0000000074.png
/scratch/ash/IIIT_Labels/val/seq_3/image/0000000412.png    /scratch/ash/IIIT_Labels/val/seq_3/labels/0000000412.png    /scratch/ash/IIIT_Labels/val/seq_3/context_temporal_road_prior/0000000412.png
/scratch/ash/IIIT_Labels/val/seq_3/image/0000000454.png    /scratch/ash/IIIT_Labels/val/seq_3/labels/0000000454.png    /scratch/ash/IIIT_Labels/val/seq_3/context_temporal_road_prior/0000000454.png
/scratch/ash/IIIT_Labels/val/seq_3/image/0000000276.png    /scratch/ash/IIIT_Labels/val/seq_3/labels/0000000276.png    /scratch/ash/IIIT_Labels/val/seq_3/context_temporal_road_prior/0000000276.png
/scratch/ash/IIIT_Labels/val/seq_3/image/0000000335.png    /scratch/ash/IIIT_Labels/val/seq_3/labels/0000000335.png    /scratch/ash/IIIT_Labels/val/seq_3/context_temporal_road_prior/0000000335.png
/scratch/ash/IIIT_Labels/val/seq_3/image/0000000209.png    /scratch/ash/IIIT_Labels/val/seq_3/labels/0000000209.png    /scratch/ash/IIIT_Labels/val/seq_3/context_temporal_road_prior/0000000209.png
/scratch/ash/IIIT_Labels/val/seq_3/image/0000000275.png    /scratch/ash/IIIT_Labels/val/seq_3/labels/0000000275.png    /scratch/ash/IIIT_Labels/val/seq_3/context_temporal_road_prior/0000000275.png
/scratch/ash/IIIT_Labels/val/seq_3/image/0000000241.png    /scratch/ash/IIIT_Labels/val/seq_3/labels/0000000241.png    /scratch/ash/IIIT_Labels/val/seq_3/context_temporal_road_prior/0000000241.png
/scratch/ash/IIIT_Labels/val/seq_3/image/0000000590.png    /scratch/ash/IIIT_Labels/val/seq_3/labels/0000000590.png    /scratch/ash/IIIT_Labels/val/seq_3/context_temporal_road_prior/0000000590.png
/scratch/ash/IIIT_Labels/val/seq_3/image/0000000393.png    /scratch/ash/IIIT_Labels/val/seq_3/labels/0000000393.png    /scratch/ash/IIIT_Labels/val/seq_3/context_temporal_road_prior/0000000393.png
/scratch/ash/IIIT_Labels/val/seq_3/image/0000000355.png    /scratch/ash/IIIT_Labels/val/seq_3/labels/0000000355.png    /scratch/ash/IIIT_Labels/val/seq_3/context_temporal_road_prior/0000000355.png
/scratch/ash/IIIT_Labels/val/seq_3/image/0000000224.png    /scratch/ash/IIIT_Labels/val/seq_3/labels/0000000224.png    /scratch/ash/IIIT_Labels/val/seq_3/context_temporal_road_prior/0000000224.png
/scratch/ash/IIIT_Labels/val/seq_3/image/0000000218.png    /scratch/ash/IIIT_Labels/val/seq_3/labels/0000000218.png    /scratch/ash/IIIT_Labels/val/seq_3/context_temporal_road_prior/0000000218.png
/scratch/ash/IIIT_Labels/val/seq_3/image/0000000222.png    /scratch/ash/IIIT_Labels/val/seq_3/labels/0000000222.png    /scratch/ash/IIIT_Labels/val/seq_3/context_temporal_road_prior/0000000222.png
/scratch/ash/IIIT_Labels/val/seq_3/image/0000000238.png    /scratch/ash/IIIT_Labels/val/seq_3/labels/0000000238.png    /scratch/ash/IIIT_Labels/val/seq_3/context_temporal_road_prior/0000000238.png
/scratch/ash/IIIT_Labels/val/seq_3/image/0000000400.png    /scratch/ash/IIIT_Labels/val/seq_3/labels/0000000400.png    /scratch/ash/IIIT_Labels/val/seq_3/context_temporal_road_prior/0000000400.png
/scratch/ash/IIIT_Labels/val/seq_3/image/0000000368.png    /scratch/ash/IIIT_Labels/val/seq_3/labels/0000000368.png    /scratch/ash/IIIT_Labels/val/seq_3/context_temporal_road_prior/0000000368.png
/scratch/ash/IIIT_Labels/val/seq_3/image/0000000407.png    /scratch/ash/IIIT_Labels/val/seq_3/labels/0000000407.png    /scratch/ash/IIIT_Labels/val/seq_3/context_temporal_road_prior/0000000407.png
/scratch/ash/IIIT_Labels/val/seq_3/image/0000000179.png    /scratch/ash/IIIT_Labels/val/seq_3/labels/0000000179.png    /scratch/ash/IIIT_Labels/val/seq_3/context_temporal_road_prior/0000000179.png
/scratch/ash/IIIT_Labels/val/seq_3/image/0000000278.png    /scratch/ash/IIIT_Labels/val/seq_3/labels/0000000278.png    /scratch/ash/IIIT_Labels/val/seq_3/context_temporal_road_prior/0000000278.png
/scratch/ash/IIIT_Labels/val/seq_3/image/0000000105.png    /scratch/ash/IIIT_Labels/val/seq_3/labels/0000000105.png    /scratch/ash/IIIT_Labels/val/seq_3/context_temporal_road_prior/0000000105.png
/scratch/ash/IIIT_Labels/val/seq_3/image/0000000339.png    /scratch/ash/IIIT_Labels/val/seq_3/labels/0000000339.png    /scratch/ash/IIIT_Labels/val/seq_3/context_temporal_road_prior/0000000339.png
/scratch/ash/IIIT_Labels/val/seq_3/image/0000000387.png    /scratch/ash/IIIT_Labels/val/seq_3/labels/0000000387.png    /scratch/ash/IIIT_Labels/val/seq_3/context_temporal_road_prior/0000000387.png
/scratch/ash/IIIT_Labels/val/seq_3/image/0000000482.png    /scratch/ash/IIIT_Labels/val/seq_3/labels/0000000482.png    /scratch/ash/IIIT_Labels/val/seq_3/context_temporal_road_prior/0000000482.png
/scratch/ash/IIIT_Labels/val/seq_3/image/0000000360.png    /scratch/ash/IIIT_Labels/val/seq_3/labels/0000000360.png    /scratch/ash/IIIT_Labels/val/seq_3/context_temporal_road_prior/0000000360.png
/scratch/ash/IIIT_Labels/val/seq_3/image/0000000440.png    /scratch/ash/IIIT_Labels/val/seq_3/labels/0000000440.png    /scratch/ash/IIIT_Labels/val/seq_3/context_temporal_road_prior/0000000440.png
/scratch/ash/IIIT_Labels/val/seq_3/image/0000000174.png    /scratch/ash/IIIT_Labels/val/seq_3/labels/0000000174.png    /scratch/ash/IIIT_Labels/val/seq_3/context_temporal_road_prior/0000000174.png
/scratch/ash/IIIT_Labels/val/seq_3/image/0000000379.png    /scratch/ash/IIIT_Labels/val/seq_3/labels/0000000379.png    /scratch/ash/IIIT_Labels/val/seq_3/context_temporal_road_prior/0000000379.png
/scratch/ash/IIIT_Labels/val/seq_3/image/0000000391.png    /scratch/ash/IIIT_Labels/val/seq_3/labels/0000000391.png    /scratch/ash/IIIT_Labels/val/seq_3/context_temporal_road_prior/0000000391.png
/scratch/ash/IIIT_Labels/val/seq_3/image/0000000358.png    /scratch/ash/IIIT_Labels/val/seq_3/labels/0000000358.png    /scratch/ash/IIIT_Labels/val/seq_3/context_temporal_road_prior/0000000358.png
/scratch/ash/IIIT_Labels/val/seq_3/image/0000000181.png    /scratch/ash/IIIT_Labels/val/seq_3/labels/0000000181.png    /scratch/ash/IIIT_Labels/val/seq_3/context_temporal_road_prior/0000000181.png
/scratch/ash/IIIT_Labels/val/seq_3/image/0000000146.png    /scratch/ash/IIIT_Labels/val/seq_3/labels/0000000146.png    /scratch/ash/IIIT_Labels/val/seq_3/context_temporal_road_prior/0000000146.png
/scratch/ash/IIIT_Labels/val/seq_3/image/0000000582.png    /scratch/ash/IIIT_Labels/val/seq_3/labels/0000000582.png    /scratch/ash/IIIT_Labels/val/seq_3/context_temporal_road_prior/0000000582.png
/scratch/ash/IIIT_Labels/val/seq_3/image/0000000154.png    /scratch/ash/IIIT_Labels/val/seq_3/labels/0000000154.png    /scratch/ash/IIIT_Labels/val/seq_3/context_temporal_road_prior/0000000154.png
/scratch/ash/IIIT_Labels/val/seq_3/image/0000000160.png    /scratch/ash/IIIT_Labels/val/seq_3/labels/0000000160.png    /scratch/ash/IIIT_Labels/val/seq_3/context_temporal_road_prior/0000000160.png
/scratch/ash/IIIT_Labels/val/seq_3/image/0000000396.png    /scratch/ash/IIIT_Labels/val/seq_3/labels/0000000396.png    /scratch/ash/IIIT_Labels/val/seq_3/context_temporal_road_prior/0000000396.png
/scratch/ash/IIIT_Labels/val/seq_3/image/0000000138.png    /scratch/ash/IIIT_Labels/val/seq_3/labels/0000000138.png    /scratch/ash/IIIT_Labels/val/seq_3/context_temporal_road_prior/0000000138.png
/scratch/ash/IIIT_Labels/val/seq_3/image/0000000231.png    /scratch/ash/IIIT_Labels/val/seq_3/labels/0000000231.png    /scratch/ash/IIIT_Labels/val/seq_3/context_temporal_road_prior/0000000231.png
/scratch/ash/IIIT_Labels/val/seq_3/image/0000000153.png    /scratch/ash/IIIT_Labels/val/seq_3/labels/0000000153.png    /scratch/ash/IIIT_Labels/val/seq_3/context_temporal_road_prior/0000000153.png
/scratch/ash/IIIT_Labels/val/seq_3/image/0000000390.png    /scratch/ash/IIIT_Labels/val/seq_3/labels/0000000390.png    /scratch/ash/IIIT_Labels/val/seq_3/context_temporal_road_prior/0000000390.png
/scratch/ash/IIIT_Labels/val/seq_3/image/0000000277.png    /scratch/ash/IIIT_Labels/val/seq_3/labels/0000000277.png    /scratch/ash/IIIT_Labels/val/seq_3/context_temporal_road_prior/0000000277.png
/scratch/ash/IIIT_Labels/val/seq_3/image/0000000260.png    /scratch/ash/IIIT_Labels/val/seq_3/labels/0000000260.png    /scratch/ash/IIIT_Labels/val/seq_3/context_temporal_road_prior/0000000260.png
/scratch/ash/IIIT_Labels/val/seq_3/image/0000000191.png    /scratch/ash/IIIT_Labels/val/seq_3/labels/0000000191.png    /scratch/ash/IIIT_Labels/val/seq_3/context_temporal_road_prior/0000000191.png
/scratch/ash/IIIT_Labels/val/seq_3/image/0000000139.png    /scratch/ash/IIIT_Labels/val/seq_3/labels/0000000139.png    /scratch/ash/IIIT_Labels/val/seq_3/context_temporal_road_prior/0000000139.png
/scratch/ash/IIIT_Labels/val/seq_3/image/0000000522.png    /scratch/ash/IIIT_Labels/val/seq_3/labels/0000000522.png    /scratch/ash/IIIT_Labels/val/seq_3/context_temporal_road_prior/0000000522.png
/scratch/ash/IIIT_Labels/val/seq_3/image/0000000351.png    /scratch/ash/IIIT_Labels/val/seq_3/labels/0000000351.png    /scratch/ash/IIIT_Labels/val/seq_3/context_temporal_road_prior/0000000351.png
/scratch/ash/IIIT_Labels/val/seq_3/image/0000000148.png    /scratch/ash/IIIT_Labels/val/seq_3/labels/0000000148.png    /scratch/ash/IIIT_Labels/val/seq_3/context_temporal_road_prior/0000000148.png
/scratch/ash/IIIT_Labels/val/seq_3/image/0000000173.png    /scratch/ash/IIIT_Labels/val/seq_3/labels/0000000173.png    /scratch/ash/IIIT_Labels/val/seq_3/context_temporal_road_prior/0000000173.png
/scratch/ash/IIIT_Labels/val/seq_3/image/0000000195.png    /scratch/ash/IIIT_Labels/val/seq_3/labels/0000000195.png    /scratch/ash/IIIT_Labels/val/seq_3/context_temporal_road_prior/0000000195.png
/scratch/ash/IIIT_Labels/val/seq_3/image/0000000249.png    /scratch/ash/IIIT_Labels/val/seq_3/labels/0000000249.png    /scratch/ash/IIIT_Labels/val/seq_3/context_temporal_road_prior/0000000249.png
/scratch/ash/IIIT_Labels/val/seq_3/image/0000000274.png    /scratch/ash/IIIT_Labels/val/seq_3/labels/0000000274.png    /scratch/ash/IIIT_Labels/val/seq_3/context_temporal_road_prior/0000000274.png
/scratch/ash/IIIT_Labels/val/seq_3/image/0000000263.png    /scratch/ash/IIIT_Labels/val/seq_3/labels/0000000263.png    /scratch/ash/IIIT_Labels/val/seq_3/context_temporal_road_prior/0000000263.png
/scratch/ash/IIIT_Labels/val/seq_3/image/0000000417.png    /scratch/ash/IIIT_Labels/val/seq_3/labels/0000000417.png    /scratch/ash/IIIT_Labels/val/seq_3/context_temporal_road_prior/0000000417.png
/scratch/ash/IIIT_Labels/val/seq_3/image/0000000142.png    /scratch/ash/IIIT_Labels/val/seq_3/labels/0000000142.png    /scratch/ash/IIIT_Labels/val/seq_3/context_temporal_road_prior/0000000142.png
/scratch/ash/IIIT_Labels/val/seq_3/image/0000000129.png    /scratch/ash/IIIT_Labels/val/seq_3/labels/0000000129.png    /scratch/ash/IIIT_Labels/val/seq_3/context_temporal_road_prior/0000000129.png
/scratch/ash/IIIT_Labels/val/seq_3/image/0000000291.png    /scratch/ash/IIIT_Labels/val/seq_3/labels/0000000291.png    /scratch/ash/IIIT_Labels/val/seq_3/context_temporal_road_prior/0000000291.png
/scratch/ash/IIIT_Labels/val/seq_3/image/0000000332.png    /scratch/ash/IIIT_Labels/val/seq_3/labels/0000000332.png    /scratch/ash/IIIT_Labels/val/seq_3/context_temporal_road_prior/0000000332.png
/scratch/ash/IIIT_Labels/val/seq_3/image/0000000220.png    /scratch/ash/IIIT_Labels/val/seq_3/labels/0000000220.png    /scratch/ash/IIIT_Labels/val/seq_3/context_temporal_road_prior/0000000220.png
/scratch/ash/IIIT_Labels/val/seq_3/image/0000000340.png    /scratch/ash/IIIT_Labels/val/seq_3/labels/0000000340.png    /scratch/ash/IIIT_Labels/val/seq_3/context_temporal_road_prior/0000000340.png
/scratch/ash/IIIT_Labels/val/seq_3/image/0000000326.png    /scratch/ash/IIIT_Labels/val/seq_3/labels/0000000326.png    /scratch/ash/IIIT_Labels/val/seq_3/context_temporal_road_prior/0000000326.png
/scratch/ash/IIIT_Labels/val/seq_3/image/0000000301.png    /scratch/ash/IIIT_Labels/val/seq_3/labels/0000000301.png    /scratch/ash/IIIT_Labels/val/seq_3/context_temporal_road_prior/0000000301.png
/scratch/ash/IIIT_Labels/val/seq_3/image/0000000093.png    /scratch/ash/IIIT_Labels/val/seq_3/labels/0000000093.png    /scratch/ash/IIIT_Labels/val/seq_3/context_temporal_road_prior/0000000093.png
/scratch/ash/IIIT_Labels/val/seq_3/image/0000000366.png    /scratch/ash/IIIT_Labels/val/seq_3/labels/0000000366.png    /scratch/ash/IIIT_Labels/val/seq_3/context_temporal_road_prior/0000000366.png
/scratch/ash/IIIT_Labels/val/seq_3/image/0000000211.png    /scratch/ash/IIIT_Labels/val/seq_3/labels/0000000211.png    /scratch/ash/IIIT_Labels/val/seq_3/context_temporal_road_prior/0000000211.png
/scratch/ash/IIIT_Labels/val/seq_3/image/0000000269.png    /scratch/ash/IIIT_Labels/val/seq_3/labels/0000000269.png    /scratch/ash/IIIT_Labels/val/seq_3/context_temporal_road_prior/0000000269.png
/scratch/ash/IIIT_Labels/val/seq_3/image/0000000164.png    /scratch/ash/IIIT_Labels/val/seq_3/labels/0000000164.png    /scratch/ash/IIIT_Labels/val/seq_3/context_temporal_road_prior/0000000164.png
/scratch/ash/IIIT_Labels/val/seq_3/image/0000000619.png    /scratch/ash/IIIT_Labels/val/seq_3/labels/0000000619.png    /scratch/ash/IIIT_Labels/val/seq_3/context_temporal_road_prior/0000000619.png
/scratch/ash/IIIT_Labels/val/seq_3/image/0000000150.png    /scratch/ash/IIIT_Labels/val/seq_3/labels/0000000150.png    /scratch/ash/IIIT_Labels/val/seq_3/context_temporal_road_prior/0000000150.png
/scratch/ash/IIIT_Labels/val/seq_3/image/0000000345.png    /scratch/ash/IIIT_Labels/val/seq_3/labels/0000000345.png    /scratch/ash/IIIT_Labels/val/seq_3/context_temporal_road_prior/0000000345.png
/scratch/ash/IIIT_Labels/val/seq_3/image/0000000166.png    /scratch/ash/IIIT_Labels/val/seq_3/labels/0000000166.png    /scratch/ash/IIIT_Labels/val/seq_3/context_temporal_road_prior/0000000166.png
/scratch/ash/IIIT_Labels/val/seq_3/image/0000000331.png    /scratch/ash/IIIT_Labels/val/seq_3/labels/0000000331.png    /scratch/ash/IIIT_Labels/val/seq_3/context_temporal_road_prior/0000000331.png
/scratch/ash/IIIT_Labels/val/seq_3/image/0000000469.png    /scratch/ash/IIIT_Labels/val/seq_3/labels/0000000469.png    /scratch/ash/IIIT_Labels/val/seq_3/context_temporal_road_prior/0000000469.png
/scratch/ash/IIIT_Labels/val/seq_3/image/0000000299.png    /scratch/ash/IIIT_Labels/val/seq_3/labels/0000000299.png    /scratch/ash/IIIT_Labels/val/seq_3/context_temporal_road_prior/0000000299.png
/scratch/ash/IIIT_Labels/val/seq_3/image/0000000167.png    /scratch/ash/IIIT_Labels/val/seq_3/labels/0000000167.png    /scratch/ash/IIIT_Labels/val/seq_3/context_temporal_road_prior/0000000167.png
/scratch/ash/IIIT_Labels/val/seq_3/image/0000000341.png    /scratch/ash/IIIT_Labels/val/seq_3/labels/0000000341.png    /scratch/ash/IIIT_Labels/val/seq_3/context_temporal_road_prior/0000000341.png
/scratch/ash/IIIT_Labels/val/seq_3/image/0000000090.png    /scratch/ash/IIIT_Labels/val/seq_3/labels/0000000090.png    /scratch/ash/IIIT_Labels/val/seq_3/context_temporal_road_prior/0000000090.png
/scratch/ash/IIIT_Labels/val/seq_3/image/0000000111.png    /scratch/ash/IIIT_Labels/val/seq_3/labels/0000000111.png    /scratch/ash/IIIT_Labels/val/seq_3/context_temporal_road_prior/0000000111.png
/scratch/ash/IIIT_Labels/val/seq_3/image/0000000344.png    /scratch/ash/IIIT_Labels/val/seq_3/labels/0000000344.png    /scratch/ash/IIIT_Labels/val/seq_3/context_temporal_road_prior/0000000344.png
/scratch/ash/IIIT_Labels/val/seq_3/image/0000000626.png    /scratch/ash/IIIT_Labels/val/seq_3/labels/0000000626.png    /scratch/ash/IIIT_Labels/val/seq_3/context_temporal_road_prior/0000000626.png
/scratch/ash/IIIT_Labels/val/seq_3/image/0000000375.png    /scratch/ash/IIIT_Labels/val/seq_3/labels/0000000375.png    /scratch/ash/IIIT_Labels/val/seq_3/context_temporal_road_prior/0000000375.png
/scratch/ash/IIIT_Labels/val/seq_3/image/0000000242.png    /scratch/ash/IIIT_Labels/val/seq_3/labels/0000000242.png    /scratch/ash/IIIT_Labels/val/seq_3/context_temporal_road_prior/0000000242.png
/scratch/ash/IIIT_Labels/val/seq_3/image/0000000145.png    /scratch/ash/IIIT_Labels/val/seq_3/labels/0000000145.png    /scratch/ash/IIIT_Labels/val/seq_3/context_temporal_road_prior/0000000145.png
/scratch/ash/IIIT_Labels/val/seq_3/image/0000000406.png    /scratch/ash/IIIT_Labels/val/seq_3/labels/0000000406.png    /scratch/ash/IIIT_Labels/val/seq_3/context_temporal_road_prior/0000000406.png
/scratch/ash/IIIT_Labels/val/seq_3/image/0000000118.png    /scratch/ash/IIIT_Labels/val/seq_3/labels/0000000118.png    /scratch/ash/IIIT_Labels/val/seq_3/context_temporal_road_prior/0000000118.png
/scratch/ash/IIIT_Labels/val/seq_3/image/0000000284.png    /scratch/ash/IIIT_Labels/val/seq_3/labels/0000000284.png    /scratch/ash/IIIT_Labels/val/seq_3/context_temporal_road_prior/0000000284.png
/scratch/ash/IIIT_Labels/val/seq_3/image/0000000298.png    /scratch/ash/IIIT_Labels/val/seq_3/labels/0000000298.png    /scratch/ash/IIIT_Labels/val/seq_3/context_temporal_road_prior/0000000298.png
/scratch/ash/IIIT_Labels/val/seq_3/image/0000000373.png    /scratch/ash/IIIT_Labels/val/seq_3/labels/0000000373.png    /scratch/ash/IIIT_Labels/val/seq_3/context_temporal_road_prior/0000000373.png
/scratch/ash/IIIT_Labels/val/seq_3/image/0000000309.png    /scratch/ash/IIIT_Labels/val/seq_3/labels/0000000309.png    /scratch/ash/IIIT_Labels/val/seq_3/context_temporal_road_prior/0000000309.png
/scratch/ash/IIIT_Labels/val/seq_3/image/0000000120.png    /scratch/ash/IIIT_Labels/val/seq_3/labels/0000000120.png    /scratch/ash/IIIT_Labels/val/seq_3/context_temporal_road_prior/0000000120.png
/scratch/ash/IIIT_Labels/val/seq_3/image/0000000137.png    /scratch/ash/IIIT_Labels/val/seq_3/labels/0000000137.png    /scratch/ash/IIIT_Labels/val/seq_3/context_temporal_road_prior/0000000137.png
/scratch/ash/IIIT_Labels/val/seq_3/image/0000000233.png    /scratch/ash/IIIT_Labels/val/seq_3/labels/0000000233.png    /scratch/ash/IIIT_Labels/val/seq_3/context_temporal_road_prior/0000000233.png
/scratch/ash/IIIT_Labels/val/seq_3/image/0000000289.png    /scratch/ash/IIIT_Labels/val/seq_3/labels/0000000289.png    /scratch/ash/IIIT_Labels/val/seq_3/context_temporal_road_prior/0000000289.png
/scratch/ash/IIIT_Labels/val/seq_3/image/0000000325.png    /scratch/ash/IIIT_Labels/val/seq_3/labels/0000000325.png    /scratch/ash/IIIT_Labels/val/seq_3/context_temporal_road_prior/0000000325.png
/scratch/ash/IIIT_Labels/val/seq_3/image/0000000092.png    /scratch/ash/IIIT_Labels/val/seq_3/labels/0000000092.png    /scratch/ash/IIIT_Labels/val/seq_3/context_temporal_road_prior/0000000092.png
/scratch/ash/IIIT_Labels/val/seq_3/image/0000000461.png    /scratch/ash/IIIT_Labels/val/seq_3/labels/0000000461.png    /scratch/ash/IIIT_Labels/val/seq_3/context_temporal_road_prior/0000000461.png
/scratch/ash/IIIT_Labels/val/seq_3/image/0000000100.png    /scratch/ash/IIIT_Labels/val/seq_3/labels/0000000100.png    /scratch/ash/IIIT_Labels/val/seq_3/context_temporal_road_prior/0000000100.png
/scratch/ash/IIIT_Labels/val/seq_3/image/0000000547.png    /scratch/ash/IIIT_Labels/val/seq_3/labels/0000000547.png    /scratch/ash/IIIT_Labels/val/seq_3/context_temporal_road_prior/0000000547.png
/scratch/ash/IIIT_Labels/val/seq_3/image/0000000189.png    /scratch/ash/IIIT_Labels/val/seq_3/labels/0000000189.png    /scratch/ash/IIIT_Labels/val/seq_3/context_temporal_road_prior/0000000189.png
/scratch/ash/IIIT_Labels/val/seq_3/image/0000000236.png    /scratch/ash/IIIT_Labels/val/seq_3/labels/0000000236.png    /scratch/ash/IIIT_Labels/val/seq_3/context_temporal_road_prior/0000000236.png
/scratch/ash/IIIT_Labels/val/seq_3/image/0000000349.png    /scratch/ash/IIIT_Labels/val/seq_3/labels/0000000349.png    /scratch/ash/IIIT_Labels/val/seq_3/context_temporal_road_prior/0000000349.png
/scratch/ash/IIIT_Labels/val/seq_3/image/0000000157.png    /scratch/ash/IIIT_Labels/val/seq_3/labels/0000000157.png    /scratch/ash/IIIT_Labels/val/seq_3/context_temporal_road_prior/0000000157.png
/scratch/ash/IIIT_Labels/val/seq_3/image/0000000230.png    /scratch/ash/IIIT_Labels/val/seq_3/labels/0000000230.png    /scratch/ash/IIIT_Labels/val/seq_3/context_temporal_road_prior/0000000230.png
/scratch/ash/IIIT_Labels/val/seq_3/image/0000000574.png    /scratch/ash/IIIT_Labels/val/seq_3/labels/0000000574.png    /scratch/ash/IIIT_Labels/val/seq_3/context_temporal_road_prior/0000000574.png
/scratch/ash/IIIT_Labels/val/seq_3/image/0000000223.png    /scratch/ash/IIIT_Labels/val/seq_3/labels/0000000223.png    /scratch/ash/IIIT_Labels/val/seq_3/context_temporal_road_prior/0000000223.png
/scratch/ash/IIIT_Labels/val/seq_3/image/0000000246.png    /scratch/ash/IIIT_Labels/val/seq_3/labels/0000000246.png    /scratch/ash/IIIT_Labels/val/seq_3/context_temporal_road_prior/0000000246.png
/scratch/ash/IIIT_Labels/val/seq_3/image/0000000192.png    /scratch/ash/IIIT_Labels/val/seq_3/labels/0000000192.png    /scratch/ash/IIIT_Labels/val/seq_3/context_temporal_road_prior/0000000192.png
/scratch/ash/IIIT_Labels/val/seq_3/image/0000000305.png    /scratch/ash/IIIT_Labels/val/seq_3/labels/0000000305.png    /scratch/ash/IIIT_Labels/val/seq_3/context_temporal_road_prior/0000000305.png
/scratch/ash/IIIT_Labels/val/seq_3/image/0000000187.png    /scratch/ash/IIIT_Labels/val/seq_3/labels/0000000187.png    /scratch/ash/IIIT_Labels/val/seq_3/context_temporal_road_prior/0000000187.png
/scratch/ash/IIIT_Labels/val/seq_3/image/0000000517.png    /scratch/ash/IIIT_Labels/val/seq_3/labels/0000000517.png    /scratch/ash/IIIT_Labels/val/seq_3/context_temporal_road_prior/0000000517.png
/scratch/ash/IIIT_Labels/val/seq_3/image/0000000215.png    /scratch/ash/IIIT_Labels/val/seq_3/labels/0000000215.png    /scratch/ash/IIIT_Labels/val/seq_3/context_temporal_road_prior/0000000215.png
/scratch/ash/IIIT_Labels/val/seq_3/image/0000000203.png    /scratch/ash/IIIT_Labels/val/seq_3/labels/0000000203.png    /scratch/ash/IIIT_Labels/val/seq_3/context_temporal_road_prior/0000000203.png
/scratch/ash/IIIT_Labels/val/seq_3/image/0000000541.png    /scratch/ash/IIIT_Labels/val/seq_3/labels/0000000541.png    /scratch/ash/IIIT_Labels/val/seq_3/context_temporal_road_prior/0000000541.png
/scratch/ash/IIIT_Labels/val/seq_3/image/0000000398.png    /scratch/ash/IIIT_Labels/val/seq_3/labels/0000000398.png    /scratch/ash/IIIT_Labels/val/seq_3/context_temporal_road_prior/0000000398.png
/scratch/ash/IIIT_Labels/val/seq_3/image/0000000257.png    /scratch/ash/IIIT_Labels/val/seq_3/labels/0000000257.png    /scratch/ash/IIIT_Labels/val/seq_3/context_temporal_road_prior/0000000257.png
/scratch/ash/IIIT_Labels/val/seq_3/image/0000000079.png    /scratch/ash/IIIT_Labels/val/seq_3/labels/0000000079.png    /scratch/ash/IIIT_Labels/val/seq_3/context_temporal_road_prior/0000000079.png
/scratch/ash/IIIT_Labels/val/seq_3/image/0000000307.png    /scratch/ash/IIIT_Labels/val/seq_3/labels/0000000307.png    /scratch/ash/IIIT_Labels/val/seq_3/context_temporal_road_prior/0000000307.png
/scratch/ash/IIIT_Labels/val/seq_3/image/0000000115.png    /scratch/ash/IIIT_Labels/val/seq_3/labels/0000000115.png    /scratch/ash/IIIT_Labels/val/seq_3/context_temporal_road_prior/0000000115.png
/scratch/ash/IIIT_Labels/val/seq_4/image/0000000178.png    /scratch/ash/IIIT_Labels/val/seq_4/labels/0000000178.png    /scratch/ash/IIIT_Labels/val/seq_4/context_temporal_road_prior/0000000178.png
/scratch/ash/IIIT_Labels/val/seq_4/image/0000000171.png    /scratch/ash/IIIT_Labels/val/seq_4/labels/0000000171.png    /scratch/ash/IIIT_Labels/val/seq_4/context_temporal_road_prior/0000000171.png
/scratch/ash/IIIT_Labels/val/seq_4/image/0000000048.png    /scratch/ash/IIIT_Labels/val/seq_4/labels/0000000048.png    /scratch/ash/IIIT_Labels/val/seq_4/context_temporal_road_prior/0000000048.png
/scratch/ash/IIIT_Labels/val/seq_4/image/0000000170.png    /scratch/ash/IIIT_Labels/val/seq_4/labels/0000000170.png    /scratch/ash/IIIT_Labels/val/seq_4/context_temporal_road_prior/0000000170.png
/scratch/ash/IIIT_Labels/val/seq_4/image/0000000165.png    /scratch/ash/IIIT_Labels/val/seq_4/labels/0000000165.png    /scratch/ash/IIIT_Labels/val/seq_4/context_temporal_road_prior/0000000165.png
/scratch/ash/IIIT_Labels/val/seq_4/image/0000000149.png    /scratch/ash/IIIT_Labels/val/seq_4/labels/0000000149.png    /scratch/ash/IIIT_Labels/val/seq_4/context_temporal_road_prior/0000000149.png
/scratch/ash/IIIT_Labels/val/seq_4/image/0000000038.png    /scratch/ash/IIIT_Labels/val/seq_4/labels/0000000038.png    /scratch/ash/IIIT_Labels/val/seq_4/context_temporal_road_prior/0000000038.png
/scratch/ash/IIIT_Labels/val/seq_4/image/0000000039.png    /scratch/ash/IIIT_Labels/val/seq_4/labels/0000000039.png    /scratch/ash/IIIT_Labels/val/seq_4/context_temporal_road_prior/0000000039.png
/scratch/ash/IIIT_Labels/val/seq_4/image/0000000015.png    /scratch/ash/IIIT_Labels/val/seq_4/labels/0000000015.png    /scratch/ash/IIIT_Labels/val/seq_4/context_temporal_road_prior/0000000015.png
/scratch/ash/IIIT_Labels/val/seq_4/image/0000000017.png    /scratch/ash/IIIT_Labels/val/seq_4/labels/0000000017.png    /scratch/ash/IIIT_Labels/val/seq_4/context_temporal_road_prior/0000000017.png
/scratch/ash/IIIT_Labels/val/seq_4/image/0000000004.png    /scratch/ash/IIIT_Labels/val/seq_4/labels/0000000004.png    /scratch/ash/IIIT_Labels/val/seq_4/context_temporal_road_prior/0000000004.png
/scratch/ash/IIIT_Labels/val/seq_4/image/0000000135.png    /scratch/ash/IIIT_Labels/val/seq_4/labels/0000000135.png    /scratch/ash/IIIT_Labels/val/seq_4/context_temporal_road_prior/0000000135.png
/scratch/ash/IIIT_Labels/val/seq_4/image/0000000082.png    /scratch/ash/IIIT_Labels/val/seq_4/labels/0000000082.png    /scratch/ash/IIIT_Labels/val/seq_4/context_temporal_road_prior/0000000082.png
/scratch/ash/IIIT_Labels/val/seq_4/image/0000000184.png    /scratch/ash/IIIT_Labels/val/seq_4/labels/0000000184.png    /scratch/ash/IIIT_Labels/val/seq_4/context_temporal_road_prior/0000000184.png
/scratch/ash/IIIT_Labels/val/seq_4/image/0000000106.png    /scratch/ash/IIIT_Labels/val/seq_4/labels/0000000106.png    /scratch/ash/IIIT_Labels/val/seq_4/context_temporal_road_prior/0000000106.png
/scratch/ash/IIIT_Labels/val/seq_4/image/0000000124.png    /scratch/ash/IIIT_Labels/val/seq_4/labels/0000000124.png    /scratch/ash/IIIT_Labels/val/seq_4/context_temporal_road_prior/0000000124.png
/scratch/ash/IIIT_Labels/val/seq_4/image/0000000180.png    /scratch/ash/IIIT_Labels/val/seq_4/labels/0000000180.png    /scratch/ash/IIIT_Labels/val/seq_4/context_temporal_road_prior/0000000180.png
/scratch/ash/IIIT_Labels/val/seq_4/image/0000000131.png    /scratch/ash/IIIT_Labels/val/seq_4/labels/0000000131.png    /scratch/ash/IIIT_Labels/val/seq_4/context_temporal_road_prior/0000000131.png
/scratch/ash/IIIT_Labels/val/seq_4/image/0000000098.png    /scratch/ash/IIIT_Labels/val/seq_4/labels/0000000098.png    /scratch/ash/IIIT_Labels/val/seq_4/context_temporal_road_prior/0000000098.png
/scratch/ash/IIIT_Labels/val/seq_4/image/0000000162.png    /scratch/ash/IIIT_Labels/val/seq_4/labels/0000000162.png    /scratch/ash/IIIT_Labels/val/seq_4/context_temporal_road_prior/0000000162.png
/scratch/ash/IIIT_Labels/val/seq_4/image/0000000185.png    /scratch/ash/IIIT_Labels/val/seq_4/labels/0000000185.png    /scratch/ash/IIIT_Labels/val/seq_4/context_temporal_road_prior/0000000185.png
/scratch/ash/IIIT_Labels/val/seq_4/image/0000000076.png    /scratch/ash/IIIT_Labels/val/seq_4/labels/0000000076.png    /scratch/ash/IIIT_Labels/val/seq_4/context_temporal_road_prior/0000000076.png
/scratch/ash/IIIT_Labels/val/seq_4/image/0000000117.png    /scratch/ash/IIIT_Labels/val/seq_4/labels/0000000117.png    /scratch/ash/IIIT_Labels/val/seq_4/context_temporal_road_prior/0000000117.png
/scratch/ash/IIIT_Labels/val/seq_4/image/0000000080.png    /scratch/ash/IIIT_Labels/val/seq_4/labels/0000000080.png    /scratch/ash/IIIT_Labels/val/seq_4/context_temporal_road_prior/0000000080.png
/scratch/ash/IIIT_Labels/val/seq_4/image/0000000134.png    /scratch/ash/IIIT_Labels/val/seq_4/labels/0000000134.png    /scratch/ash/IIIT_Labels/val/seq_4/context_temporal_road_prior/0000000134.png
/scratch/ash/IIIT_Labels/val/seq_4/image/0000000083.png    /scratch/ash/IIIT_Labels/val/seq_4/labels/0000000083.png    /scratch/ash/IIIT_Labels/val/seq_4/context_temporal_road_prior/0000000083.png
/scratch/ash/IIIT_Labels/val/seq_4/image/0000000070.png    /scratch/ash/IIIT_Labels/val/seq_4/labels/0000000070.png    /scratch/ash/IIIT_Labels/val/seq_4/context_temporal_road_prior/0000000070.png
/scratch/ash/IIIT_Labels/val/seq_4/image/0000000169.png    /scratch/ash/IIIT_Labels/val/seq_4/labels/0000000169.png    /scratch/ash/IIIT_Labels/val/seq_4/context_temporal_road_prior/0000000169.png
/scratch/ash/IIIT_Labels/val/seq_4/image/0000000186.png    /scratch/ash/IIIT_Labels/val/seq_4/labels/0000000186.png    /scratch/ash/IIIT_Labels/val/seq_4/context_temporal_road_prior/0000000186.png
/scratch/ash/IIIT_Labels/val/seq_4/image/0000000110.png    /scratch/ash/IIIT_Labels/val/seq_4/labels/0000000110.png    /scratch/ash/IIIT_Labels/val/seq_4/context_temporal_road_prior/0000000110.png
/scratch/ash/IIIT_Labels/val/seq_4/image/0000000008.png    /scratch/ash/IIIT_Labels/val/seq_4/labels/0000000008.png    /scratch/ash/IIIT_Labels/val/seq_4/context_temporal_road_prior/0000000008.png
/scratch/ash/IIIT_Labels/val/seq_4/image/0000000152.png    /scratch/ash/IIIT_Labels/val/seq_4/labels/0000000152.png    /scratch/ash/IIIT_Labels/val/seq_4/context_temporal_road_prior/0000000152.png
/scratch/ash/IIIT_Labels/val/seq_4/image/0000000052.png    /scratch/ash/IIIT_Labels/val/seq_4/labels/0000000052.png    /scratch/ash/IIIT_Labels/val/seq_4/context_temporal_road_prior/0000000052.png
/scratch/ash/IIIT_Labels/val/seq_4/image/0000000066.png    /scratch/ash/IIIT_Labels/val/seq_4/labels/0000000066.png    /scratch/ash/IIIT_Labels/val/seq_4/context_temporal_road_prior/0000000066.png
/scratch/ash/IIIT_Labels/val/seq_4/image/0000000081.png    /scratch/ash/IIIT_Labels/val/seq_4/labels/0000000081.png    /scratch/ash/IIIT_Labels/val/seq_4/context_temporal_road_prior/0000000081.png
/scratch/ash/IIIT_Labels/val/seq_4/image/0000000183.png    /scratch/ash/IIIT_Labels/val/seq_4/labels/0000000183.png    /scratch/ash/IIIT_Labels/val/seq_4/context_temporal_road_prior/0000000183.png
/scratch/ash/IIIT_Labels/val/seq_4/image/0000000047.png    /scratch/ash/IIIT_Labels/val/seq_4/labels/0000000047.png    /scratch/ash/IIIT_Labels/val/seq_4/context_temporal_road_prior/0000000047.png
/scratch/ash/IIIT_Labels/val/seq_4/image/0000000119.png    /scratch/ash/IIIT_Labels/val/seq_4/labels/0000000119.png    /scratch/ash/IIIT_Labels/val/seq_4/context_temporal_road_prior/0000000119.png
/scratch/ash/IIIT_Labels/val/seq_4/image/0000000113.png    /scratch/ash/IIIT_Labels/val/seq_4/labels/0000000113.png    /scratch/ash/IIIT_Labels/val/seq_4/context_temporal_road_prior/0000000113.png
/scratch/ash/IIIT_Labels/val/seq_4/image/0000000101.png    /scratch/ash/IIIT_Labels/val/seq_4/labels/0000000101.png    /scratch/ash/IIIT_Labels/val/seq_4/context_temporal_road_prior/0000000101.png
/scratch/ash/IIIT_Labels/val/seq_4/image/0000000176.png    /scratch/ash/IIIT_Labels/val/seq_4/labels/0000000176.png    /scratch/ash/IIIT_Labels/val/seq_4/context_temporal_road_prior/0000000176.png
/scratch/ash/IIIT_Labels/val/seq_4/image/0000000132.png    /scratch/ash/IIIT_Labels/val/seq_4/labels/0000000132.png    /scratch/ash/IIIT_Labels/val/seq_4/context_temporal_road_prior/0000000132.png
/scratch/ash/IIIT_Labels/val/seq_4/image/0000000095.png    /scratch/ash/IIIT_Labels/val/seq_4/labels/0000000095.png    /scratch/ash/IIIT_Labels/val/seq_4/context_temporal_road_prior/0000000095.png
/scratch/ash/IIIT_Labels/val/seq_4/image/0000000049.png    /scratch/ash/IIIT_Labels/val/seq_4/labels/0000000049.png    /scratch/ash/IIIT_Labels/val/seq_4/context_temporal_road_prior/0000000049.png
/scratch/ash/IIIT_Labels/val/seq_4/image/0000000159.png    /scratch/ash/IIIT_Labels/val/seq_4/labels/0000000159.png    /scratch/ash/IIIT_Labels/val/seq_4/context_temporal_road_prior/0000000159.png
/scratch/ash/IIIT_Labels/val/seq_4/image/0000000163.png    /scratch/ash/IIIT_Labels/val/seq_4/labels/0000000163.png    /scratch/ash/IIIT_Labels/val/seq_4/context_temporal_road_prior/0000000163.png
/scratch/ash/IIIT_Labels/val/seq_4/image/0000000087.png    /scratch/ash/IIIT_Labels/val/seq_4/labels/0000000087.png    /scratch/ash/IIIT_Labels/val/seq_4/context_temporal_road_prior/0000000087.png
/scratch/ash/IIIT_Labels/val/seq_4/image/0000000071.png    /scratch/ash/IIIT_Labels/val/seq_4/labels/0000000071.png    /scratch/ash/IIIT_Labels/val/seq_4/context_temporal_road_prior/0000000071.png
/scratch/ash/IIIT_Labels/val/seq_4/image/0000000088.png    /scratch/ash/IIIT_Labels/val/seq_4/labels/0000000088.png    /scratch/ash/IIIT_Labels/val/seq_4/context_temporal_road_prior/0000000088.png
/scratch/ash/IIIT_Labels/val/seq_4/image/0000000102.png    /scratch/ash/IIIT_Labels/val/seq_4/labels/0000000102.png    /scratch/ash/IIIT_Labels/val/seq_4/context_temporal_road_prior/0000000102.png
/scratch/ash/IIIT_Labels/val/seq_4/image/0000000046.png    /scratch/ash/IIIT_Labels/val/seq_4/labels/0000000046.png    /scratch/ash/IIIT_Labels/val/seq_4/context_temporal_road_prior/0000000046.png
/scratch/ash/IIIT_Labels/val/seq_4/image/0000000067.png    /scratch/ash/IIIT_Labels/val/seq_4/labels/0000000067.png    /scratch/ash/IIIT_Labels/val/seq_4/context_temporal_road_prior/0000000067.png
/scratch/ash/IIIT_Labels/val/seq_4/image/0000000104.png    /scratch/ash/IIIT_Labels/val/seq_4/labels/0000000104.png    /scratch/ash/IIIT_Labels/val/seq_4/context_temporal_road_prior/0000000104.png
/scratch/ash/IIIT_Labels/val/seq_4/image/0000000011.png    /scratch/ash/IIIT_Labels/val/seq_4/labels/0000000011.png    /scratch/ash/IIIT_Labels/val/seq_4/context_temporal_road_prior/0000000011.png
/scratch/ash/IIIT_Labels/val/seq_4/image/0000000028.png    /scratch/ash/IIIT_Labels/val/seq_4/labels/0000000028.png    /scratch/ash/IIIT_Labels/val/seq_4/context_temporal_road_prior/0000000028.png
/scratch/ash/IIIT_Labels/val/seq_4/image/0000000122.png    /scratch/ash/IIIT_Labels/val/seq_4/labels/0000000122.png    /scratch/ash/IIIT_Labels/val/seq_4/context_temporal_road_prior/0000000122.png
/scratch/ash/IIIT_Labels/val/seq_4/image/0000000140.png    /scratch/ash/IIIT_Labels/val/seq_4/labels/0000000140.png    /scratch/ash/IIIT_Labels/val/seq_4/context_temporal_road_prior/0000000140.png
/scratch/ash/IIIT_Labels/val/seq_4/image/0000000006.png    /scratch/ash/IIIT_Labels/val/seq_4/labels/0000000006.png    /scratch/ash/IIIT_Labels/val/seq_4/context_temporal_road_prior/0000000006.png
/scratch/ash/IIIT_Labels/val/seq_4/image/0000000074.png    /scratch/ash/IIIT_Labels/val/seq_4/labels/0000000074.png    /scratch/ash/IIIT_Labels/val/seq_4/context_temporal_road_prior/0000000074.png
/scratch/ash/IIIT_Labels/val/seq_4/image/0000000108.png    /scratch/ash/IIIT_Labels/val/seq_4/labels/0000000108.png    /scratch/ash/IIIT_Labels/val/seq_4/context_temporal_road_prior/0000000108.png
/scratch/ash/IIIT_Labels/val/seq_4/image/0000000089.png    /scratch/ash/IIIT_Labels/val/seq_4/labels/0000000089.png    /scratch/ash/IIIT_Labels/val/seq_4/context_temporal_road_prior/0000000089.png
/scratch/ash/IIIT_Labels/val/seq_4/image/0000000042.png    /scratch/ash/IIIT_Labels/val/seq_4/labels/0000000042.png    /scratch/ash/IIIT_Labels/val/seq_4/context_temporal_road_prior/0000000042.png
/scratch/ash/IIIT_Labels/val/seq_4/image/0000000121.png    /scratch/ash/IIIT_Labels/val/seq_4/labels/0000000121.png    /scratch/ash/IIIT_Labels/val/seq_4/context_temporal_road_prior/0000000121.png
/scratch/ash/IIIT_Labels/val/seq_4/image/0000000179.png    /scratch/ash/IIIT_Labels/val/seq_4/labels/0000000179.png    /scratch/ash/IIIT_Labels/val/seq_4/context_temporal_road_prior/0000000179.png
/scratch/ash/IIIT_Labels/val/seq_4/image/0000000143.png    /scratch/ash/IIIT_Labels/val/seq_4/labels/0000000143.png    /scratch/ash/IIIT_Labels/val/seq_4/context_temporal_road_prior/0000000143.png
/scratch/ash/IIIT_Labels/val/seq_4/image/0000000043.png    /scratch/ash/IIIT_Labels/val/seq_4/labels/0000000043.png    /scratch/ash/IIIT_Labels/val/seq_4/context_temporal_road_prior/0000000043.png
/scratch/ash/IIIT_Labels/val/seq_4/image/0000000010.png    /scratch/ash/IIIT_Labels/val/seq_4/labels/0000000010.png    /scratch/ash/IIIT_Labels/val/seq_4/context_temporal_road_prior/0000000010.png
/scratch/ash/IIIT_Labels/val/seq_4/image/0000000174.png    /scratch/ash/IIIT_Labels/val/seq_4/labels/0000000174.png    /scratch/ash/IIIT_Labels/val/seq_4/context_temporal_road_prior/0000000174.png
/scratch/ash/IIIT_Labels/val/seq_4/image/0000000158.png    /scratch/ash/IIIT_Labels/val/seq_4/labels/0000000158.png    /scratch/ash/IIIT_Labels/val/seq_4/context_temporal_road_prior/0000000158.png
/scratch/ash/IIIT_Labels/val/seq_4/image/0000000181.png    /scratch/ash/IIIT_Labels/val/seq_4/labels/0000000181.png    /scratch/ash/IIIT_Labels/val/seq_4/context_temporal_road_prior/0000000181.png
/scratch/ash/IIIT_Labels/val/seq_4/image/0000000156.png    /scratch/ash/IIIT_Labels/val/seq_4/labels/0000000156.png    /scratch/ash/IIIT_Labels/val/seq_4/context_temporal_road_prior/0000000156.png
/scratch/ash/IIIT_Labels/val/seq_4/image/0000000146.png    /scratch/ash/IIIT_Labels/val/seq_4/labels/0000000146.png    /scratch/ash/IIIT_Labels/val/seq_4/context_temporal_road_prior/0000000146.png
/scratch/ash/IIIT_Labels/val/seq_4/image/0000000154.png    /scratch/ash/IIIT_Labels/val/seq_4/labels/0000000154.png    /scratch/ash/IIIT_Labels/val/seq_4/context_temporal_road_prior/0000000154.png
/scratch/ash/IIIT_Labels/val/seq_4/image/0000000160.png    /scratch/ash/IIIT_Labels/val/seq_4/labels/0000000160.png    /scratch/ash/IIIT_Labels/val/seq_4/context_temporal_road_prior/0000000160.png
/scratch/ash/IIIT_Labels/val/seq_4/image/0000000138.png    /scratch/ash/IIIT_Labels/val/seq_4/labels/0000000138.png    /scratch/ash/IIIT_Labels/val/seq_4/context_temporal_road_prior/0000000138.png
/scratch/ash/IIIT_Labels/val/seq_4/image/0000000153.png    /scratch/ash/IIIT_Labels/val/seq_4/labels/0000000153.png    /scratch/ash/IIIT_Labels/val/seq_4/context_temporal_road_prior/0000000153.png
/scratch/ash/IIIT_Labels/val/seq_4/image/0000000014.png    /scratch/ash/IIIT_Labels/val/seq_4/labels/0000000014.png    /scratch/ash/IIIT_Labels/val/seq_4/context_temporal_road_prior/0000000014.png
/scratch/ash/IIIT_Labels/val/seq_4/image/0000000094.png    /scratch/ash/IIIT_Labels/val/seq_4/labels/0000000094.png    /scratch/ash/IIIT_Labels/val/seq_4/context_temporal_road_prior/0000000094.png
/scratch/ash/IIIT_Labels/val/seq_4/image/0000000139.png    /scratch/ash/IIIT_Labels/val/seq_4/labels/0000000139.png    /scratch/ash/IIIT_Labels/val/seq_4/context_temporal_road_prior/0000000139.png
/scratch/ash/IIIT_Labels/val/seq_4/image/0000000148.png    /scratch/ash/IIIT_Labels/val/seq_4/labels/0000000148.png    /scratch/ash/IIIT_Labels/val/seq_4/context_temporal_road_prior/0000000148.png
/scratch/ash/IIIT_Labels/val/seq_4/image/0000000173.png    /scratch/ash/IIIT_Labels/val/seq_4/labels/0000000173.png    /scratch/ash/IIIT_Labels/val/seq_4/context_temporal_road_prior/0000000173.png
/scratch/ash/IIIT_Labels/val/seq_4/image/0000000037.png    /scratch/ash/IIIT_Labels/val/seq_4/labels/0000000037.png    /scratch/ash/IIIT_Labels/val/seq_4/context_temporal_road_prior/0000000037.png
/scratch/ash/IIIT_Labels/val/seq_4/image/0000000055.png    /scratch/ash/IIIT_Labels/val/seq_4/labels/0000000055.png    /scratch/ash/IIIT_Labels/val/seq_4/context_temporal_road_prior/0000000055.png
/scratch/ash/IIIT_Labels/val/seq_4/image/0000000142.png    /scratch/ash/IIIT_Labels/val/seq_4/labels/0000000142.png    /scratch/ash/IIIT_Labels/val/seq_4/context_temporal_road_prior/0000000142.png
/scratch/ash/IIIT_Labels/val/seq_4/image/0000000051.png    /scratch/ash/IIIT_Labels/val/seq_4/labels/0000000051.png    /scratch/ash/IIIT_Labels/val/seq_4/context_temporal_road_prior/0000000051.png
/scratch/ash/IIIT_Labels/val/seq_4/image/0000000168.png    /scratch/ash/IIIT_Labels/val/seq_4/labels/0000000168.png    /scratch/ash/IIIT_Labels/val/seq_4/context_temporal_road_prior/0000000168.png
/scratch/ash/IIIT_Labels/val/seq_4/image/0000000093.png    /scratch/ash/IIIT_Labels/val/seq_4/labels/0000000093.png    /scratch/ash/IIIT_Labels/val/seq_4/context_temporal_road_prior/0000000093.png
/scratch/ash/IIIT_Labels/val/seq_4/image/0000000001.png    /scratch/ash/IIIT_Labels/val/seq_4/labels/0000000001.png    /scratch/ash/IIIT_Labels/val/seq_4/context_temporal_road_prior/0000000001.png
/scratch/ash/IIIT_Labels/val/seq_4/image/0000000069.png    /scratch/ash/IIIT_Labels/val/seq_4/labels/0000000069.png    /scratch/ash/IIIT_Labels/val/seq_4/context_temporal_road_prior/0000000069.png
/scratch/ash/IIIT_Labels/val/seq_4/image/0000000002.png    /scratch/ash/IIIT_Labels/val/seq_4/labels/0000000002.png    /scratch/ash/IIIT_Labels/val/seq_4/context_temporal_road_prior/0000000002.png
/scratch/ash/IIIT_Labels/val/seq_4/image/0000000150.png    /scratch/ash/IIIT_Labels/val/seq_4/labels/0000000150.png    /scratch/ash/IIIT_Labels/val/seq_4/context_temporal_road_prior/0000000150.png
/scratch/ash/IIIT_Labels/val/seq_4/image/0000000136.png    /scratch/ash/IIIT_Labels/val/seq_4/labels/0000000136.png    /scratch/ash/IIIT_Labels/val/seq_4/context_temporal_road_prior/0000000136.png
/scratch/ash/IIIT_Labels/val/seq_4/image/0000000041.png    /scratch/ash/IIIT_Labels/val/seq_4/labels/0000000041.png    /scratch/ash/IIIT_Labels/val/seq_4/context_temporal_road_prior/0000000041.png
/scratch/ash/IIIT_Labels/val/seq_4/image/0000000075.png    /scratch/ash/IIIT_Labels/val/seq_4/labels/0000000075.png    /scratch/ash/IIIT_Labels/val/seq_4/context_temporal_road_prior/0000000075.png
/scratch/ash/IIIT_Labels/val/seq_4/image/0000000167.png    /scratch/ash/IIIT_Labels/val/seq_4/labels/0000000167.png    /scratch/ash/IIIT_Labels/val/seq_4/context_temporal_road_prior/0000000167.png
/scratch/ash/IIIT_Labels/val/seq_4/image/0000000107.png    /scratch/ash/IIIT_Labels/val/seq_4/labels/0000000107.png    /scratch/ash/IIIT_Labels/val/seq_4/context_temporal_road_prior/0000000107.png
/scratch/ash/IIIT_Labels/val/seq_4/image/0000000005.png    /scratch/ash/IIIT_Labels/val/seq_4/labels/0000000005.png    /scratch/ash/IIIT_Labels/val/seq_4/context_temporal_road_prior/0000000005.png
/scratch/ash/IIIT_Labels/val/seq_4/image/0000000029.png    /scratch/ash/IIIT_Labels/val/seq_4/labels/0000000029.png    /scratch/ash/IIIT_Labels/val/seq_4/context_temporal_road_prior/0000000029.png
/scratch/ash/IIIT_Labels/val/seq_4/image/0000000182.png    /scratch/ash/IIIT_Labels/val/seq_4/labels/0000000182.png    /scratch/ash/IIIT_Labels/val/seq_4/context_temporal_road_prior/0000000182.png
/scratch/ash/IIIT_Labels/val/seq_4/image/0000000016.png    /scratch/ash/IIIT_Labels/val/seq_4/labels/0000000016.png    /scratch/ash/IIIT_Labels/val/seq_4/context_temporal_road_prior/0000000016.png
/scratch/ash/IIIT_Labels/val/seq_4/image/0000000112.png    /scratch/ash/IIIT_Labels/val/seq_4/labels/0000000112.png    /scratch/ash/IIIT_Labels/val/seq_4/context_temporal_road_prior/0000000112.png
/scratch/ash/IIIT_Labels/val/seq_4/image/0000000145.png    /scratch/ash/IIIT_Labels/val/seq_4/labels/0000000145.png    /scratch/ash/IIIT_Labels/val/seq_4/context_temporal_road_prior/0000000145.png
/scratch/ash/IIIT_Labels/val/seq_4/image/0000000130.png    /scratch/ash/IIIT_Labels/val/seq_4/labels/0000000130.png    /scratch/ash/IIIT_Labels/val/seq_4/context_temporal_road_prior/0000000130.png
/scratch/ash/IIIT_Labels/val/seq_4/image/0000000085.png    /scratch/ash/IIIT_Labels/val/seq_4/labels/0000000085.png    /scratch/ash/IIIT_Labels/val/seq_4/context_temporal_road_prior/0000000085.png
/scratch/ash/IIIT_Labels/val/seq_4/image/0000000120.png    /scratch/ash/IIIT_Labels/val/seq_4/labels/0000000120.png    /scratch/ash/IIIT_Labels/val/seq_4/context_temporal_road_prior/0000000120.png
/scratch/ash/IIIT_Labels/val/seq_4/image/0000000137.png    /scratch/ash/IIIT_Labels/val/seq_4/labels/0000000137.png    /scratch/ash/IIIT_Labels/val/seq_4/context_temporal_road_prior/0000000137.png
/scratch/ash/IIIT_Labels/val/seq_4/image/0000000092.png    /scratch/ash/IIIT_Labels/val/seq_4/labels/0000000092.png    /scratch/ash/IIIT_Labels/val/seq_4/context_temporal_road_prior/0000000092.png
/scratch/ash/IIIT_Labels/val/seq_4/image/0000000100.png    /scratch/ash/IIIT_Labels/val/seq_4/labels/0000000100.png    /scratch/ash/IIIT_Labels/val/seq_4/context_temporal_road_prior/0000000100.png
/scratch/ash/IIIT_Labels/val/seq_4/image/0000000172.png    /scratch/ash/IIIT_Labels/val/seq_4/labels/0000000172.png    /scratch/ash/IIIT_Labels/val/seq_4/context_temporal_road_prior/0000000172.png
/scratch/ash/IIIT_Labels/val/seq_4/image/0000000157.png    /scratch/ash/IIIT_Labels/val/seq_4/labels/0000000157.png    /scratch/ash/IIIT_Labels/val/seq_4/context_temporal_road_prior/0000000157.png
/scratch/ash/IIIT_Labels/val/seq_4/image/0000000123.png    /scratch/ash/IIIT_Labels/val/seq_4/labels/0000000123.png    /scratch/ash/IIIT_Labels/val/seq_4/context_temporal_road_prior/0000000123.png
/scratch/ash/IIIT_Labels/val/seq_4/image/0000000116.png    /scratch/ash/IIIT_Labels/val/seq_4/labels/0000000116.png    /scratch/ash/IIIT_Labels/val/seq_4/context_temporal_road_prior/0000000116.png
/scratch/ash/IIIT_Labels/val/seq_4/image/0000000161.png    /scratch/ash/IIIT_Labels/val/seq_4/labels/0000000161.png    /scratch/ash/IIIT_Labels/val/seq_4/context_temporal_road_prior/0000000161.png
/scratch/ash/IIIT_Labels/val/seq_4/image/0000000147.png    /scratch/ash/IIIT_Labels/val/seq_4/labels/0000000147.png    /scratch/ash/IIIT_Labels/val/seq_4/context_temporal_road_prior/0000000147.png
/scratch/ash/IIIT_Labels/val/seq_4/image/0000000079.png    /scratch/ash/IIIT_Labels/val/seq_4/labels/0000000079.png    /scratch/ash/IIIT_Labels/val/seq_4/context_temporal_road_prior/0000000079.png
/scratch/ash/IIIT_Labels/val/seq_4/image/0000000115.png    /scratch/ash/IIIT_Labels/val/seq_4/labels/0000000115.png    /scratch/ash/IIIT_Labels/val/seq_4/context_temporal_road_prior/0000000115.png
/scratch/ash/IIIT_Labels/val/vindhya_1/image/0000000265.png    /scratch/ash/IIIT_Labels/val/vindhya_1/labels/0000000265.png    /scratch/ash/IIIT_Labels/val/vindhya_1/context_temporal_road_prior/0000000265.png
/scratch/ash/IIIT_Labels/val/vindhya_1/image/0000000421.png    /scratch/ash/IIIT_Labels/val/vindhya_1/labels/0000000421.png    /scratch/ash/IIIT_Labels/val/vindhya_1/context_temporal_road_prior/0000000421.png
/scratch/ash/IIIT_Labels/val/vindhya_1/image/0000000465.png    /scratch/ash/IIIT_Labels/val/vindhya_1/labels/0000000465.png    /scratch/ash/IIIT_Labels/val/vindhya_1/context_temporal_road_prior/0000000465.png
/scratch/ash/IIIT_Labels/val/vindhya_1/image/0000000329.png    /scratch/ash/IIIT_Labels/val/vindhya_1/labels/0000000329.png    /scratch/ash/IIIT_Labels/val/vindhya_1/context_temporal_road_prior/0000000329.png
/scratch/ash/IIIT_Labels/val/vindhya_1/image/0000000297.png    /scratch/ash/IIIT_Labels/val/vindhya_1/labels/0000000297.png    /scratch/ash/IIIT_Labels/val/vindhya_1/context_temporal_road_prior/0000000297.png
/scratch/ash/IIIT_Labels/val/vindhya_1/image/0000000453.png    /scratch/ash/IIIT_Labels/val/vindhya_1/labels/0000000453.png    /scratch/ash/IIIT_Labels/val/vindhya_1/context_temporal_road_prior/0000000453.png
/scratch/ash/IIIT_Labels/val/vindhya_1/image/0000000369.png    /scratch/ash/IIIT_Labels/val/vindhya_1/labels/0000000369.png    /scratch/ash/IIIT_Labels/val/vindhya_1/context_temporal_road_prior/0000000369.png
/scratch/ash/IIIT_Labels/val/vindhya_1/image/0000000441.png    /scratch/ash/IIIT_Labels/val/vindhya_1/labels/0000000441.png    /scratch/ash/IIIT_Labels/val/vindhya_1/context_temporal_road_prior/0000000441.png
/scratch/ash/IIIT_Labels/val/vindhya_1/image/0000000361.png    /scratch/ash/IIIT_Labels/val/vindhya_1/labels/0000000361.png    /scratch/ash/IIIT_Labels/val/vindhya_1/context_temporal_road_prior/0000000361.png
/scratch/ash/IIIT_Labels/val/vindhya_1/image/0000000449.png    /scratch/ash/IIIT_Labels/val/vindhya_1/labels/0000000449.png    /scratch/ash/IIIT_Labels/val/vindhya_1/context_temporal_road_prior/0000000449.png
/scratch/ash/IIIT_Labels/val/vindhya_1/image/0000000321.png    /scratch/ash/IIIT_Labels/val/vindhya_1/labels/0000000321.png    /scratch/ash/IIIT_Labels/val/vindhya_1/context_temporal_road_prior/0000000321.png
/scratch/ash/IIIT_Labels/val/vindhya_1/image/0000000385.png    /scratch/ash/IIIT_Labels/val/vindhya_1/labels/0000000385.png    /scratch/ash/IIIT_Labels/val/vindhya_1/context_temporal_road_prior/0000000385.png
/scratch/ash/IIIT_Labels/val/vindhya_1/image/0000000425.png    /scratch/ash/IIIT_Labels/val/vindhya_1/labels/0000000425.png    /scratch/ash/IIIT_Labels/val/vindhya_1/context_temporal_road_prior/0000000425.png
/scratch/ash/IIIT_Labels/val/vindhya_1/image/0000000405.png    /scratch/ash/IIIT_Labels/val/vindhya_1/labels/0000000405.png    /scratch/ash/IIIT_Labels/val/vindhya_1/context_temporal_road_prior/0000000405.png
/scratch/ash/IIIT_Labels/val/vindhya_1/image/0000000313.png    /scratch/ash/IIIT_Labels/val/vindhya_1/labels/0000000313.png    /scratch/ash/IIIT_Labels/val/vindhya_1/context_temporal_road_prior/0000000313.png
/scratch/ash/IIIT_Labels/val/vindhya_1/image/0000000475.png    /scratch/ash/IIIT_Labels/val/vindhya_1/labels/0000000475.png    /scratch/ash/IIIT_Labels/val/vindhya_1/context_temporal_road_prior/0000000475.png
/scratch/ash/IIIT_Labels/val/vindhya_1/image/0000000273.png    /scratch/ash/IIIT_Labels/val/vindhya_1/labels/0000000273.png    /scratch/ash/IIIT_Labels/val/vindhya_1/context_temporal_road_prior/0000000273.png
/scratch/ash/IIIT_Labels/val/vindhya_1/image/0000000445.png    /scratch/ash/IIIT_Labels/val/vindhya_1/labels/0000000445.png    /scratch/ash/IIIT_Labels/val/vindhya_1/context_temporal_road_prior/0000000445.png
/scratch/ash/IIIT_Labels/val/vindhya_1/image/0000000353.png    /scratch/ash/IIIT_Labels/val/vindhya_1/labels/0000000353.png    /scratch/ash/IIIT_Labels/val/vindhya_1/context_temporal_road_prior/0000000353.png
/scratch/ash/IIIT_Labels/val/vindhya_1/image/0000000393.png    /scratch/ash/IIIT_Labels/val/vindhya_1/labels/0000000393.png    /scratch/ash/IIIT_Labels/val/vindhya_1/context_temporal_road_prior/0000000393.png
/scratch/ash/IIIT_Labels/val/vindhya_1/image/0000000473.png    /scratch/ash/IIIT_Labels/val/vindhya_1/labels/0000000473.png    /scratch/ash/IIIT_Labels/val/vindhya_1/context_temporal_road_prior/0000000473.png
/scratch/ash/IIIT_Labels/val/vindhya_1/image/0000000477.png    /scratch/ash/IIIT_Labels/val/vindhya_1/labels/0000000477.png    /scratch/ash/IIIT_Labels/val/vindhya_1/context_temporal_road_prior/0000000477.png
/scratch/ash/IIIT_Labels/val/vindhya_1/image/0000000417.png    /scratch/ash/IIIT_Labels/val/vindhya_1/labels/0000000417.png    /scratch/ash/IIIT_Labels/val/vindhya_1/context_temporal_road_prior/0000000417.png
/scratch/ash/IIIT_Labels/val/vindhya_1/image/0000000429.png    /scratch/ash/IIIT_Labels/val/vindhya_1/labels/0000000429.png    /scratch/ash/IIIT_Labels/val/vindhya_1/context_temporal_road_prior/0000000429.png
/scratch/ash/IIIT_Labels/val/vindhya_1/image/0000000345.png    /scratch/ash/IIIT_Labels/val/vindhya_1/labels/0000000345.png    /scratch/ash/IIIT_Labels/val/vindhya_1/context_temporal_road_prior/0000000345.png
/scratch/ash/IIIT_Labels/val/vindhya_1/image/0000000469.png    /scratch/ash/IIIT_Labels/val/vindhya_1/labels/0000000469.png    /scratch/ash/IIIT_Labels/val/vindhya_1/context_temporal_road_prior/0000000469.png
/scratch/ash/IIIT_Labels/val/vindhya_1/image/0000000433.png    /scratch/ash/IIIT_Labels/val/vindhya_1/labels/0000000433.png    /scratch/ash/IIIT_Labels/val/vindhya_1/context_temporal_road_prior/0000000433.png
/scratch/ash/IIIT_Labels/val/vindhya_1/image/0000000377.png    /scratch/ash/IIIT_Labels/val/vindhya_1/labels/0000000377.png    /scratch/ash/IIIT_Labels/val/vindhya_1/context_temporal_road_prior/0000000377.png
/scratch/ash/IIIT_Labels/val/vindhya_1/image/0000000289.png    /scratch/ash/IIIT_Labels/val/vindhya_1/labels/0000000289.png    /scratch/ash/IIIT_Labels/val/vindhya_1/context_temporal_road_prior/0000000289.png
/scratch/ash/IIIT_Labels/val/vindhya_1/image/0000000461.png    /scratch/ash/IIIT_Labels/val/vindhya_1/labels/0000000461.png    /scratch/ash/IIIT_Labels/val/vindhya_1/context_temporal_road_prior/0000000461.png
/scratch/ash/IIIT_Labels/val/vindhya_1/image/0000000457.png    /scratch/ash/IIIT_Labels/val/vindhya_1/labels/0000000457.png    /scratch/ash/IIIT_Labels/val/vindhya_1/context_temporal_road_prior/0000000457.png
/scratch/ash/IIIT_Labels/val/vindhya_1/image/0000000479.png    /scratch/ash/IIIT_Labels/val/vindhya_1/labels/0000000479.png    /scratch/ash/IIIT_Labels/val/vindhya_1/context_temporal_road_prior/0000000479.png
/scratch/ash/IIIT_Labels/val/vindhya_1/image/0000000281.png    /scratch/ash/IIIT_Labels/val/vindhya_1/labels/0000000281.png    /scratch/ash/IIIT_Labels/val/vindhya_1/context_temporal_road_prior/0000000281.png
/scratch/ash/IIIT_Labels/val/vindhya_1/image/0000000337.png    /scratch/ash/IIIT_Labels/val/vindhya_1/labels/0000000337.png    /scratch/ash/IIIT_Labels/val/vindhya_1/context_temporal_road_prior/0000000337.png
/scratch/ash/IIIT_Labels/val/vindhya_1/image/0000000413.png    /scratch/ash/IIIT_Labels/val/vindhya_1/labels/0000000413.png    /scratch/ash/IIIT_Labels/val/vindhya_1/context_temporal_road_prior/0000000413.png
/scratch/ash/IIIT_Labels/val/vindhya_1/image/0000000305.png    /scratch/ash/IIIT_Labels/val/vindhya_1/labels/0000000305.png    /scratch/ash/IIIT_Labels/val/vindhya_1/context_temporal_road_prior/0000000305.png
/scratch/ash/IIIT_Labels/val/vindhya_1/image/0000000257.png    /scratch/ash/IIIT_Labels/val/vindhya_1/labels/0000000257.png    /scratch/ash/IIIT_Labels/val/vindhya_1/context_temporal_road_prior/0000000257.png
/scratch/ash/IIIT_Labels/val/vindhya_1/image/0000000437.png    /scratch/ash/IIIT_Labels/val/vindhya_1/labels/0000000437.png    /scratch/ash/IIIT_Labels/val/vindhya_1/context_temporal_road_prior/0000000437.png
/scratch/ash/IIIT_Labels/val/stadium_1/image/0000000266.png    /scratch/ash/IIIT_Labels/val/stadium_1/labels/0000000266.png    /scratch/ash/IIIT_Labels/val/stadium_1/context_temporal_road_prior/0000000266.png
/scratch/ash/IIIT_Labels/val/stadium_1/image/0000000292.png    /scratch/ash/IIIT_Labels/val/stadium_1/labels/0000000292.png    /scratch/ash/IIIT_Labels/val/stadium_1/context_temporal_road_prior/0000000292.png
/scratch/ash/IIIT_Labels/val/stadium_1/image/0000000320.png    /scratch/ash/IIIT_Labels/val/stadium_1/labels/0000000320.png    /scratch/ash/IIIT_Labels/val/stadium_1/context_temporal_road_prior/0000000320.png
/scratch/ash/IIIT_Labels/val/stadium_1/image/0000000285.png    /scratch/ash/IIIT_Labels/val/stadium_1/labels/0000000285.png    /scratch/ash/IIIT_Labels/val/stadium_1/context_temporal_road_prior/0000000285.png
/scratch/ash/IIIT_Labels/val/stadium_1/image/0000000265.png    /scratch/ash/IIIT_Labels/val/stadium_1/labels/0000000265.png    /scratch/ash/IIIT_Labels/val/stadium_1/context_temporal_road_prior/0000000265.png
/scratch/ash/IIIT_Labels/val/stadium_1/image/0000000295.png    /scratch/ash/IIIT_Labels/val/stadium_1/labels/0000000295.png    /scratch/ash/IIIT_Labels/val/stadium_1/context_temporal_road_prior/0000000295.png
/scratch/ash/IIIT_Labels/val/stadium_1/image/0000000315.png    /scratch/ash/IIIT_Labels/val/stadium_1/labels/0000000315.png    /scratch/ash/IIIT_Labels/val/stadium_1/context_temporal_road_prior/0000000315.png
/scratch/ash/IIIT_Labels/val/stadium_1/image/0000000316.png    /scratch/ash/IIIT_Labels/val/stadium_1/labels/0000000316.png    /scratch/ash/IIIT_Labels/val/stadium_1/context_temporal_road_prior/0000000316.png
/scratch/ash/IIIT_Labels/val/stadium_1/image/0000000308.png    /scratch/ash/IIIT_Labels/val/stadium_1/labels/0000000308.png    /scratch/ash/IIIT_Labels/val/stadium_1/context_temporal_road_prior/0000000308.png
/scratch/ash/IIIT_Labels/val/stadium_1/image/0000000283.png    /scratch/ash/IIIT_Labels/val/stadium_1/labels/0000000283.png    /scratch/ash/IIIT_Labels/val/stadium_1/context_temporal_road_prior/0000000283.png
/scratch/ash/IIIT_Labels/val/stadium_1/image/0000000248.png    /scratch/ash/IIIT_Labels/val/stadium_1/labels/0000000248.png    /scratch/ash/IIIT_Labels/val/stadium_1/context_temporal_road_prior/0000000248.png
/scratch/ash/IIIT_Labels/val/stadium_1/image/0000000297.png    /scratch/ash/IIIT_Labels/val/stadium_1/labels/0000000297.png    /scratch/ash/IIIT_Labels/val/stadium_1/context_temporal_road_prior/0000000297.png
/scratch/ash/IIIT_Labels/val/stadium_1/image/0000000336.png    /scratch/ash/IIIT_Labels/val/stadium_1/labels/0000000336.png    /scratch/ash/IIIT_Labels/val/stadium_1/context_temporal_road_prior/0000000336.png
/scratch/ash/IIIT_Labels/val/stadium_1/image/0000000354.png    /scratch/ash/IIIT_Labels/val/stadium_1/labels/0000000354.png    /scratch/ash/IIIT_Labels/val/stadium_1/context_temporal_road_prior/0000000354.png
/scratch/ash/IIIT_Labels/val/stadium_1/image/0000000303.png    /scratch/ash/IIIT_Labels/val/stadium_1/labels/0000000303.png    /scratch/ash/IIIT_Labels/val/stadium_1/context_temporal_road_prior/0000000303.png
/scratch/ash/IIIT_Labels/val/stadium_1/image/0000000240.png    /scratch/ash/IIIT_Labels/val/stadium_1/labels/0000000240.png    /scratch/ash/IIIT_Labels/val/stadium_1/context_temporal_road_prior/0000000240.png
/scratch/ash/IIIT_Labels/val/stadium_1/image/0000000338.png    /scratch/ash/IIIT_Labels/val/stadium_1/labels/0000000338.png    /scratch/ash/IIIT_Labels/val/stadium_1/context_temporal_road_prior/0000000338.png
/scratch/ash/IIIT_Labels/val/stadium_1/image/0000000369.png    /scratch/ash/IIIT_Labels/val/stadium_1/labels/0000000369.png    /scratch/ash/IIIT_Labels/val/stadium_1/context_temporal_road_prior/0000000369.png
/scratch/ash/IIIT_Labels/val/stadium_1/image/0000000314.png    /scratch/ash/IIIT_Labels/val/stadium_1/labels/0000000314.png    /scratch/ash/IIIT_Labels/val/stadium_1/context_temporal_road_prior/0000000314.png
/scratch/ash/IIIT_Labels/val/stadium_1/image/0000000342.png    /scratch/ash/IIIT_Labels/val/stadium_1/labels/0000000342.png    /scratch/ash/IIIT_Labels/val/stadium_1/context_temporal_road_prior/0000000342.png
/scratch/ash/IIIT_Labels/val/stadium_1/image/0000000286.png    /scratch/ash/IIIT_Labels/val/stadium_1/labels/0000000286.png    /scratch/ash/IIIT_Labels/val/stadium_1/context_temporal_road_prior/0000000286.png
/scratch/ash/IIIT_Labels/val/stadium_1/image/0000000357.png    /scratch/ash/IIIT_Labels/val/stadium_1/labels/0000000357.png    /scratch/ash/IIIT_Labels/val/stadium_1/context_temporal_road_prior/0000000357.png
/scratch/ash/IIIT_Labels/val/stadium_1/image/0000000363.png    /scratch/ash/IIIT_Labels/val/stadium_1/labels/0000000363.png    /scratch/ash/IIIT_Labels/val/stadium_1/context_temporal_road_prior/0000000363.png
/scratch/ash/IIIT_Labels/val/stadium_1/image/0000000374.png    /scratch/ash/IIIT_Labels/val/stadium_1/labels/0000000374.png    /scratch/ash/IIIT_Labels/val/stadium_1/context_temporal_road_prior/0000000374.png
/scratch/ash/IIIT_Labels/val/stadium_1/image/0000000361.png    /scratch/ash/IIIT_Labels/val/stadium_1/labels/0000000361.png    /scratch/ash/IIIT_Labels/val/stadium_1/context_temporal_road_prior/0000000361.png
/scratch/ash/IIIT_Labels/val/stadium_1/image/0000000367.png    /scratch/ash/IIIT_Labels/val/stadium_1/labels/0000000367.png    /scratch/ash/IIIT_Labels/val/stadium_1/context_temporal_road_prior/0000000367.png
/scratch/ash/IIIT_Labels/val/stadium_1/image/0000000359.png    /scratch/ash/IIIT_Labels/val/stadium_1/labels/0000000359.png    /scratch/ash/IIIT_Labels/val/stadium_1/context_temporal_road_prior/0000000359.png
/scratch/ash/IIIT_Labels/val/stadium_1/image/0000000300.png    /scratch/ash/IIIT_Labels/val/stadium_1/labels/0000000300.png    /scratch/ash/IIIT_Labels/val/stadium_1/context_temporal_road_prior/0000000300.png
/scratch/ash/IIIT_Labels/val/stadium_1/image/0000000268.png    /scratch/ash/IIIT_Labels/val/stadium_1/labels/0000000268.png    /scratch/ash/IIIT_Labels/val/stadium_1/context_temporal_road_prior/0000000268.png
/scratch/ash/IIIT_Labels/val/stadium_1/image/0000000321.png    /scratch/ash/IIIT_Labels/val/stadium_1/labels/0000000321.png    /scratch/ash/IIIT_Labels/val/stadium_1/context_temporal_road_prior/0000000321.png
/scratch/ash/IIIT_Labels/val/stadium_1/image/0000000282.png    /scratch/ash/IIIT_Labels/val/stadium_1/labels/0000000282.png    /scratch/ash/IIIT_Labels/val/stadium_1/context_temporal_road_prior/0000000282.png
/scratch/ash/IIIT_Labels/val/stadium_1/image/0000000348.png    /scratch/ash/IIIT_Labels/val/stadium_1/labels/0000000348.png    /scratch/ash/IIIT_Labels/val/stadium_1/context_temporal_road_prior/0000000348.png
/scratch/ash/IIIT_Labels/val/stadium_1/image/0000000247.png    /scratch/ash/IIIT_Labels/val/stadium_1/labels/0000000247.png    /scratch/ash/IIIT_Labels/val/stadium_1/context_temporal_road_prior/0000000247.png
/scratch/ash/IIIT_Labels/val/stadium_1/image/0000000264.png    /scratch/ash/IIIT_Labels/val/stadium_1/labels/0000000264.png    /scratch/ash/IIIT_Labels/val/stadium_1/context_temporal_road_prior/0000000264.png
/scratch/ash/IIIT_Labels/val/stadium_1/image/0000000250.png    /scratch/ash/IIIT_Labels/val/stadium_1/labels/0000000250.png    /scratch/ash/IIIT_Labels/val/stadium_1/context_temporal_road_prior/0000000250.png
/scratch/ash/IIIT_Labels/val/stadium_1/image/0000000287.png    /scratch/ash/IIIT_Labels/val/stadium_1/labels/0000000287.png    /scratch/ash/IIIT_Labels/val/stadium_1/context_temporal_road_prior/0000000287.png
/scratch/ash/IIIT_Labels/val/stadium_1/image/0000000261.png    /scratch/ash/IIIT_Labels/val/stadium_1/labels/0000000261.png    /scratch/ash/IIIT_Labels/val/stadium_1/context_temporal_road_prior/0000000261.png
/scratch/ash/IIIT_Labels/val/stadium_1/image/0000000290.png    /scratch/ash/IIIT_Labels/val/stadium_1/labels/0000000290.png    /scratch/ash/IIIT_Labels/val/stadium_1/context_temporal_road_prior/0000000290.png
/scratch/ash/IIIT_Labels/val/stadium_1/image/0000000352.png    /scratch/ash/IIIT_Labels/val/stadium_1/labels/0000000352.png    /scratch/ash/IIIT_Labels/val/stadium_1/context_temporal_road_prior/0000000352.png
/scratch/ash/IIIT_Labels/val/stadium_1/image/0000000294.png    /scratch/ash/IIIT_Labels/val/stadium_1/labels/0000000294.png    /scratch/ash/IIIT_Labels/val/stadium_1/context_temporal_road_prior/0000000294.png
/scratch/ash/IIIT_Labels/val/stadium_1/image/0000000251.png    /scratch/ash/IIIT_Labels/val/stadium_1/labels/0000000251.png    /scratch/ash/IIIT_Labels/val/stadium_1/context_temporal_road_prior/0000000251.png
/scratch/ash/IIIT_Labels/val/stadium_1/image/0000000296.png    /scratch/ash/IIIT_Labels/val/stadium_1/labels/0000000296.png    /scratch/ash/IIIT_Labels/val/stadium_1/context_temporal_road_prior/0000000296.png
/scratch/ash/IIIT_Labels/val/stadium_1/image/0000000288.png    /scratch/ash/IIIT_Labels/val/stadium_1/labels/0000000288.png    /scratch/ash/IIIT_Labels/val/stadium_1/context_temporal_road_prior/0000000288.png
/scratch/ash/IIIT_Labels/val/stadium_1/image/0000000371.png    /scratch/ash/IIIT_Labels/val/stadium_1/labels/0000000371.png    /scratch/ash/IIIT_Labels/val/stadium_1/context_temporal_road_prior/0000000371.png
/scratch/ash/IIIT_Labels/val/stadium_1/image/0000000313.png    /scratch/ash/IIIT_Labels/val/stadium_1/labels/0000000313.png    /scratch/ash/IIIT_Labels/val/stadium_1/context_temporal_road_prior/0000000313.png
/scratch/ash/IIIT_Labels/val/stadium_1/image/0000000334.png    /scratch/ash/IIIT_Labels/val/stadium_1/labels/0000000334.png    /scratch/ash/IIIT_Labels/val/stadium_1/context_temporal_road_prior/0000000334.png
/scratch/ash/IIIT_Labels/val/stadium_1/image/0000000273.png    /scratch/ash/IIIT_Labels/val/stadium_1/labels/0000000273.png    /scratch/ash/IIIT_Labels/val/stadium_1/context_temporal_road_prior/0000000273.png
/scratch/ash/IIIT_Labels/val/stadium_1/image/0000000271.png    /scratch/ash/IIIT_Labels/val/stadium_1/labels/0000000271.png    /scratch/ash/IIIT_Labels/val/stadium_1/context_temporal_road_prior/0000000271.png
/scratch/ash/IIIT_Labels/val/stadium_1/image/0000000304.png    /scratch/ash/IIIT_Labels/val/stadium_1/labels/0000000304.png    /scratch/ash/IIIT_Labels/val/stadium_1/context_temporal_road_prior/0000000304.png
/scratch/ash/IIIT_Labels/val/stadium_1/image/0000000372.png    /scratch/ash/IIIT_Labels/val/stadium_1/labels/0000000372.png    /scratch/ash/IIIT_Labels/val/stadium_1/context_temporal_road_prior/0000000372.png
/scratch/ash/IIIT_Labels/val/stadium_1/image/0000000267.png    /scratch/ash/IIIT_Labels/val/stadium_1/labels/0000000267.png    /scratch/ash/IIIT_Labels/val/stadium_1/context_temporal_road_prior/0000000267.png
/scratch/ash/IIIT_Labels/val/stadium_1/image/0000000279.png    /scratch/ash/IIIT_Labels/val/stadium_1/labels/0000000279.png    /scratch/ash/IIIT_Labels/val/stadium_1/context_temporal_road_prior/0000000279.png
/scratch/ash/IIIT_Labels/val/stadium_1/image/0000000356.png    /scratch/ash/IIIT_Labels/val/stadium_1/labels/0000000356.png    /scratch/ash/IIIT_Labels/val/stadium_1/context_temporal_road_prior/0000000356.png
/scratch/ash/IIIT_Labels/val/stadium_1/image/0000000276.png    /scratch/ash/IIIT_Labels/val/stadium_1/labels/0000000276.png    /scratch/ash/IIIT_Labels/val/stadium_1/context_temporal_road_prior/0000000276.png
/scratch/ash/IIIT_Labels/val/stadium_1/image/0000000335.png    /scratch/ash/IIIT_Labels/val/stadium_1/labels/0000000335.png    /scratch/ash/IIIT_Labels/val/stadium_1/context_temporal_road_prior/0000000335.png
/scratch/ash/IIIT_Labels/val/stadium_1/image/0000000353.png    /scratch/ash/IIIT_Labels/val/stadium_1/labels/0000000353.png    /scratch/ash/IIIT_Labels/val/stadium_1/context_temporal_road_prior/0000000353.png
/scratch/ash/IIIT_Labels/val/stadium_1/image/0000000275.png    /scratch/ash/IIIT_Labels/val/stadium_1/labels/0000000275.png    /scratch/ash/IIIT_Labels/val/stadium_1/context_temporal_road_prior/0000000275.png
/scratch/ash/IIIT_Labels/val/stadium_1/image/0000000355.png    /scratch/ash/IIIT_Labels/val/stadium_1/labels/0000000355.png    /scratch/ash/IIIT_Labels/val/stadium_1/context_temporal_road_prior/0000000355.png
/scratch/ash/IIIT_Labels/val/stadium_1/image/0000000278.png    /scratch/ash/IIIT_Labels/val/stadium_1/labels/0000000278.png    /scratch/ash/IIIT_Labels/val/stadium_1/context_temporal_road_prior/0000000278.png
/scratch/ash/IIIT_Labels/val/stadium_1/image/0000000339.png    /scratch/ash/IIIT_Labels/val/stadium_1/labels/0000000339.png    /scratch/ash/IIIT_Labels/val/stadium_1/context_temporal_road_prior/0000000339.png
/scratch/ash/IIIT_Labels/val/stadium_1/image/0000000360.png    /scratch/ash/IIIT_Labels/val/stadium_1/labels/0000000360.png    /scratch/ash/IIIT_Labels/val/stadium_1/context_temporal_road_prior/0000000360.png
/scratch/ash/IIIT_Labels/val/stadium_1/image/0000000312.png    /scratch/ash/IIIT_Labels/val/stadium_1/labels/0000000312.png    /scratch/ash/IIIT_Labels/val/stadium_1/context_temporal_road_prior/0000000312.png
/scratch/ash/IIIT_Labels/val/stadium_1/image/0000000358.png    /scratch/ash/IIIT_Labels/val/stadium_1/labels/0000000358.png    /scratch/ash/IIIT_Labels/val/stadium_1/context_temporal_road_prior/0000000358.png
/scratch/ash/IIIT_Labels/val/stadium_1/image/0000000277.png    /scratch/ash/IIIT_Labels/val/stadium_1/labels/0000000277.png    /scratch/ash/IIIT_Labels/val/stadium_1/context_temporal_road_prior/0000000277.png
/scratch/ash/IIIT_Labels/val/stadium_1/image/0000000260.png    /scratch/ash/IIIT_Labels/val/stadium_1/labels/0000000260.png    /scratch/ash/IIIT_Labels/val/stadium_1/context_temporal_road_prior/0000000260.png
/scratch/ash/IIIT_Labels/val/stadium_1/image/0000000280.png    /scratch/ash/IIIT_Labels/val/stadium_1/labels/0000000280.png    /scratch/ash/IIIT_Labels/val/stadium_1/context_temporal_road_prior/0000000280.png
/scratch/ash/IIIT_Labels/val/stadium_1/image/0000000351.png    /scratch/ash/IIIT_Labels/val/stadium_1/labels/0000000351.png    /scratch/ash/IIIT_Labels/val/stadium_1/context_temporal_road_prior/0000000351.png
/scratch/ash/IIIT_Labels/val/stadium_1/image/0000000249.png    /scratch/ash/IIIT_Labels/val/stadium_1/labels/0000000249.png    /scratch/ash/IIIT_Labels/val/stadium_1/context_temporal_road_prior/0000000249.png
/scratch/ash/IIIT_Labels/val/stadium_1/image/0000000274.png    /scratch/ash/IIIT_Labels/val/stadium_1/labels/0000000274.png    /scratch/ash/IIIT_Labels/val/stadium_1/context_temporal_road_prior/0000000274.png
/scratch/ash/IIIT_Labels/val/stadium_1/image/0000000263.png    /scratch/ash/IIIT_Labels/val/stadium_1/labels/0000000263.png    /scratch/ash/IIIT_Labels/val/stadium_1/context_temporal_road_prior/0000000263.png
/scratch/ash/IIIT_Labels/val/stadium_1/image/0000000293.png    /scratch/ash/IIIT_Labels/val/stadium_1/labels/0000000293.png    /scratch/ash/IIIT_Labels/val/stadium_1/context_temporal_road_prior/0000000293.png
/scratch/ash/IIIT_Labels/val/stadium_1/image/0000000291.png    /scratch/ash/IIIT_Labels/val/stadium_1/labels/0000000291.png    /scratch/ash/IIIT_Labels/val/stadium_1/context_temporal_road_prior/0000000291.png
/scratch/ash/IIIT_Labels/val/stadium_1/image/0000000332.png    /scratch/ash/IIIT_Labels/val/stadium_1/labels/0000000332.png    /scratch/ash/IIIT_Labels/val/stadium_1/context_temporal_road_prior/0000000332.png
/scratch/ash/IIIT_Labels/val/stadium_1/image/0000000340.png    /scratch/ash/IIIT_Labels/val/stadium_1/labels/0000000340.png    /scratch/ash/IIIT_Labels/val/stadium_1/context_temporal_road_prior/0000000340.png
/scratch/ash/IIIT_Labels/val/stadium_1/image/0000000301.png    /scratch/ash/IIIT_Labels/val/stadium_1/labels/0000000301.png    /scratch/ash/IIIT_Labels/val/stadium_1/context_temporal_road_prior/0000000301.png
/scratch/ash/IIIT_Labels/val/stadium_1/image/0000000310.png    /scratch/ash/IIIT_Labels/val/stadium_1/labels/0000000310.png    /scratch/ash/IIIT_Labels/val/stadium_1/context_temporal_road_prior/0000000310.png
/scratch/ash/IIIT_Labels/val/stadium_1/image/0000000270.png    /scratch/ash/IIIT_Labels/val/stadium_1/labels/0000000270.png    /scratch/ash/IIIT_Labels/val/stadium_1/context_temporal_road_prior/0000000270.png
/scratch/ash/IIIT_Labels/val/stadium_1/image/0000000366.png    /scratch/ash/IIIT_Labels/val/stadium_1/labels/0000000366.png    /scratch/ash/IIIT_Labels/val/stadium_1/context_temporal_road_prior/0000000366.png
/scratch/ash/IIIT_Labels/val/stadium_1/image/0000000269.png    /scratch/ash/IIIT_Labels/val/stadium_1/labels/0000000269.png    /scratch/ash/IIIT_Labels/val/stadium_1/context_temporal_road_prior/0000000269.png
/scratch/ash/IIIT_Labels/val/stadium_1/image/0000000365.png    /scratch/ash/IIIT_Labels/val/stadium_1/labels/0000000365.png    /scratch/ash/IIIT_Labels/val/stadium_1/context_temporal_road_prior/0000000365.png
/scratch/ash/IIIT_Labels/val/stadium_1/image/0000000272.png    /scratch/ash/IIIT_Labels/val/stadium_1/labels/0000000272.png    /scratch/ash/IIIT_Labels/val/stadium_1/context_temporal_road_prior/0000000272.png
/scratch/ash/IIIT_Labels/val/stadium_1/image/0000000345.png    /scratch/ash/IIIT_Labels/val/stadium_1/labels/0000000345.png    /scratch/ash/IIIT_Labels/val/stadium_1/context_temporal_road_prior/0000000345.png
/scratch/ash/IIIT_Labels/val/stadium_1/image/0000000331.png    /scratch/ash/IIIT_Labels/val/stadium_1/labels/0000000331.png    /scratch/ash/IIIT_Labels/val/stadium_1/context_temporal_road_prior/0000000331.png
/scratch/ash/IIIT_Labels/val/stadium_1/image/0000000341.png    /scratch/ash/IIIT_Labels/val/stadium_1/labels/0000000341.png    /scratch/ash/IIIT_Labels/val/stadium_1/context_temporal_road_prior/0000000341.png
/scratch/ash/IIIT_Labels/val/stadium_1/image/0000000344.png    /scratch/ash/IIIT_Labels/val/stadium_1/labels/0000000344.png    /scratch/ash/IIIT_Labels/val/stadium_1/context_temporal_road_prior/0000000344.png
/scratch/ash/IIIT_Labels/val/stadium_1/image/0000000375.png    /scratch/ash/IIIT_Labels/val/stadium_1/labels/0000000375.png    /scratch/ash/IIIT_Labels/val/stadium_1/context_temporal_road_prior/0000000375.png
/scratch/ash/IIIT_Labels/val/stadium_1/image/0000000370.png    /scratch/ash/IIIT_Labels/val/stadium_1/labels/0000000370.png    /scratch/ash/IIIT_Labels/val/stadium_1/context_temporal_road_prior/0000000370.png
/scratch/ash/IIIT_Labels/val/stadium_1/image/0000000242.png    /scratch/ash/IIIT_Labels/val/stadium_1/labels/0000000242.png    /scratch/ash/IIIT_Labels/val/stadium_1/context_temporal_road_prior/0000000242.png
/scratch/ash/IIIT_Labels/val/stadium_1/image/0000000362.png    /scratch/ash/IIIT_Labels/val/stadium_1/labels/0000000362.png    /scratch/ash/IIIT_Labels/val/stadium_1/context_temporal_road_prior/0000000362.png
/scratch/ash/IIIT_Labels/val/stadium_1/image/0000000284.png    /scratch/ash/IIIT_Labels/val/stadium_1/labels/0000000284.png    /scratch/ash/IIIT_Labels/val/stadium_1/context_temporal_road_prior/0000000284.png
/scratch/ash/IIIT_Labels/val/stadium_1/image/0000000298.png    /scratch/ash/IIIT_Labels/val/stadium_1/labels/0000000298.png    /scratch/ash/IIIT_Labels/val/stadium_1/context_temporal_road_prior/0000000298.png
/scratch/ash/IIIT_Labels/val/stadium_1/image/0000000373.png    /scratch/ash/IIIT_Labels/val/stadium_1/labels/0000000373.png    /scratch/ash/IIIT_Labels/val/stadium_1/context_temporal_road_prior/0000000373.png
/scratch/ash/IIIT_Labels/val/stadium_1/image/0000000309.png    /scratch/ash/IIIT_Labels/val/stadium_1/labels/0000000309.png    /scratch/ash/IIIT_Labels/val/stadium_1/context_temporal_road_prior/0000000309.png
/scratch/ash/IIIT_Labels/val/stadium_1/image/0000000364.png    /scratch/ash/IIIT_Labels/val/stadium_1/labels/0000000364.png    /scratch/ash/IIIT_Labels/val/stadium_1/context_temporal_road_prior/0000000364.png
/scratch/ash/IIIT_Labels/val/stadium_1/image/0000000377.png    /scratch/ash/IIIT_Labels/val/stadium_1/labels/0000000377.png    /scratch/ash/IIIT_Labels/val/stadium_1/context_temporal_road_prior/0000000377.png
/scratch/ash/IIIT_Labels/val/stadium_1/image/0000000289.png    /scratch/ash/IIIT_Labels/val/stadium_1/labels/0000000289.png    /scratch/ash/IIIT_Labels/val/stadium_1/context_temporal_road_prior/0000000289.png
/scratch/ash/IIIT_Labels/val/stadium_1/image/0000000317.png    /scratch/ash/IIIT_Labels/val/stadium_1/labels/0000000317.png    /scratch/ash/IIIT_Labels/val/stadium_1/context_temporal_road_prior/0000000317.png
/scratch/ash/IIIT_Labels/val/stadium_1/image/0000000349.png    /scratch/ash/IIIT_Labels/val/stadium_1/labels/0000000349.png    /scratch/ash/IIIT_Labels/val/stadium_1/context_temporal_road_prior/0000000349.png
/scratch/ash/IIIT_Labels/val/stadium_1/image/0000000281.png    /scratch/ash/IIIT_Labels/val/stadium_1/labels/0000000281.png    /scratch/ash/IIIT_Labels/val/stadium_1/context_temporal_road_prior/0000000281.png
/scratch/ash/IIIT_Labels/val/stadium_1/image/0000000262.png    /scratch/ash/IIIT_Labels/val/stadium_1/labels/0000000262.png    /scratch/ash/IIIT_Labels/val/stadium_1/context_temporal_road_prior/0000000262.png
/scratch/ash/IIIT_Labels/val/stadium_1/image/0000000337.png    /scratch/ash/IIIT_Labels/val/stadium_1/labels/0000000337.png    /scratch/ash/IIIT_Labels/val/stadium_1/context_temporal_road_prior/0000000337.png
/scratch/ash/IIIT_Labels/val/stadium_1/image/0000000246.png    /scratch/ash/IIIT_Labels/val/stadium_1/labels/0000000246.png    /scratch/ash/IIIT_Labels/val/stadium_1/context_temporal_road_prior/0000000246.png
/scratch/ash/IIIT_Labels/val/stadium_1/image/0000000318.png    /scratch/ash/IIIT_Labels/val/stadium_1/labels/0000000318.png    /scratch/ash/IIIT_Labels/val/stadium_1/context_temporal_road_prior/0000000318.png
/scratch/ash/IIIT_Labels/val/stadium_1/image/0000000305.png    /scratch/ash/IIIT_Labels/val/stadium_1/labels/0000000305.png    /scratch/ash/IIIT_Labels/val/stadium_1/context_temporal_road_prior/0000000305.png
/scratch/ash/IIIT_Labels/val/stadium_1/image/0000000311.png    /scratch/ash/IIIT_Labels/val/stadium_1/labels/0000000311.png    /scratch/ash/IIIT_Labels/val/stadium_1/context_temporal_road_prior/0000000311.png
/scratch/ash/IIIT_Labels/val/stadium_1/image/0000000306.png    /scratch/ash/IIIT_Labels/val/stadium_1/labels/0000000306.png    /scratch/ash/IIIT_Labels/val/stadium_1/context_temporal_road_prior/0000000306.png
/scratch/ash/IIIT_Labels/val/stadium_1/image/0000000302.png    /scratch/ash/IIIT_Labels/val/stadium_1/labels/0000000302.png    /scratch/ash/IIIT_Labels/val/stadium_1/context_temporal_road_prior/0000000302.png
/scratch/ash/IIIT_Labels/val/stadium_1/image/0000000307.png    /scratch/ash/IIIT_Labels/val/stadium_1/labels/0000000307.png    /scratch/ash/IIIT_Labels/val/stadium_1/context_temporal_road_prior/0000000307.png
