/scratch/ash/IIIT_Labels/train/file_2/image/0000000114.png    /scratch/ash/IIIT_Labels/train/file_2/labels/0000000114.png    /scratch/ash/IIIT_Labels/train/file_2/context_full/0000000114.png
/scratch/ash/IIIT_Labels/train/file_2/image/0000000178.png    /scratch/ash/IIIT_Labels/train/file_2/labels/0000000178.png    /scratch/ash/IIIT_Labels/train/file_2/context_full/0000000178.png
/scratch/ash/IIIT_Labels/train/file_2/image/0000000048.png    /scratch/ash/IIIT_Labels/train/file_2/labels/0000000048.png    /scratch/ash/IIIT_Labels/train/file_2/context_full/0000000048.png
/scratch/ash/IIIT_Labels/train/file_2/image/0000000212.png    /scratch/ash/IIIT_Labels/train/file_2/labels/0000000212.png    /scratch/ash/IIIT_Labels/train/file_2/context_full/0000000212.png
/scratch/ash/IIIT_Labels/train/file_2/image/0000000165.png    /scratch/ash/IIIT_Labels/train/file_2/labels/0000000165.png    /scratch/ash/IIIT_Labels/train/file_2/context_full/0000000165.png
/scratch/ash/IIIT_Labels/train/file_2/image/0000000063.png    /scratch/ash/IIIT_Labels/train/file_2/labels/0000000063.png    /scratch/ash/IIIT_Labels/train/file_2/context_full/0000000063.png
/scratch/ash/IIIT_Labels/train/file_2/image/0000000297.png    /scratch/ash/IIIT_Labels/train/file_2/labels/0000000297.png    /scratch/ash/IIIT_Labels/train/file_2/context_full/0000000297.png
/scratch/ash/IIIT_Labels/train/file_2/image/0000000184.png    /scratch/ash/IIIT_Labels/train/file_2/labels/0000000184.png    /scratch/ash/IIIT_Labels/train/file_2/context_full/0000000184.png
/scratch/ash/IIIT_Labels/train/file_2/image/0000000128.png    /scratch/ash/IIIT_Labels/train/file_2/labels/0000000128.png    /scratch/ash/IIIT_Labels/train/file_2/context_full/0000000128.png
/scratch/ash/IIIT_Labels/train/file_2/image/0000000026.png    /scratch/ash/IIIT_Labels/train/file_2/labels/0000000026.png    /scratch/ash/IIIT_Labels/train/file_2/context_full/0000000026.png
/scratch/ash/IIIT_Labels/train/file_2/image/0000000151.png    /scratch/ash/IIIT_Labels/train/file_2/labels/0000000151.png    /scratch/ash/IIIT_Labels/train/file_2/context_full/0000000151.png
/scratch/ash/IIIT_Labels/train/file_2/image/0000000229.png    /scratch/ash/IIIT_Labels/train/file_2/labels/0000000229.png    /scratch/ash/IIIT_Labels/train/file_2/context_full/0000000229.png
/scratch/ash/IIIT_Labels/train/file_2/image/0000000131.png    /scratch/ash/IIIT_Labels/train/file_2/labels/0000000131.png    /scratch/ash/IIIT_Labels/train/file_2/context_full/0000000131.png
/scratch/ash/IIIT_Labels/train/file_2/image/0000000162.png    /scratch/ash/IIIT_Labels/train/file_2/labels/0000000162.png    /scratch/ash/IIIT_Labels/train/file_2/context_full/0000000162.png
/scratch/ash/IIIT_Labels/train/file_2/image/0000000185.png    /scratch/ash/IIIT_Labels/train/file_2/labels/0000000185.png    /scratch/ash/IIIT_Labels/train/file_2/context_full/0000000185.png
/scratch/ash/IIIT_Labels/train/file_2/image/0000000117.png    /scratch/ash/IIIT_Labels/train/file_2/labels/0000000117.png    /scratch/ash/IIIT_Labels/train/file_2/context_full/0000000117.png
/scratch/ash/IIIT_Labels/train/file_2/image/0000000062.png    /scratch/ash/IIIT_Labels/train/file_2/labels/0000000062.png    /scratch/ash/IIIT_Labels/train/file_2/context_full/0000000062.png
/scratch/ash/IIIT_Labels/train/file_2/image/0000000080.png    /scratch/ash/IIIT_Labels/train/file_2/labels/0000000080.png    /scratch/ash/IIIT_Labels/train/file_2/context_full/0000000080.png
/scratch/ash/IIIT_Labels/train/file_2/image/0000000219.png    /scratch/ash/IIIT_Labels/train/file_2/labels/0000000219.png    /scratch/ash/IIIT_Labels/train/file_2/context_full/0000000219.png
/scratch/ash/IIIT_Labels/train/file_2/image/0000000030.png    /scratch/ash/IIIT_Labels/train/file_2/labels/0000000030.png    /scratch/ash/IIIT_Labels/train/file_2/context_full/0000000030.png
/scratch/ash/IIIT_Labels/train/file_5/image/0000000266.png    /scratch/ash/IIIT_Labels/train/file_5/labels/0000000266.png    /scratch/ash/IIIT_Labels/train/file_5/context_full/0000000266.png
/scratch/ash/IIIT_Labels/train/file_5/image/0000000114.png    /scratch/ash/IIIT_Labels/train/file_5/labels/0000000114.png    /scratch/ash/IIIT_Labels/train/file_5/context_full/0000000114.png
/scratch/ash/IIIT_Labels/train/file_5/image/0000000178.png    /scratch/ash/IIIT_Labels/train/file_5/labels/0000000178.png    /scratch/ash/IIIT_Labels/train/file_5/context_full/0000000178.png
/scratch/ash/IIIT_Labels/train/file_5/image/0000000171.png    /scratch/ash/IIIT_Labels/train/file_5/labels/0000000171.png    /scratch/ash/IIIT_Labels/train/file_5/context_full/0000000171.png
/scratch/ash/IIIT_Labels/train/file_5/image/0000000208.png    /scratch/ash/IIIT_Labels/train/file_5/labels/0000000208.png    /scratch/ash/IIIT_Labels/train/file_5/context_full/0000000208.png
/scratch/ash/IIIT_Labels/train/file_5/image/0000000217.png    /scratch/ash/IIIT_Labels/train/file_5/labels/0000000217.png    /scratch/ash/IIIT_Labels/train/file_5/context_full/0000000217.png
/scratch/ash/IIIT_Labels/train/file_5/image/0000000048.png    /scratch/ash/IIIT_Labels/train/file_5/labels/0000000048.png    /scratch/ash/IIIT_Labels/train/file_5/context_full/0000000048.png
/scratch/ash/IIIT_Labels/train/file_5/image/0000000097.png    /scratch/ash/IIIT_Labels/train/file_5/labels/0000000097.png    /scratch/ash/IIIT_Labels/train/file_5/context_full/0000000097.png
/scratch/ash/IIIT_Labels/train/file_5/image/0000000170.png    /scratch/ash/IIIT_Labels/train/file_5/labels/0000000170.png    /scratch/ash/IIIT_Labels/train/file_5/context_full/0000000170.png
/scratch/ash/IIIT_Labels/train/file_5/image/0000000212.png    /scratch/ash/IIIT_Labels/train/file_5/labels/0000000212.png    /scratch/ash/IIIT_Labels/train/file_5/context_full/0000000212.png
/scratch/ash/IIIT_Labels/train/file_5/image/0000000292.png    /scratch/ash/IIIT_Labels/train/file_5/labels/0000000292.png    /scratch/ash/IIIT_Labels/train/file_5/context_full/0000000292.png
/scratch/ash/IIIT_Labels/train/file_5/image/0000000165.png    /scratch/ash/IIIT_Labels/train/file_5/labels/0000000165.png    /scratch/ash/IIIT_Labels/train/file_5/context_full/0000000165.png
/scratch/ash/IIIT_Labels/train/file_5/image/0000000285.png    /scratch/ash/IIIT_Labels/train/file_5/labels/0000000285.png    /scratch/ash/IIIT_Labels/train/file_5/context_full/0000000285.png
/scratch/ash/IIIT_Labels/train/file_5/image/0000000265.png    /scratch/ash/IIIT_Labels/train/file_5/labels/0000000265.png    /scratch/ash/IIIT_Labels/train/file_5/context_full/0000000265.png
/scratch/ash/IIIT_Labels/train/file_5/image/0000000295.png    /scratch/ash/IIIT_Labels/train/file_5/labels/0000000295.png    /scratch/ash/IIIT_Labels/train/file_5/context_full/0000000295.png
/scratch/ash/IIIT_Labels/train/file_5/image/0000000149.png    /scratch/ash/IIIT_Labels/train/file_5/labels/0000000149.png    /scratch/ash/IIIT_Labels/train/file_5/context_full/0000000149.png
/scratch/ash/IIIT_Labels/train/file_5/image/0000000038.png    /scratch/ash/IIIT_Labels/train/file_5/labels/0000000038.png    /scratch/ash/IIIT_Labels/train/file_5/context_full/0000000038.png
/scratch/ash/IIIT_Labels/train/file_5/image/0000000063.png    /scratch/ash/IIIT_Labels/train/file_5/labels/0000000063.png    /scratch/ash/IIIT_Labels/train/file_5/context_full/0000000063.png
/scratch/ash/IIIT_Labels/train/file_5/image/0000000283.png    /scratch/ash/IIIT_Labels/train/file_5/labels/0000000283.png    /scratch/ash/IIIT_Labels/train/file_5/context_full/0000000283.png
/scratch/ash/IIIT_Labels/train/file_5/image/0000000244.png    /scratch/ash/IIIT_Labels/train/file_5/labels/0000000244.png    /scratch/ash/IIIT_Labels/train/file_5/context_full/0000000244.png
/scratch/ash/IIIT_Labels/train/seq_2/image/0000000266.png    /scratch/ash/IIIT_Labels/train/seq_2/labels/0000000266.png    /scratch/ash/IIIT_Labels/train/seq_2/context_full/0000000266.png
/scratch/ash/IIIT_Labels/train/seq_2/image/0000000575.png    /scratch/ash/IIIT_Labels/train/seq_2/labels/0000000575.png    /scratch/ash/IIIT_Labels/train/seq_2/context_full/0000000575.png
/scratch/ash/IIIT_Labels/train/seq_2/image/0000000178.png    /scratch/ash/IIIT_Labels/train/seq_2/labels/0000000178.png    /scratch/ash/IIIT_Labels/train/seq_2/context_full/0000000178.png
/scratch/ash/IIIT_Labels/train/seq_2/image/0000000208.png    /scratch/ash/IIIT_Labels/train/seq_2/labels/0000000208.png    /scratch/ash/IIIT_Labels/train/seq_2/context_full/0000000208.png
/scratch/ash/IIIT_Labels/train/seq_2/image/0000000462.png    /scratch/ash/IIIT_Labels/train/seq_2/labels/0000000462.png    /scratch/ash/IIIT_Labels/train/seq_2/context_full/0000000462.png
/scratch/ash/IIIT_Labels/train/seq_2/image/0000000597.png    /scratch/ash/IIIT_Labels/train/seq_2/labels/0000000597.png    /scratch/ash/IIIT_Labels/train/seq_2/context_full/0000000597.png
/scratch/ash/IIIT_Labels/train/seq_2/image/0000000170.png    /scratch/ash/IIIT_Labels/train/seq_2/labels/0000000170.png    /scratch/ash/IIIT_Labels/train/seq_2/context_full/0000000170.png
/scratch/ash/IIIT_Labels/train/seq_2/image/0000000212.png    /scratch/ash/IIIT_Labels/train/seq_2/labels/0000000212.png    /scratch/ash/IIIT_Labels/train/seq_2/context_full/0000000212.png
/scratch/ash/IIIT_Labels/train/seq_2/image/0000000292.png    /scratch/ash/IIIT_Labels/train/seq_2/labels/0000000292.png    /scratch/ash/IIIT_Labels/train/seq_2/context_full/0000000292.png
/scratch/ash/IIIT_Labels/train/seq_2/image/0000000320.png    /scratch/ash/IIIT_Labels/train/seq_2/labels/0000000320.png    /scratch/ash/IIIT_Labels/train/seq_2/context_full/0000000320.png
/scratch/ash/IIIT_Labels/train/seq_2/image/0000000773.png    /scratch/ash/IIIT_Labels/train/seq_2/labels/0000000773.png    /scratch/ash/IIIT_Labels/train/seq_2/context_full/0000000773.png
/scratch/ash/IIIT_Labels/train/seq_2/image/0000000709.png    /scratch/ash/IIIT_Labels/train/seq_2/labels/0000000709.png    /scratch/ash/IIIT_Labels/train/seq_2/context_full/0000000709.png
/scratch/ash/IIIT_Labels/train/seq_2/image/0000000831.png    /scratch/ash/IIIT_Labels/train/seq_2/labels/0000000831.png    /scratch/ash/IIIT_Labels/train/seq_2/context_full/0000000831.png
/scratch/ash/IIIT_Labels/train/seq_2/image/0000000438.png    /scratch/ash/IIIT_Labels/train/seq_2/labels/0000000438.png    /scratch/ash/IIIT_Labels/train/seq_2/context_full/0000000438.png
/scratch/ash/IIIT_Labels/train/seq_2/image/0000000508.png    /scratch/ash/IIIT_Labels/train/seq_2/labels/0000000508.png    /scratch/ash/IIIT_Labels/train/seq_2/context_full/0000000508.png
/scratch/ash/IIIT_Labels/train/seq_2/image/0000000316.png    /scratch/ash/IIIT_Labels/train/seq_2/labels/0000000316.png    /scratch/ash/IIIT_Labels/train/seq_2/context_full/0000000316.png
/scratch/ash/IIIT_Labels/train/seq_2/image/0000000484.png    /scratch/ash/IIIT_Labels/train/seq_2/labels/0000000484.png    /scratch/ash/IIIT_Labels/train/seq_2/context_full/0000000484.png
/scratch/ash/IIIT_Labels/train/seq_2/image/0000000679.png    /scratch/ash/IIIT_Labels/train/seq_2/labels/0000000679.png    /scratch/ash/IIIT_Labels/train/seq_2/context_full/0000000679.png
/scratch/ash/IIIT_Labels/train/seq_2/image/0000000308.png    /scratch/ash/IIIT_Labels/train/seq_2/labels/0000000308.png    /scratch/ash/IIIT_Labels/train/seq_2/context_full/0000000308.png
/scratch/ash/IIIT_Labels/train/seq_2/image/0000000729.png    /scratch/ash/IIIT_Labels/train/seq_2/labels/0000000729.png    /scratch/ash/IIIT_Labels/train/seq_2/context_full/0000000729.png
/scratch/ash/IIIT_Labels/train/file_1/image/0000000575.png    /scratch/ash/IIIT_Labels/train/file_1/labels/0000000575.png    /scratch/ash/IIIT_Labels/train/file_1/context_full/0000000575.png
/scratch/ash/IIIT_Labels/train/file_1/image/0000001053.png    /scratch/ash/IIIT_Labels/train/file_1/labels/0000001053.png    /scratch/ash/IIIT_Labels/train/file_1/context_full/0000001053.png
/scratch/ash/IIIT_Labels/train/file_1/image/0000000462.png    /scratch/ash/IIIT_Labels/train/file_1/labels/0000000462.png    /scratch/ash/IIIT_Labels/train/file_1/context_full/0000000462.png
/scratch/ash/IIIT_Labels/train/file_1/image/0000000217.png    /scratch/ash/IIIT_Labels/train/file_1/labels/0000000217.png    /scratch/ash/IIIT_Labels/train/file_1/context_full/0000000217.png
/scratch/ash/IIIT_Labels/train/file_1/image/0000000097.png    /scratch/ash/IIIT_Labels/train/file_1/labels/0000000097.png    /scratch/ash/IIIT_Labels/train/file_1/context_full/0000000097.png
/scratch/ash/IIIT_Labels/train/file_1/image/0000000170.png    /scratch/ash/IIIT_Labels/train/file_1/labels/0000000170.png    /scratch/ash/IIIT_Labels/train/file_1/context_full/0000000170.png
/scratch/ash/IIIT_Labels/train/file_1/image/0000000212.png    /scratch/ash/IIIT_Labels/train/file_1/labels/0000000212.png    /scratch/ash/IIIT_Labels/train/file_1/context_full/0000000212.png
/scratch/ash/IIIT_Labels/train/file_1/image/0000000292.png    /scratch/ash/IIIT_Labels/train/file_1/labels/0000000292.png    /scratch/ash/IIIT_Labels/train/file_1/context_full/0000000292.png
/scratch/ash/IIIT_Labels/train/file_1/image/0000000165.png    /scratch/ash/IIIT_Labels/train/file_1/labels/0000000165.png    /scratch/ash/IIIT_Labels/train/file_1/context_full/0000000165.png
/scratch/ash/IIIT_Labels/train/file_1/image/0000000773.png    /scratch/ash/IIIT_Labels/train/file_1/labels/0000000773.png    /scratch/ash/IIIT_Labels/train/file_1/context_full/0000000773.png
/scratch/ash/IIIT_Labels/train/file_1/image/0000000505.png    /scratch/ash/IIIT_Labels/train/file_1/labels/0000000505.png    /scratch/ash/IIIT_Labels/train/file_1/context_full/0000000505.png
/scratch/ash/IIIT_Labels/train/file_1/image/0000001116.png    /scratch/ash/IIIT_Labels/train/file_1/labels/0000001116.png    /scratch/ash/IIIT_Labels/train/file_1/context_full/0000001116.png
/scratch/ash/IIIT_Labels/train/file_1/image/0000000948.png    /scratch/ash/IIIT_Labels/train/file_1/labels/0000000948.png    /scratch/ash/IIIT_Labels/train/file_1/context_full/0000000948.png
/scratch/ash/IIIT_Labels/train/file_1/image/0000000465.png    /scratch/ash/IIIT_Labels/train/file_1/labels/0000000465.png    /scratch/ash/IIIT_Labels/train/file_1/context_full/0000000465.png
/scratch/ash/IIIT_Labels/train/file_1/image/0000000853.png    /scratch/ash/IIIT_Labels/train/file_1/labels/0000000853.png    /scratch/ash/IIIT_Labels/train/file_1/context_full/0000000853.png
/scratch/ash/IIIT_Labels/train/file_1/image/0000000741.png    /scratch/ash/IIIT_Labels/train/file_1/labels/0000000741.png    /scratch/ash/IIIT_Labels/train/file_1/context_full/0000000741.png
/scratch/ash/IIIT_Labels/train/file_1/image/0000001046.png    /scratch/ash/IIIT_Labels/train/file_1/labels/0000001046.png    /scratch/ash/IIIT_Labels/train/file_1/context_full/0000001046.png
/scratch/ash/IIIT_Labels/train/file_1/image/0000000497.png    /scratch/ash/IIIT_Labels/train/file_1/labels/0000000497.png    /scratch/ash/IIIT_Labels/train/file_1/context_full/0000000497.png
/scratch/ash/IIIT_Labels/train/file_1/image/0000000791.png    /scratch/ash/IIIT_Labels/train/file_1/labels/0000000791.png    /scratch/ash/IIIT_Labels/train/file_1/context_full/0000000791.png
/scratch/ash/IIIT_Labels/train/file_1/image/0000000435.png    /scratch/ash/IIIT_Labels/train/file_1/labels/0000000435.png    /scratch/ash/IIIT_Labels/train/file_1/context_full/0000000435.png
/scratch/ash/IIIT_Labels/train/file_3/image/0000000459.png    /scratch/ash/IIIT_Labels/train/file_3/labels/0000000459.png    /scratch/ash/IIIT_Labels/train/file_3/context_full/0000000459.png
/scratch/ash/IIIT_Labels/train/file_3/image/0000000266.png    /scratch/ash/IIIT_Labels/train/file_3/labels/0000000266.png    /scratch/ash/IIIT_Labels/train/file_3/context_full/0000000266.png
/scratch/ash/IIIT_Labels/train/file_3/image/0000000860.png    /scratch/ash/IIIT_Labels/train/file_3/labels/0000000860.png    /scratch/ash/IIIT_Labels/train/file_3/context_full/0000000860.png
/scratch/ash/IIIT_Labels/train/file_3/image/0000000292.png    /scratch/ash/IIIT_Labels/train/file_3/labels/0000000292.png    /scratch/ash/IIIT_Labels/train/file_3/context_full/0000000292.png
/scratch/ash/IIIT_Labels/train/file_3/image/0000000836.png    /scratch/ash/IIIT_Labels/train/file_3/labels/0000000836.png    /scratch/ash/IIIT_Labels/train/file_3/context_full/0000000836.png
/scratch/ash/IIIT_Labels/train/file_3/image/0000000320.png    /scratch/ash/IIIT_Labels/train/file_3/labels/0000000320.png    /scratch/ash/IIIT_Labels/train/file_3/context_full/0000000320.png
/scratch/ash/IIIT_Labels/train/file_3/image/0000000872.png    /scratch/ash/IIIT_Labels/train/file_3/labels/0000000872.png    /scratch/ash/IIIT_Labels/train/file_3/context_full/0000000872.png
/scratch/ash/IIIT_Labels/train/file_3/image/0000000503.png    /scratch/ash/IIIT_Labels/train/file_3/labels/0000000503.png    /scratch/ash/IIIT_Labels/train/file_3/context_full/0000000503.png
/scratch/ash/IIIT_Labels/train/file_3/image/0000000742.png    /scratch/ash/IIIT_Labels/train/file_3/labels/0000000742.png    /scratch/ash/IIIT_Labels/train/file_3/context_full/0000000742.png
/scratch/ash/IIIT_Labels/train/file_3/image/0000001042.png    /scratch/ash/IIIT_Labels/train/file_3/labels/0000001042.png    /scratch/ash/IIIT_Labels/train/file_3/context_full/0000001042.png
/scratch/ash/IIIT_Labels/train/file_3/image/0000000754.png    /scratch/ash/IIIT_Labels/train/file_3/labels/0000000754.png    /scratch/ash/IIIT_Labels/train/file_3/context_full/0000000754.png
/scratch/ash/IIIT_Labels/train/file_3/image/0000000316.png    /scratch/ash/IIIT_Labels/train/file_3/labels/0000000316.png    /scratch/ash/IIIT_Labels/train/file_3/context_full/0000000316.png
/scratch/ash/IIIT_Labels/train/file_3/image/0000000421.png    /scratch/ash/IIIT_Labels/train/file_3/labels/0000000421.png    /scratch/ash/IIIT_Labels/train/file_3/context_full/0000000421.png
/scratch/ash/IIIT_Labels/train/file_3/image/0000000308.png    /scratch/ash/IIIT_Labels/train/file_3/labels/0000000308.png    /scratch/ash/IIIT_Labels/train/file_3/context_full/0000000308.png
/scratch/ash/IIIT_Labels/train/file_3/image/0000000465.png    /scratch/ash/IIIT_Labels/train/file_3/labels/0000000465.png    /scratch/ash/IIIT_Labels/train/file_3/context_full/0000000465.png
/scratch/ash/IIIT_Labels/train/file_3/image/0000001046.png    /scratch/ash/IIIT_Labels/train/file_3/labels/0000001046.png    /scratch/ash/IIIT_Labels/train/file_3/context_full/0000001046.png
/scratch/ash/IIIT_Labels/train/file_3/image/0000000497.png    /scratch/ash/IIIT_Labels/train/file_3/labels/0000000497.png    /scratch/ash/IIIT_Labels/train/file_3/context_full/0000000497.png
/scratch/ash/IIIT_Labels/train/file_3/image/0000000244.png    /scratch/ash/IIIT_Labels/train/file_3/labels/0000000244.png    /scratch/ash/IIIT_Labels/train/file_3/context_full/0000000244.png
/scratch/ash/IIIT_Labels/train/file_3/image/0000000435.png    /scratch/ash/IIIT_Labels/train/file_3/labels/0000000435.png    /scratch/ash/IIIT_Labels/train/file_3/context_full/0000000435.png
/scratch/ash/IIIT_Labels/train/file_3/image/0000000248.png    /scratch/ash/IIIT_Labels/train/file_3/labels/0000000248.png    /scratch/ash/IIIT_Labels/train/file_3/context_full/0000000248.png
/scratch/ash/IIIT_Labels/train/stadium_4/image/0000000178.png    /scratch/ash/IIIT_Labels/train/stadium_4/labels/0000000178.png    /scratch/ash/IIIT_Labels/train/stadium_4/context_full/0000000178.png
/scratch/ash/IIIT_Labels/train/stadium_4/image/0000000171.png    /scratch/ash/IIIT_Labels/train/stadium_4/labels/0000000171.png    /scratch/ash/IIIT_Labels/train/stadium_4/context_full/0000000171.png
/scratch/ash/IIIT_Labels/train/stadium_4/image/0000000208.png    /scratch/ash/IIIT_Labels/train/stadium_4/labels/0000000208.png    /scratch/ash/IIIT_Labels/train/stadium_4/context_full/0000000208.png
/scratch/ash/IIIT_Labels/train/stadium_4/image/0000000217.png    /scratch/ash/IIIT_Labels/train/stadium_4/labels/0000000217.png    /scratch/ash/IIIT_Labels/train/stadium_4/context_full/0000000217.png
/scratch/ash/IIIT_Labels/train/stadium_4/image/0000000097.png    /scratch/ash/IIIT_Labels/train/stadium_4/labels/0000000097.png    /scratch/ash/IIIT_Labels/train/stadium_4/context_full/0000000097.png
/scratch/ash/IIIT_Labels/train/stadium_4/image/0000000212.png    /scratch/ash/IIIT_Labels/train/stadium_4/labels/0000000212.png    /scratch/ash/IIIT_Labels/train/stadium_4/context_full/0000000212.png
/scratch/ash/IIIT_Labels/train/stadium_4/image/0000000165.png    /scratch/ash/IIIT_Labels/train/stadium_4/labels/0000000165.png    /scratch/ash/IIIT_Labels/train/stadium_4/context_full/0000000165.png
/scratch/ash/IIIT_Labels/train/stadium_4/image/0000000063.png    /scratch/ash/IIIT_Labels/train/stadium_4/labels/0000000063.png    /scratch/ash/IIIT_Labels/train/stadium_4/context_full/0000000063.png
/scratch/ash/IIIT_Labels/train/stadium_4/image/0000000099.png    /scratch/ash/IIIT_Labels/train/stadium_4/labels/0000000099.png    /scratch/ash/IIIT_Labels/train/stadium_4/context_full/0000000099.png
/scratch/ash/IIIT_Labels/train/stadium_4/image/0000000078.png    /scratch/ash/IIIT_Labels/train/stadium_4/labels/0000000078.png    /scratch/ash/IIIT_Labels/train/stadium_4/context_full/0000000078.png
/scratch/ash/IIIT_Labels/train/stadium_4/image/0000000135.png    /scratch/ash/IIIT_Labels/train/stadium_4/labels/0000000135.png    /scratch/ash/IIIT_Labels/train/stadium_4/context_full/0000000135.png
/scratch/ash/IIIT_Labels/train/stadium_4/image/0000000196.png    /scratch/ash/IIIT_Labels/train/stadium_4/labels/0000000196.png    /scratch/ash/IIIT_Labels/train/stadium_4/context_full/0000000196.png
/scratch/ash/IIIT_Labels/train/stadium_4/image/0000000082.png    /scratch/ash/IIIT_Labels/train/stadium_4/labels/0000000082.png    /scratch/ash/IIIT_Labels/train/stadium_4/context_full/0000000082.png
/scratch/ash/IIIT_Labels/train/stadium_4/image/0000000184.png    /scratch/ash/IIIT_Labels/train/stadium_4/labels/0000000184.png    /scratch/ash/IIIT_Labels/train/stadium_4/context_full/0000000184.png
/scratch/ash/IIIT_Labels/train/stadium_4/image/0000000125.png    /scratch/ash/IIIT_Labels/train/stadium_4/labels/0000000125.png    /scratch/ash/IIIT_Labels/train/stadium_4/context_full/0000000125.png
/scratch/ash/IIIT_Labels/train/stadium_4/image/0000000106.png    /scratch/ash/IIIT_Labels/train/stadium_4/labels/0000000106.png    /scratch/ash/IIIT_Labels/train/stadium_4/context_full/0000000106.png
/scratch/ash/IIIT_Labels/train/stadium_4/image/0000000213.png    /scratch/ash/IIIT_Labels/train/stadium_4/labels/0000000213.png    /scratch/ash/IIIT_Labels/train/stadium_4/context_full/0000000213.png
/scratch/ash/IIIT_Labels/train/stadium_4/image/0000000124.png    /scratch/ash/IIIT_Labels/train/stadium_4/labels/0000000124.png    /scratch/ash/IIIT_Labels/train/stadium_4/context_full/0000000124.png
/scratch/ash/IIIT_Labels/train/stadium_4/image/0000000180.png    /scratch/ash/IIIT_Labels/train/stadium_4/labels/0000000180.png    /scratch/ash/IIIT_Labels/train/stadium_4/context_full/0000000180.png
/scratch/ash/IIIT_Labels/train/stadium_4/image/0000000131.png    /scratch/ash/IIIT_Labels/train/stadium_4/labels/0000000131.png    /scratch/ash/IIIT_Labels/train/stadium_4/context_full/0000000131.png
/scratch/ash/IIIT_Labels/train/seq_6/image/0000000266.png    /scratch/ash/IIIT_Labels/train/seq_6/labels/0000000266.png    /scratch/ash/IIIT_Labels/train/seq_6/context_full/0000000266.png
/scratch/ash/IIIT_Labels/train/seq_6/image/0000000217.png    /scratch/ash/IIIT_Labels/train/seq_6/labels/0000000217.png    /scratch/ash/IIIT_Labels/train/seq_6/context_full/0000000217.png
/scratch/ash/IIIT_Labels/train/seq_6/image/0000000097.png    /scratch/ash/IIIT_Labels/train/seq_6/labels/0000000097.png    /scratch/ash/IIIT_Labels/train/seq_6/context_full/0000000097.png
/scratch/ash/IIIT_Labels/train/seq_6/image/0000000170.png    /scratch/ash/IIIT_Labels/train/seq_6/labels/0000000170.png    /scratch/ash/IIIT_Labels/train/seq_6/context_full/0000000170.png
/scratch/ash/IIIT_Labels/train/seq_6/image/0000000292.png    /scratch/ash/IIIT_Labels/train/seq_6/labels/0000000292.png    /scratch/ash/IIIT_Labels/train/seq_6/context_full/0000000292.png
/scratch/ash/IIIT_Labels/train/seq_6/image/0000000165.png    /scratch/ash/IIIT_Labels/train/seq_6/labels/0000000165.png    /scratch/ash/IIIT_Labels/train/seq_6/context_full/0000000165.png
/scratch/ash/IIIT_Labels/train/seq_6/image/0000000320.png    /scratch/ash/IIIT_Labels/train/seq_6/labels/0000000320.png    /scratch/ash/IIIT_Labels/train/seq_6/context_full/0000000320.png
/scratch/ash/IIIT_Labels/train/seq_6/image/0000000265.png    /scratch/ash/IIIT_Labels/train/seq_6/labels/0000000265.png    /scratch/ash/IIIT_Labels/train/seq_6/context_full/0000000265.png
/scratch/ash/IIIT_Labels/train/seq_6/image/0000000038.png    /scratch/ash/IIIT_Labels/train/seq_6/labels/0000000038.png    /scratch/ash/IIIT_Labels/train/seq_6/context_full/0000000038.png
/scratch/ash/IIIT_Labels/train/seq_6/image/0000000315.png    /scratch/ash/IIIT_Labels/train/seq_6/labels/0000000315.png    /scratch/ash/IIIT_Labels/train/seq_6/context_full/0000000315.png
/scratch/ash/IIIT_Labels/train/seq_6/image/0000000329.png    /scratch/ash/IIIT_Labels/train/seq_6/labels/0000000329.png    /scratch/ash/IIIT_Labels/train/seq_6/context_full/0000000329.png
/scratch/ash/IIIT_Labels/train/seq_6/image/0000000327.png    /scratch/ash/IIIT_Labels/train/seq_6/labels/0000000327.png    /scratch/ash/IIIT_Labels/train/seq_6/context_full/0000000327.png
/scratch/ash/IIIT_Labels/train/seq_6/image/0000000248.png    /scratch/ash/IIIT_Labels/train/seq_6/labels/0000000248.png    /scratch/ash/IIIT_Labels/train/seq_6/context_full/0000000248.png
/scratch/ash/IIIT_Labels/train/seq_6/image/0000000099.png    /scratch/ash/IIIT_Labels/train/seq_6/labels/0000000099.png    /scratch/ash/IIIT_Labels/train/seq_6/context_full/0000000099.png
/scratch/ash/IIIT_Labels/train/seq_6/image/0000000025.png    /scratch/ash/IIIT_Labels/train/seq_6/labels/0000000025.png    /scratch/ash/IIIT_Labels/train/seq_6/context_full/0000000025.png
/scratch/ash/IIIT_Labels/train/seq_6/image/0000000004.png    /scratch/ash/IIIT_Labels/train/seq_6/labels/0000000004.png    /scratch/ash/IIIT_Labels/train/seq_6/context_full/0000000004.png
/scratch/ash/IIIT_Labels/train/seq_6/image/0000000135.png    /scratch/ash/IIIT_Labels/train/seq_6/labels/0000000135.png    /scratch/ash/IIIT_Labels/train/seq_6/context_full/0000000135.png
/scratch/ash/IIIT_Labels/train/seq_6/image/0000000196.png    /scratch/ash/IIIT_Labels/train/seq_6/labels/0000000196.png    /scratch/ash/IIIT_Labels/train/seq_6/context_full/0000000196.png
/scratch/ash/IIIT_Labels/train/seq_6/image/0000000297.png    /scratch/ash/IIIT_Labels/train/seq_6/labels/0000000297.png    /scratch/ash/IIIT_Labels/train/seq_6/context_full/0000000297.png
/scratch/ash/IIIT_Labels/train/seq_6/image/0000000082.png    /scratch/ash/IIIT_Labels/train/seq_6/labels/0000000082.png    /scratch/ash/IIIT_Labels/train/seq_6/context_full/0000000082.png
/scratch/ash/IIIT_Labels/train/seq_1/image/0000000462.png    /scratch/ash/IIIT_Labels/train/seq_1/labels/0000000462.png    /scratch/ash/IIIT_Labels/train/seq_1/context_full/0000000462.png
/scratch/ash/IIIT_Labels/train/seq_1/image/0000000285.png    /scratch/ash/IIIT_Labels/train/seq_1/labels/0000000285.png    /scratch/ash/IIIT_Labels/train/seq_1/context_full/0000000285.png
/scratch/ash/IIIT_Labels/train/seq_1/image/0000000265.png    /scratch/ash/IIIT_Labels/train/seq_1/labels/0000000265.png    /scratch/ash/IIIT_Labels/train/seq_1/context_full/0000000265.png
/scratch/ash/IIIT_Labels/train/seq_1/image/0000000295.png    /scratch/ash/IIIT_Labels/train/seq_1/labels/0000000295.png    /scratch/ash/IIIT_Labels/train/seq_1/context_full/0000000295.png
/scratch/ash/IIIT_Labels/train/seq_1/image/0000000438.png    /scratch/ash/IIIT_Labels/train/seq_1/labels/0000000438.png    /scratch/ash/IIIT_Labels/train/seq_1/context_full/0000000438.png
/scratch/ash/IIIT_Labels/train/seq_1/image/0000000508.png    /scratch/ash/IIIT_Labels/train/seq_1/labels/0000000508.png    /scratch/ash/IIIT_Labels/train/seq_1/context_full/0000000508.png
/scratch/ash/IIIT_Labels/train/seq_1/image/0000000315.png    /scratch/ash/IIIT_Labels/train/seq_1/labels/0000000315.png    /scratch/ash/IIIT_Labels/train/seq_1/context_full/0000000315.png
/scratch/ash/IIIT_Labels/train/seq_1/image/0000000484.png    /scratch/ash/IIIT_Labels/train/seq_1/labels/0000000484.png    /scratch/ash/IIIT_Labels/train/seq_1/context_full/0000000484.png
/scratch/ash/IIIT_Labels/train/seq_1/image/0000000283.png    /scratch/ash/IIIT_Labels/train/seq_1/labels/0000000283.png    /scratch/ash/IIIT_Labels/train/seq_1/context_full/0000000283.png
/scratch/ash/IIIT_Labels/train/seq_1/image/0000000329.png    /scratch/ash/IIIT_Labels/train/seq_1/labels/0000000329.png    /scratch/ash/IIIT_Labels/train/seq_1/context_full/0000000329.png
/scratch/ash/IIIT_Labels/train/seq_1/image/0000000327.png    /scratch/ash/IIIT_Labels/train/seq_1/labels/0000000327.png    /scratch/ash/IIIT_Labels/train/seq_1/context_full/0000000327.png
/scratch/ash/IIIT_Labels/train/seq_1/image/0000000544.png    /scratch/ash/IIIT_Labels/train/seq_1/labels/0000000544.png    /scratch/ash/IIIT_Labels/train/seq_1/context_full/0000000544.png
/scratch/ash/IIIT_Labels/train/seq_1/image/0000000578.png    /scratch/ash/IIIT_Labels/train/seq_1/labels/0000000578.png    /scratch/ash/IIIT_Labels/train/seq_1/context_full/0000000578.png
/scratch/ash/IIIT_Labels/train/seq_1/image/0000000297.png    /scratch/ash/IIIT_Labels/train/seq_1/labels/0000000297.png    /scratch/ash/IIIT_Labels/train/seq_1/context_full/0000000297.png
/scratch/ash/IIIT_Labels/train/seq_1/image/0000000448.png    /scratch/ash/IIIT_Labels/train/seq_1/labels/0000000448.png    /scratch/ash/IIIT_Labels/train/seq_1/context_full/0000000448.png
/scratch/ash/IIIT_Labels/train/seq_1/image/0000000354.png    /scratch/ash/IIIT_Labels/train/seq_1/labels/0000000354.png    /scratch/ash/IIIT_Labels/train/seq_1/context_full/0000000354.png
/scratch/ash/IIIT_Labels/train/seq_1/image/0000000566.png    /scratch/ash/IIIT_Labels/train/seq_1/labels/0000000566.png    /scratch/ash/IIIT_Labels/train/seq_1/context_full/0000000566.png
/scratch/ash/IIIT_Labels/train/seq_1/image/0000000490.png    /scratch/ash/IIIT_Labels/train/seq_1/labels/0000000490.png    /scratch/ash/IIIT_Labels/train/seq_1/context_full/0000000490.png
/scratch/ash/IIIT_Labels/train/seq_1/image/0000000303.png    /scratch/ash/IIIT_Labels/train/seq_1/labels/0000000303.png    /scratch/ash/IIIT_Labels/train/seq_1/context_full/0000000303.png
/scratch/ash/IIIT_Labels/train/seq_1/image/0000000560.png    /scratch/ash/IIIT_Labels/train/seq_1/labels/0000000560.png    /scratch/ash/IIIT_Labels/train/seq_1/context_full/0000000560.png
/scratch/ash/IIIT_Labels/train/seq_5/image/0000000266.png    /scratch/ash/IIIT_Labels/train/seq_5/labels/0000000266.png    /scratch/ash/IIIT_Labels/train/seq_5/context_full/0000000266.png
/scratch/ash/IIIT_Labels/train/seq_5/image/0000000114.png    /scratch/ash/IIIT_Labels/train/seq_5/labels/0000000114.png    /scratch/ash/IIIT_Labels/train/seq_5/context_full/0000000114.png
/scratch/ash/IIIT_Labels/train/seq_5/image/0000000171.png    /scratch/ash/IIIT_Labels/train/seq_5/labels/0000000171.png    /scratch/ash/IIIT_Labels/train/seq_5/context_full/0000000171.png
/scratch/ash/IIIT_Labels/train/seq_5/image/0000000217.png    /scratch/ash/IIIT_Labels/train/seq_5/labels/0000000217.png    /scratch/ash/IIIT_Labels/train/seq_5/context_full/0000000217.png
/scratch/ash/IIIT_Labels/train/seq_5/image/0000000097.png    /scratch/ash/IIIT_Labels/train/seq_5/labels/0000000097.png    /scratch/ash/IIIT_Labels/train/seq_5/context_full/0000000097.png
/scratch/ash/IIIT_Labels/train/seq_5/image/0000000170.png    /scratch/ash/IIIT_Labels/train/seq_5/labels/0000000170.png    /scratch/ash/IIIT_Labels/train/seq_5/context_full/0000000170.png
/scratch/ash/IIIT_Labels/train/seq_5/image/0000000292.png    /scratch/ash/IIIT_Labels/train/seq_5/labels/0000000292.png    /scratch/ash/IIIT_Labels/train/seq_5/context_full/0000000292.png
/scratch/ash/IIIT_Labels/train/seq_5/image/0000000165.png    /scratch/ash/IIIT_Labels/train/seq_5/labels/0000000165.png    /scratch/ash/IIIT_Labels/train/seq_5/context_full/0000000165.png
/scratch/ash/IIIT_Labels/train/seq_5/image/0000000320.png    /scratch/ash/IIIT_Labels/train/seq_5/labels/0000000320.png    /scratch/ash/IIIT_Labels/train/seq_5/context_full/0000000320.png
/scratch/ash/IIIT_Labels/train/seq_5/image/0000000265.png    /scratch/ash/IIIT_Labels/train/seq_5/labels/0000000265.png    /scratch/ash/IIIT_Labels/train/seq_5/context_full/0000000265.png
/scratch/ash/IIIT_Labels/train/seq_5/image/0000000295.png    /scratch/ash/IIIT_Labels/train/seq_5/labels/0000000295.png    /scratch/ash/IIIT_Labels/train/seq_5/context_full/0000000295.png
/scratch/ash/IIIT_Labels/train/seq_5/image/0000000149.png    /scratch/ash/IIIT_Labels/train/seq_5/labels/0000000149.png    /scratch/ash/IIIT_Labels/train/seq_5/context_full/0000000149.png
/scratch/ash/IIIT_Labels/train/seq_5/image/0000000315.png    /scratch/ash/IIIT_Labels/train/seq_5/labels/0000000315.png    /scratch/ash/IIIT_Labels/train/seq_5/context_full/0000000315.png
/scratch/ash/IIIT_Labels/train/seq_5/image/0000000316.png    /scratch/ash/IIIT_Labels/train/seq_5/labels/0000000316.png    /scratch/ash/IIIT_Labels/train/seq_5/context_full/0000000316.png
/scratch/ash/IIIT_Labels/train/seq_5/image/0000000283.png    /scratch/ash/IIIT_Labels/train/seq_5/labels/0000000283.png    /scratch/ash/IIIT_Labels/train/seq_5/context_full/0000000283.png
/scratch/ash/IIIT_Labels/train/seq_5/image/0000000329.png    /scratch/ash/IIIT_Labels/train/seq_5/labels/0000000329.png    /scratch/ash/IIIT_Labels/train/seq_5/context_full/0000000329.png
/scratch/ash/IIIT_Labels/train/seq_5/image/0000000327.png    /scratch/ash/IIIT_Labels/train/seq_5/labels/0000000327.png    /scratch/ash/IIIT_Labels/train/seq_5/context_full/0000000327.png
/scratch/ash/IIIT_Labels/train/seq_5/image/0000000099.png    /scratch/ash/IIIT_Labels/train/seq_5/labels/0000000099.png    /scratch/ash/IIIT_Labels/train/seq_5/context_full/0000000099.png
/scratch/ash/IIIT_Labels/train/seq_5/image/0000000135.png    /scratch/ash/IIIT_Labels/train/seq_5/labels/0000000135.png    /scratch/ash/IIIT_Labels/train/seq_5/context_full/0000000135.png
/scratch/ash/IIIT_Labels/train/seq_5/image/0000000196.png    /scratch/ash/IIIT_Labels/train/seq_5/labels/0000000196.png    /scratch/ash/IIIT_Labels/train/seq_5/context_full/0000000196.png
