/scratch/ash/IIIT_Labels/val/seq_3/image/0000000266.png    /scratch/ash/IIIT_Labels/val/seq_3/labels/0000000266.png    /scratch/ash/IIIT_Labels/val/seq_3/context_full/0000000266.png
/scratch/ash/IIIT_Labels/val/seq_3/image/0000000208.png    /scratch/ash/IIIT_Labels/val/seq_3/labels/0000000208.png    /scratch/ash/IIIT_Labels/val/seq_3/context_full/0000000208.png
/scratch/ash/IIIT_Labels/val/seq_3/image/0000000097.png    /scratch/ash/IIIT_Labels/val/seq_3/labels/0000000097.png    /scratch/ash/IIIT_Labels/val/seq_3/context_full/0000000097.png
/scratch/ash/IIIT_Labels/val/seq_3/image/0000000212.png    /scratch/ash/IIIT_Labels/val/seq_3/labels/0000000212.png    /scratch/ash/IIIT_Labels/val/seq_3/context_full/0000000212.png
/scratch/ash/IIIT_Labels/val/seq_3/image/0000000165.png    /scratch/ash/IIIT_Labels/val/seq_3/labels/0000000165.png    /scratch/ash/IIIT_Labels/val/seq_3/context_full/0000000165.png
/scratch/ash/IIIT_Labels/val/seq_3/image/0000000285.png    /scratch/ash/IIIT_Labels/val/seq_3/labels/0000000285.png    /scratch/ash/IIIT_Labels/val/seq_3/context_full/0000000285.png
/scratch/ash/IIIT_Labels/val/seq_3/image/0000000265.png    /scratch/ash/IIIT_Labels/val/seq_3/labels/0000000265.png    /scratch/ash/IIIT_Labels/val/seq_3/context_full/0000000265.png
/scratch/ash/IIIT_Labels/val/seq_3/image/0000000503.png    /scratch/ash/IIIT_Labels/val/seq_3/labels/0000000503.png    /scratch/ash/IIIT_Labels/val/seq_3/context_full/0000000503.png
/scratch/ash/IIIT_Labels/val/seq_3/image/0000000295.png    /scratch/ash/IIIT_Labels/val/seq_3/labels/0000000295.png    /scratch/ash/IIIT_Labels/val/seq_3/context_full/0000000295.png
/scratch/ash/IIIT_Labels/val/seq_3/image/0000000308.png    /scratch/ash/IIIT_Labels/val/seq_3/labels/0000000308.png    /scratch/ash/IIIT_Labels/val/seq_3/context_full/0000000308.png
/scratch/ash/IIIT_Labels/val/seq_3/image/0000000283.png    /scratch/ash/IIIT_Labels/val/seq_3/labels/0000000283.png    /scratch/ash/IIIT_Labels/val/seq_3/context_full/0000000283.png
/scratch/ash/IIIT_Labels/val/seq_3/image/0000000244.png    /scratch/ash/IIIT_Labels/val/seq_3/labels/0000000244.png    /scratch/ash/IIIT_Labels/val/seq_3/context_full/0000000244.png
/scratch/ash/IIIT_Labels/val/seq_3/image/0000000329.png    /scratch/ash/IIIT_Labels/val/seq_3/labels/0000000329.png    /scratch/ash/IIIT_Labels/val/seq_3/context_full/0000000329.png
/scratch/ash/IIIT_Labels/val/seq_3/image/0000000248.png    /scratch/ash/IIIT_Labels/val/seq_3/labels/0000000248.png    /scratch/ash/IIIT_Labels/val/seq_3/context_full/0000000248.png
/scratch/ash/IIIT_Labels/val/seq_3/image/0000000078.png    /scratch/ash/IIIT_Labels/val/seq_3/labels/0000000078.png    /scratch/ash/IIIT_Labels/val/seq_3/context_full/0000000078.png
/scratch/ash/IIIT_Labels/val/seq_3/image/0000000297.png    /scratch/ash/IIIT_Labels/val/seq_3/labels/0000000297.png    /scratch/ash/IIIT_Labels/val/seq_3/context_full/0000000297.png
/scratch/ash/IIIT_Labels/val/seq_3/image/0000000336.png    /scratch/ash/IIIT_Labels/val/seq_3/labels/0000000336.png    /scratch/ash/IIIT_Labels/val/seq_3/context_full/0000000336.png
/scratch/ash/IIIT_Labels/val/seq_3/image/0000000354.png    /scratch/ash/IIIT_Labels/val/seq_3/labels/0000000354.png    /scratch/ash/IIIT_Labels/val/seq_3/context_full/0000000354.png
/scratch/ash/IIIT_Labels/val/seq_3/image/0000000303.png    /scratch/ash/IIIT_Labels/val/seq_3/labels/0000000303.png    /scratch/ash/IIIT_Labels/val/seq_3/context_full/0000000303.png
/scratch/ash/IIIT_Labels/val/seq_3/image/0000000082.png    /scratch/ash/IIIT_Labels/val/seq_3/labels/0000000082.png    /scratch/ash/IIIT_Labels/val/seq_3/context_full/0000000082.png
/scratch/ash/IIIT_Labels/val/seq_4/image/0000000178.png    /scratch/ash/IIIT_Labels/val/seq_4/labels/0000000178.png    /scratch/ash/IIIT_Labels/val/seq_4/context_full/0000000178.png
/scratch/ash/IIIT_Labels/val/seq_4/image/0000000171.png    /scratch/ash/IIIT_Labels/val/seq_4/labels/0000000171.png    /scratch/ash/IIIT_Labels/val/seq_4/context_full/0000000171.png
/scratch/ash/IIIT_Labels/val/seq_4/image/0000000048.png    /scratch/ash/IIIT_Labels/val/seq_4/labels/0000000048.png    /scratch/ash/IIIT_Labels/val/seq_4/context_full/0000000048.png
/scratch/ash/IIIT_Labels/val/seq_4/image/0000000170.png    /scratch/ash/IIIT_Labels/val/seq_4/labels/0000000170.png    /scratch/ash/IIIT_Labels/val/seq_4/context_full/0000000170.png
/scratch/ash/IIIT_Labels/val/seq_4/image/0000000165.png    /scratch/ash/IIIT_Labels/val/seq_4/labels/0000000165.png    /scratch/ash/IIIT_Labels/val/seq_4/context_full/0000000165.png
/scratch/ash/IIIT_Labels/val/seq_4/image/0000000149.png    /scratch/ash/IIIT_Labels/val/seq_4/labels/0000000149.png    /scratch/ash/IIIT_Labels/val/seq_4/context_full/0000000149.png
/scratch/ash/IIIT_Labels/val/seq_4/image/0000000038.png    /scratch/ash/IIIT_Labels/val/seq_4/labels/0000000038.png    /scratch/ash/IIIT_Labels/val/seq_4/context_full/0000000038.png
/scratch/ash/IIIT_Labels/val/seq_4/image/0000000039.png    /scratch/ash/IIIT_Labels/val/seq_4/labels/0000000039.png    /scratch/ash/IIIT_Labels/val/seq_4/context_full/0000000039.png
/scratch/ash/IIIT_Labels/val/seq_4/image/0000000015.png    /scratch/ash/IIIT_Labels/val/seq_4/labels/0000000015.png    /scratch/ash/IIIT_Labels/val/seq_4/context_full/0000000015.png
/scratch/ash/IIIT_Labels/val/seq_4/image/0000000017.png    /scratch/ash/IIIT_Labels/val/seq_4/labels/0000000017.png    /scratch/ash/IIIT_Labels/val/seq_4/context_full/0000000017.png
/scratch/ash/IIIT_Labels/val/seq_4/image/0000000004.png    /scratch/ash/IIIT_Labels/val/seq_4/labels/0000000004.png    /scratch/ash/IIIT_Labels/val/seq_4/context_full/0000000004.png
/scratch/ash/IIIT_Labels/val/seq_4/image/0000000135.png    /scratch/ash/IIIT_Labels/val/seq_4/labels/0000000135.png    /scratch/ash/IIIT_Labels/val/seq_4/context_full/0000000135.png
/scratch/ash/IIIT_Labels/val/seq_4/image/0000000082.png    /scratch/ash/IIIT_Labels/val/seq_4/labels/0000000082.png    /scratch/ash/IIIT_Labels/val/seq_4/context_full/0000000082.png
/scratch/ash/IIIT_Labels/val/seq_4/image/0000000184.png    /scratch/ash/IIIT_Labels/val/seq_4/labels/0000000184.png    /scratch/ash/IIIT_Labels/val/seq_4/context_full/0000000184.png
/scratch/ash/IIIT_Labels/val/seq_4/image/0000000106.png    /scratch/ash/IIIT_Labels/val/seq_4/labels/0000000106.png    /scratch/ash/IIIT_Labels/val/seq_4/context_full/0000000106.png
/scratch/ash/IIIT_Labels/val/seq_4/image/0000000124.png    /scratch/ash/IIIT_Labels/val/seq_4/labels/0000000124.png    /scratch/ash/IIIT_Labels/val/seq_4/context_full/0000000124.png
/scratch/ash/IIIT_Labels/val/seq_4/image/0000000180.png    /scratch/ash/IIIT_Labels/val/seq_4/labels/0000000180.png    /scratch/ash/IIIT_Labels/val/seq_4/context_full/0000000180.png
/scratch/ash/IIIT_Labels/val/seq_4/image/0000000131.png    /scratch/ash/IIIT_Labels/val/seq_4/labels/0000000131.png    /scratch/ash/IIIT_Labels/val/seq_4/context_full/0000000131.png
/scratch/ash/IIIT_Labels/val/seq_4/image/0000000098.png    /scratch/ash/IIIT_Labels/val/seq_4/labels/0000000098.png    /scratch/ash/IIIT_Labels/val/seq_4/context_full/0000000098.png
/scratch/ash/IIIT_Labels/val/seq_4/image/0000000162.png    /scratch/ash/IIIT_Labels/val/seq_4/labels/0000000162.png    /scratch/ash/IIIT_Labels/val/seq_4/context_full/0000000162.png
/scratch/ash/IIIT_Labels/val/vindhya_1/image/0000000265.png    /scratch/ash/IIIT_Labels/val/vindhya_1/labels/0000000265.png    /scratch/ash/IIIT_Labels/val/vindhya_1/context_full/0000000265.png
/scratch/ash/IIIT_Labels/val/vindhya_1/image/0000000421.png    /scratch/ash/IIIT_Labels/val/vindhya_1/labels/0000000421.png    /scratch/ash/IIIT_Labels/val/vindhya_1/context_full/0000000421.png
/scratch/ash/IIIT_Labels/val/vindhya_1/image/0000000465.png    /scratch/ash/IIIT_Labels/val/vindhya_1/labels/0000000465.png    /scratch/ash/IIIT_Labels/val/vindhya_1/context_full/0000000465.png
/scratch/ash/IIIT_Labels/val/vindhya_1/image/0000000329.png    /scratch/ash/IIIT_Labels/val/vindhya_1/labels/0000000329.png    /scratch/ash/IIIT_Labels/val/vindhya_1/context_full/0000000329.png
/scratch/ash/IIIT_Labels/val/vindhya_1/image/0000000297.png    /scratch/ash/IIIT_Labels/val/vindhya_1/labels/0000000297.png    /scratch/ash/IIIT_Labels/val/vindhya_1/context_full/0000000297.png
/scratch/ash/IIIT_Labels/val/vindhya_1/image/0000000453.png    /scratch/ash/IIIT_Labels/val/vindhya_1/labels/0000000453.png    /scratch/ash/IIIT_Labels/val/vindhya_1/context_full/0000000453.png
/scratch/ash/IIIT_Labels/val/vindhya_1/image/0000000369.png    /scratch/ash/IIIT_Labels/val/vindhya_1/labels/0000000369.png    /scratch/ash/IIIT_Labels/val/vindhya_1/context_full/0000000369.png
/scratch/ash/IIIT_Labels/val/vindhya_1/image/0000000441.png    /scratch/ash/IIIT_Labels/val/vindhya_1/labels/0000000441.png    /scratch/ash/IIIT_Labels/val/vindhya_1/context_full/0000000441.png
/scratch/ash/IIIT_Labels/val/vindhya_1/image/0000000361.png    /scratch/ash/IIIT_Labels/val/vindhya_1/labels/0000000361.png    /scratch/ash/IIIT_Labels/val/vindhya_1/context_full/0000000361.png
/scratch/ash/IIIT_Labels/val/vindhya_1/image/0000000449.png    /scratch/ash/IIIT_Labels/val/vindhya_1/labels/0000000449.png    /scratch/ash/IIIT_Labels/val/vindhya_1/context_full/0000000449.png
/scratch/ash/IIIT_Labels/val/vindhya_1/image/0000000321.png    /scratch/ash/IIIT_Labels/val/vindhya_1/labels/0000000321.png    /scratch/ash/IIIT_Labels/val/vindhya_1/context_full/0000000321.png
/scratch/ash/IIIT_Labels/val/vindhya_1/image/0000000385.png    /scratch/ash/IIIT_Labels/val/vindhya_1/labels/0000000385.png    /scratch/ash/IIIT_Labels/val/vindhya_1/context_full/0000000385.png
/scratch/ash/IIIT_Labels/val/vindhya_1/image/0000000425.png    /scratch/ash/IIIT_Labels/val/vindhya_1/labels/0000000425.png    /scratch/ash/IIIT_Labels/val/vindhya_1/context_full/0000000425.png
/scratch/ash/IIIT_Labels/val/vindhya_1/image/0000000405.png    /scratch/ash/IIIT_Labels/val/vindhya_1/labels/0000000405.png    /scratch/ash/IIIT_Labels/val/vindhya_1/context_full/0000000405.png
/scratch/ash/IIIT_Labels/val/vindhya_1/image/0000000313.png    /scratch/ash/IIIT_Labels/val/vindhya_1/labels/0000000313.png    /scratch/ash/IIIT_Labels/val/vindhya_1/context_full/0000000313.png
/scratch/ash/IIIT_Labels/val/vindhya_1/image/0000000475.png    /scratch/ash/IIIT_Labels/val/vindhya_1/labels/0000000475.png    /scratch/ash/IIIT_Labels/val/vindhya_1/context_full/0000000475.png
/scratch/ash/IIIT_Labels/val/vindhya_1/image/0000000273.png    /scratch/ash/IIIT_Labels/val/vindhya_1/labels/0000000273.png    /scratch/ash/IIIT_Labels/val/vindhya_1/context_full/0000000273.png
/scratch/ash/IIIT_Labels/val/vindhya_1/image/0000000445.png    /scratch/ash/IIIT_Labels/val/vindhya_1/labels/0000000445.png    /scratch/ash/IIIT_Labels/val/vindhya_1/context_full/0000000445.png
/scratch/ash/IIIT_Labels/val/vindhya_1/image/0000000353.png    /scratch/ash/IIIT_Labels/val/vindhya_1/labels/0000000353.png    /scratch/ash/IIIT_Labels/val/vindhya_1/context_full/0000000353.png
/scratch/ash/IIIT_Labels/val/vindhya_1/image/0000000393.png    /scratch/ash/IIIT_Labels/val/vindhya_1/labels/0000000393.png    /scratch/ash/IIIT_Labels/val/vindhya_1/context_full/0000000393.png
/scratch/ash/IIIT_Labels/val/stadium_1/image/0000000266.png    /scratch/ash/IIIT_Labels/val/stadium_1/labels/0000000266.png    /scratch/ash/IIIT_Labels/val/stadium_1/context_full/0000000266.png
/scratch/ash/IIIT_Labels/val/stadium_1/image/0000000292.png    /scratch/ash/IIIT_Labels/val/stadium_1/labels/0000000292.png    /scratch/ash/IIIT_Labels/val/stadium_1/context_full/0000000292.png
/scratch/ash/IIIT_Labels/val/stadium_1/image/0000000320.png    /scratch/ash/IIIT_Labels/val/stadium_1/labels/0000000320.png    /scratch/ash/IIIT_Labels/val/stadium_1/context_full/0000000320.png
/scratch/ash/IIIT_Labels/val/stadium_1/image/0000000285.png    /scratch/ash/IIIT_Labels/val/stadium_1/labels/0000000285.png    /scratch/ash/IIIT_Labels/val/stadium_1/context_full/0000000285.png
/scratch/ash/IIIT_Labels/val/stadium_1/image/0000000265.png    /scratch/ash/IIIT_Labels/val/stadium_1/labels/0000000265.png    /scratch/ash/IIIT_Labels/val/stadium_1/context_full/0000000265.png
/scratch/ash/IIIT_Labels/val/stadium_1/image/0000000295.png    /scratch/ash/IIIT_Labels/val/stadium_1/labels/0000000295.png    /scratch/ash/IIIT_Labels/val/stadium_1/context_full/0000000295.png
/scratch/ash/IIIT_Labels/val/stadium_1/image/0000000315.png    /scratch/ash/IIIT_Labels/val/stadium_1/labels/0000000315.png    /scratch/ash/IIIT_Labels/val/stadium_1/context_full/0000000315.png
/scratch/ash/IIIT_Labels/val/stadium_1/image/0000000316.png    /scratch/ash/IIIT_Labels/val/stadium_1/labels/0000000316.png    /scratch/ash/IIIT_Labels/val/stadium_1/context_full/0000000316.png
/scratch/ash/IIIT_Labels/val/stadium_1/image/0000000308.png    /scratch/ash/IIIT_Labels/val/stadium_1/labels/0000000308.png    /scratch/ash/IIIT_Labels/val/stadium_1/context_full/0000000308.png
/scratch/ash/IIIT_Labels/val/stadium_1/image/0000000283.png    /scratch/ash/IIIT_Labels/val/stadium_1/labels/0000000283.png    /scratch/ash/IIIT_Labels/val/stadium_1/context_full/0000000283.png
/scratch/ash/IIIT_Labels/val/stadium_1/image/0000000248.png    /scratch/ash/IIIT_Labels/val/stadium_1/labels/0000000248.png    /scratch/ash/IIIT_Labels/val/stadium_1/context_full/0000000248.png
/scratch/ash/IIIT_Labels/val/stadium_1/image/0000000297.png    /scratch/ash/IIIT_Labels/val/stadium_1/labels/0000000297.png    /scratch/ash/IIIT_Labels/val/stadium_1/context_full/0000000297.png
/scratch/ash/IIIT_Labels/val/stadium_1/image/0000000336.png    /scratch/ash/IIIT_Labels/val/stadium_1/labels/0000000336.png    /scratch/ash/IIIT_Labels/val/stadium_1/context_full/0000000336.png
/scratch/ash/IIIT_Labels/val/stadium_1/image/0000000354.png    /scratch/ash/IIIT_Labels/val/stadium_1/labels/0000000354.png    /scratch/ash/IIIT_Labels/val/stadium_1/context_full/0000000354.png
/scratch/ash/IIIT_Labels/val/stadium_1/image/0000000303.png    /scratch/ash/IIIT_Labels/val/stadium_1/labels/0000000303.png    /scratch/ash/IIIT_Labels/val/stadium_1/context_full/0000000303.png
/scratch/ash/IIIT_Labels/val/stadium_1/image/0000000240.png    /scratch/ash/IIIT_Labels/val/stadium_1/labels/0000000240.png    /scratch/ash/IIIT_Labels/val/stadium_1/context_full/0000000240.png
/scratch/ash/IIIT_Labels/val/stadium_1/image/0000000338.png    /scratch/ash/IIIT_Labels/val/stadium_1/labels/0000000338.png    /scratch/ash/IIIT_Labels/val/stadium_1/context_full/0000000338.png
/scratch/ash/IIIT_Labels/val/stadium_1/image/0000000369.png    /scratch/ash/IIIT_Labels/val/stadium_1/labels/0000000369.png    /scratch/ash/IIIT_Labels/val/stadium_1/context_full/0000000369.png
/scratch/ash/IIIT_Labels/val/stadium_1/image/0000000314.png    /scratch/ash/IIIT_Labels/val/stadium_1/labels/0000000314.png    /scratch/ash/IIIT_Labels/val/stadium_1/context_full/0000000314.png
/scratch/ash/IIIT_Labels/val/stadium_1/image/0000000342.png    /scratch/ash/IIIT_Labels/val/stadium_1/labels/0000000342.png    /scratch/ash/IIIT_Labels/val/stadium_1/context_full/0000000342.png
